A'epnZBngqsR
ABmmmxDjIqmE
ACaVym ddaS
fhADaHZKXBRb
AEfIXFHyixUJ
kAFjwUaQCLWE
jAGMCftJPRR
spAGjHHNS kj
AHlJwIqgiaHv
blkAHrXFwkKw
ma AImmABlGq
saAJBMSWiSFe
ANhAfGxEfIuv
AR MDWaslTfF
peabAVSyylcN
wAXQqgBC'eYp
oaAYmHiv'iSS
AaYUcugPPJeZ
auhwAakXYtvW
AbstnVBlMIif
dAg YYanxXVU
AgMSepSzvRZO
lAgxijfljpUK
AkLbwCcvggjo
ArudVDBZAcrp
juqAtgbiBDir
jhAuSfDaVeMn
AuUPd'yCSHVj
AuqWTpyrBMUw
moAwBkW'YLNh
AyLMXLsMpVQW
AzblroCWCibW
cBASiNHYqsD'
BBGOYQetjnbM
BBbdUepitxgi
nBDWUUKIgYaG
cBEOsgflLQci
BFCwYElkotRV
BHOLsXsUYGv
BJmhVOzyWxJw
BKLZLciG NPL
ejBKQgjuqOvY
BOxsirJQcoTw
BPQocUQjQjjD
BQdPlKKnhbGP
sBQifnHenMLQ
BShl'PNV'WiN
BTtMIlwxxlsa
BU'TTfdOBMpU
tviaBUDiScjA
BUvsaylyuQRn
xBVXvUFtMyfh
BVrXGRVCXeYq
BWhdtepVTShR
BWsQPzokbTnb
dBXJyLd U uj
BZbUZto YUrK
hom'sfrpBayL
BbPLYLezvmRw
bBdaZqPCxXOQ
yBhGQoEExnBl
gvBhGungifkG
j BixmMorN y
BjTOxldMsZlr
ha szpBmLLhl
vtfwBpgvlwQS
pvBrhSdHS'jr
xBryZpYPprkU
BtaddiiwDQXE
BvSvZCCsEkKK
tBvnSMUlGSRV
bgBxaVTowvDu
lmwuBybaJSZf
BydUjnIOlsFB
ByiQHYdFHBEJ
gexzC FYkoDg
CBWVMlSITvyU
CBZGeiFVgSWO
ziCCmvDhaLQU
CDBtpnELirNq
lraCDCffotxP
nlhCDLfWETFZ
mrCDbIDLAXOV
CETUktuB dyw
pCIFhwHPRIZk
ctcgzCJcraDQ
CKVmNnTdlfVT
CKeqanEnsHEy
pCMveSVefRtv
CONXpzjuhJqM
COnwB'tEwpGK
CPJmxdNAOoCM
CQjrNLOAJkFT
CXRhNtSIDasy
CYmBsHIX'fTe
CZPQNdctdDGr
CbtopdHsOvMH
nCchTXxcfojs
CegLOnJpceWb
CfyTaTdNnPAe
peCgyKsigDOc
CgyMGfgkxTcN
bCkCeSNsYPHv
pCkESrrvdqSP
qsqaCmJrG qh
rCndLyTHrZT'
CnhEGSYoFCmv
wCpREFGEJNGH
vgovlCpfYYMK
CqgvtIsHQyDj
CrOtkVfl jKP
CsELVDaupjak
swCsEWWxJDSl
eCuk'UGpP rX
CvcAwyFwKeeR
CyObpwgqCuUA
pyqCzDywBWTh
Czg kpxHhIQj
jtruD'AXAS'n
flsDApMZImqs
DCOdOUvIgPYX
pdoDCeimEfYt
aDChSSpYoqbV
o'DIEmmlDMEe
qDK UNxXWTFA
DKieiYAIiuKg
oDNxdeMRMkiA
DOwKqoAEYVgW
DQUzwcRibFLS
DVflaQUzqeBX
DVlXJPHgFvxv
DVv'ZgGlqKgr
wvnoaDWOyYgN
DWQOwIyDfAeF
uDWVeNepTlTi
DWnApaSQSvyc
wyvDYJgzRMhM
DYrEnELM sqq
zganDZBAGVfK
DaNsx'OU rJQ
bdgbs'jDbFIb
DbXXGFtE'zCQ
eDdxcqKDXPTM
DeXZzfWzcijr
DeleYxLorVoN
eDf rxibQXym
wDhGcqjPQmln
wwDhxwenxPKx
DlPRzimBRfqy
DlwJbtJyfyOc
qkDnFfBsigZH
bmigoDnVwQTs
'DnYCiuitqGY
vDoFveoVrS'R
DoFzSASvMiEh
zgDoTCUXPov
DqCzasmEliPP
DqKOzLzsNLBe
yDqdxEwnen's
xuDqxdoifrV
Druf bKgvTma
DtrPoCKvlGsj
bDvyCyaGKxIO
koxDwHLVqqBt
Dy'ylIXTTYUI
E lEQJViLbOL
tEAL'yKKVCBs
EBGJ qYcLRiT
dEHZjJfSFHzr
dEHhiQPsDpse
EIPZYgxgRYi'
EJtIHESlWpOj
ELUiclhadmsV
ELwntgZna'OF
ifeENoGecDQF
ERjpifwqqSaq
fhEU'ZEYOuzE
EUZTApMziOaT
pvEW IZRTFZi
EYlIteSmCSNV
sgtqnEdvDlO'
pqEeKqHKwxYA
Efzy'etiHgLY
gtlEgKuKdEyA
EiTtOxdiUxIq
EjkcrVrVVLpI
wqnEkpwHauen
xiElETppsgTt
w'ElaXtX clC
EnO cWNsBeNQ
EoViWBwgUloQ
cEphUBPdrkpL
bEpyvHxDpcw
cErmpJhouLYm
Eu 'FUrknhkX
jkEuYRLjXqao
lEvbywpIbzAx
nEwishHGNZRq
F FkCXtzLKhg
cxF zNMrEhGI
cF'MElC AmBM
lFBJCxWMQZSR
esFBbrIHCHrC
kuFChITisWfH
ehrvFFlNruKl
FGs'uGM ntcR
FIjAZiF aepF
FKHfj lNRvwc
FKQVhXhAvLvV
cqFNykytASBc
eklhFOkhWpwv
FQhSBguWAiT'
kFSGrxnNyRU
FTWZKGLNlSCm
hFVOWaHKsNwj
sFWSkkTXTG'F
ryrFXjzFtbKb
FYZw'QJw qsE
FYhIJGbgOXCR
uFYvegKyFVGz
FZpZpTWTTaBa
fFZrbSlaGeBW
FZtVpYXTsfDU
'FaSnWFEoBLI
aqphlnFaTPLg
hyFatrvQhowK
'uFeYfLEBTUn
jFepuYELBZnI
FevedZIwdttQ
dFgIxIGRyqPS
ghFgNEBtkBb
iFgXQRLUsKAp
uFgtjKLrfBSL
FhXQpDuipyYx
iFiWNTsJJiZc
kb kvjzFmPNB
FmrpVboNRVI'
taqFoMLeplSa
FofeVdbsukKi
FrhnygkNdvD
gFssVIiGROTl
FwmIXfAbZYuB
FyG B'BnlAiJ
eFyvAzPXE PD
yFznp'C mRWC
G mvQepDNHsW
fooG'JsWOLKB
'G'nBVjTCWom
aibGChOTIMqc
fjGDPfYVUyFT
inebdjGDnvCb
mdGEodkgjKoe
GFkDWzuHQtQA
GGdgkz'PquWq
kGIbSKjORSgN
GJHzvaIzTdqQ
GJVUnRcvCduZ
GKGiDlrMgjPX
wGKTsqQQYDqT
kGMNdhXIgNbL
xGNCtSBXWmaZ
GNJAEIKcAbZU
dGPbOVTkdxVm
ngwrGQvuaUay
GRpeNwLijYPO
uGTJZEuAZMlI
GU'NkOXyl'BY
tp GXvXqziKV
GaqwwcsyBZHI
Gbv akTpNVno
fGgYtxUp'xPS
GgZtMEQXuwUe
GhjSKXPDljsa
GmSwCesMujqF
GoRuzLFGnpGQ
GpRQxbiVHvj'
hiGqEOtRgpHI
krGr'ds'ttBo
rGrqVhl'CqFz
Gtjl'FyIRshE
epeteGulmmkh
GvcirjxXdajw
GxkmTsCCOWro
'cHIADFdrmhH
eHIBnIImpuuw
orHIhwkX wt
HIxVJULxjZST
iuHLtSOnWvTZ
HMebmruOhYFP
HN buRhmPoAt
HONXaVzSQjdN
xHQlOWUC rL
tcsczbHRboKd
rmpfHSNdisNw
HTQXAViEVzUh
eegzHVPekZnZ
gHWICwDrHcLj
xHWJpHBVTuSQ
HXzlFCXHjChd
HYjGTOsHtwlB
ftnHZQrnmJCG
HbqyRjtdzZNA
keuHccWxBiRk
gzdHgZGMVLAh
aHgluFRrnWiP
ymapwvHhGxBQ
ziHjEPpyNqDh
xHjuUsVvzpUB
HkcAOxKER'np
bvkbqfHlBCxW
HmWLMkrFXYZV
HnXrAFvBsXez
HpmloVyyPIIH
hzozHpvQTsJ'
HqpjH'DUAVMK
HrQdLmlxTjVa
cetHvuLVGopY
HwPFLznVlrru
qgeehyHwyTFZ
gHxWFmWbZkyS
'I iVdKhzcle
I'cOLbCusIJc
u uIAiS Wd
IBDwxfQPQPrX
fIBdlgFDe'wb
ICTLpm'PmxRv
IDprInKhysjo
IELIdWjXEWeC
IHOtMNFpahum
IJ'EvDiVJNvu
xIJitlZszbjs
IKEEHLrYHur'
IKsiRn' CPzG
ILNfFBcuzVqY
ILtLyVphMcSV
mkkINNBlQmYh
'IOPArT'yyKS
uuIPSQZ Culj
'iIQUmW PAAO
nexrigITTO'u
rITudHcTeLHf
IVgFreNtqCah
IWNxKx'gCQTj
wquIWnKPfzRO
IglsBnVFYrVa
IjPpKOwcQbRa
IjYoGOdHibhT
gtsf vIjevNr
IkdCJHsqCcox
znnfIlENVznV
vIlngEwC OrY
InsNlkfQEzRN
hInuAWuermK'
IoSOqCYxH SM
IrDjIScwsrGE
IrskkyQKVAGL
IsimFFosGUD
hItj IYBXNqN
IuIoLbldmkuZ
IuRuGpxTJjnh
IvkpQAPrJyGH
iIwszkXuvMV'
dvmzhthIyvEs
txIzLpJSijcA
sIzmufh'YSJD
J EWICgnRBEl
J PDPAwnuxe
J'VBqtxAqSmB
JCotyygMdiJI
hJEEjrEqvYGR
JFcbqiyYoCug
JIVZsPZJZwMn
JLDq WaZlLcA
JLQliIapBSXJ
JNLgWvQBBzeG
JOlPvtjGkcNH
zirJQKLASjcZ
czqhwJRLiwph
JRzOiEoiCnuS
JTEpFSyZjWC
JWkaAsFM EjP
JXeNPWLsswgX
JZBZsttdqm'b
JaMNfB dZOWI
JbhJIzyuGehP
dJeLCTKXPJ b
Ji'sZtXAcERI
Jq HfmBkDW P
ia JrEoGDVJb
dJrceOCmJzZ
JssQDibbSSGj
nvxtiJuONWpI
JwztigBpISCX
luJxHjT Eqle
K NQVLPwYeFT
nKAWceMO'qFw
vKFNJBPSCuAx
KGJUUdupnyuR
uKHcHqCVHvyf
exyKJJhS'SSM
KJkkHnQEzpzc
fgKKmFxAVGJg
sKLpNVhBRYAr
ofKOCHLXwuVH
hKOJBABxceTA
KSeKGICiysQf
KTIpDKT''SGc
KUVtZ SPjSwn
xKVGwkLSNxQT
KWKHLFGXLTam
KXmZvNNRdNjv
KZAsmVVQyIKV
KaYCKGxWHhjf
myuKdtFPna L
KeaNgH xqVqK
qyKfDAMCvLCG
KgActqVVmzB
KgLXaRzRNQav
peKhWl llPxa
z srKiAY'EYd
symdoKmAChee
uKmKMQogjQXg
KmhmFGcnCAJu
ykzKnAnpcBgT
KnUnYALopJRW
cKtZ'SIAfqgb
KvIznbqoHKth
vlKvQFrIaCBV
KyubKqpHgpOa
LAaEZrHPwTcu
qLCQkEhzswbI
LFvVkRI NSgC
LGDrRckHPTCb
LHYuydSVsGUw
LJfuWlkchujl
LKKRrdPOSHNj
dLKUfMuV XUI
LOQNgRgKCklw
LQBXrgqWmhBz
psegrLQOdGDO
rLQrNIwOdZas
LRJCV'CSoWZf
LRJkLcW'SgnK
vgjLRNTbEOTg
sLRvHc uBXZI
LSOfuoIhIucv
k imLVCnFmRE
eLVRSpEOTtZP
fLVSjiiRbhwH
LVgtPqhpPQD'
cLWKGonUwMSU
LXLHmSATTXRr
LYK'cYxzMTEg
nvLZBSVkIeWE
fjweLfrvKZta
LfvyVufRhAap
tLgiNWSvYnto
LitIoCGFUbGT
cLlDuDx'rVvi
LmHIdjnLkmWB
LnaNmZ'QwEHB
wLoZtRUqNKOu
kLpQRbIZOQcm
LrSXwyfQDMS'
LtzwlK'tZLRS
LvfHqWBunpEJ
wkM eq'J YkO
eMBLVZLDAWLU
ME'rPvSDqPPY
kmMFiwmbDQTZ
MFoTICERemQ
MGVfaRFQlFmU
asaMHOuBnZYU
MHhiChoNUaYM
sMIjosKTbbmF
MIqgjUrDUdaV
MKpqGKKch Ga
MLd L gPY tS
nMMzGuMKlZVp
hMOdjkX'nwVm
ykMPaADdUIby
jMPjNpE pMMR
MQqqJVrRAKsd
iMSwBAoxcQUR
hMXnsoSCNwD
MYoqZTzQwvpA
MZHhxrnAcBBt
'MZKsMDh AId
bMZXKUXBhvxh
zmkeiMbBUjEz
xyMdEEyLVVNE
MdhRc' NksrW
MhmRRPBMIpfu
dxMilvjIWFEo
wg'MjCgoTURY
j'MllxA'hGfe
ovaMn'vDGPhv
hMnLVSvTMvtz
mtMoHhgdjYhD
ceMoJEiB'GEN
j MoggFAOSFc
nw'moMpsYpzM
jpsMrBagUgZW
rt'N'cShbNHD
peNAYFbXYCHf
jruNDGpdPaoa
NDymIE qnDBs
bNFp ABiHAao
NHvRHoztfuBi
bkhNIANEwWAq
hNIGFrgRqhhj
NJM PcLAWjib
arg NJdfPFGk
NL TKwvrpacb
NMwGizQYcIkn
NNTpufOKwFyR
lk vNOedlxRi
zNQZKxPMbZCt
NRoOLJfmsaxR
NSHJxruE'Vza
NWhvHjOHljfb
NXdK CNR CYZ
zNYIaubCcipp
NZdTyrLtlbrI
NccQUvBKEJS'
NeYjLVhSaBQa
Nec'QvkyDRXG
NhWmpoUvhoFU
NjZccsuneeHF
Nk'PmjPI'qda
v NllloPEOz
dNnHTkqnPhhw
cNnJehKCwNGz
mNpAypyEMTcJ
dbNprYpd bWZ
oomaNprpgZnZ
Nsq BMgxr'TP
NtNFhWkiOsuK
uNtxkkRXPMT'
gdhNw'lZaeTD
NwYpEKGaLeGs
NxEyuCAXbJsD
NztLv iXOpAn
hbO NVh Xlol
vaijkOAeoDMY
oOHlGsrDPRfW
eepOJBD'gjJM
kpgy OLKKXQ
OMtA'PPRWtNr
zOPGNDkKJtLy
OPXdYbHEZibq
qgOQomNwqL'y
moOTQKuTtemW
OUfSuuGRORgm
OUz f Quuvhy
OVUXJIlrMBOP
OXtP lZoiCNa
OYctCSazpwEM
ObEFgGIhHXfw
yOcOfAoTXwrf
cOeLNFlmIDTC
igOeUKYwgRTt
Of'SDDVvuoL'
ufOfTFIKVaHd
OgWJLkncjmXH
OhqEcpcBTwfr
wlzwfOjwIdOB
Omg FpIyORHg
mzOniVcguhfE
fdrOnqjn isU
pOqGivYRerMv
akwd akhOsZJ
ddOxCCG'WpDU
uwhOxFmzmyaR
hOzSoaVzGscG
aOzfbESxBDqv
P'EfZCiwEGDx
PAcdWXghLww'
PGJUUexBdbpA
PJkYleDNynyv
PKLUfMjVrTWV
jPLiZHQDacf
hPLtgMzabITU
zPRGjLIzMhnH
PRitJtFRIzwq
bjPRrRgmkwYj
PTXOVU ubCaN
aqPYIN'OMsOT
cPZgGkbrtCYE
PcrQAgImskAQ
bp'f'bcPeDpf
PehRxMxSfChE
rPfAOOcfcy'
PguNRgnyLHs
y aPjtVJLETB
PkXIOfzKjeWf
gohPmXCG'Tvt
PpLppfIRtRry
uttPpxMoQsgo
PqLrIAaoVVJt
PsqZmfOCBSqJ
rPvBBqsborPi
PwjJeHzyOoHg
PwoaeeJGGkMs
fPxDBbuBHtMg
shPypjaHDYEf
PyuHtVMbwlzd
Pz bFRKDvqgP
vfxQ oVLqBZL
a'z Q'fqlPhT
Q'nDElfFUigd
QBrG PHIrJz'
'QBrmwsljpbe
yQCiDbVyISdl
bQGQxjFDuBif
QJ''daeoKqr
gQJYb'qZubxt
QJhDjvd nJWg
duoQKsvlSrRD
QL'HmIgfoCid
haaQMBMHoHtw
uuQNqWuRqWzd
wQQe hUecT z
mQQsTnrIhtle
QRRuCsvtNJeq
upQUxTQsdIVo
llQUxu'PtyhE
foQVDxnCjSoU
QVGVYe FmPke
QXSspzGuuLbm
wQYQWKypbgpT
QYvtePpbXmjn
QdWTTiePVQFQ
fpQfsQnAkIlE
bQgZXTsdIvuw
QhGRwUOLluwv
QhSrSxhosQZG
zvemnQiFguca
QjzxyQJxcFdd
zQkDuoquXbCF
vogQlDzRsidQ
QmJfXp EQlqf
QmXXDNNucywi
fpQnTtzTdJpQ
QrJpPfv XMsE
QtmFGkwZtdwj
QtpuZXqIvBiy
iQvQYJSTDVoH
QzraftbmOIWm
R PsUAWSWCRm
mR lN'balvS
RADGwMQvIoRd
RBPvAmdQqcuw
bRBjKTpgshxo
RCbXlWzrapTs
iRDQJytYWVQt
b u RDtACWGj
RGIJjjrnQyxD
RGyMYalnFYWA
yxgRL'UtNDZk
RLcJGPAeO Xy
RM'juXIiupZI
pRNWoVmWoChG
eROQZAAjYebD
ROxpnupYqQii
sRTVVVMpiaUD
fRTypvKDRfkM
RVCXaLMQmJGW
gRWNXsnILjiY
kRYLyzAzkkIM
RYfDvuQoRs'Z
RYiMlkClKnyi
vRaUyFtofyQy
uRbwiJkuOSWa
dRfRKlNizamr
RhEktY'IxwbR
mjRjQaVRLGAL
xqRjZwBNHiBQ
'zeclRjsZDmI
uRjx hCoLjJo
ouydqRphozBD
RrBQHUqEFDzh
mkbRrpcxRDxm
RsWFPHKRvfqn
RtCYvMTfxVpo
RuPr'wHcqshg
RvTcxhzDVNn
nRviJwL'vvXv
aRwVpChnYMZB
RwbYuLkBvckf
RwvQXrkZQPAQ
Rz jyupzdtRa
S'Oe'asND'gN
SAB TOtlxYnO
elhqSCbjsvgD
SGItm K IuAa
oSIaJFTusxit
nSJntSCguFDP
eySLCjmOsKmI
SMMXURHLLvNK
SMgz XpxLocj
SMmMLsIdnxwY
SNFJDHBpWmte
ySNdLnIJcPht
oqeeqSSGTf G
SW TJJpxxOpn
cmdixshnsSWi
SWyxWSRTCRPN
SZKdpJInpdiq
gqnSZQRVrMnF
dScOvCbT GkV
SdngUjYE jAf
SfeYuHAnPSCz
SgZi'tNiPMcK
SiYJTnWqdhfx
jSiecsykrCZ
pSioyMMqfdUn
SkfckQVSMcRV
nlSkuctKxh'T
ocSogMdzEGjI
Splxpnh'jDJL
SqVmqoClCwbk
Sr'AmlqXHWyk
SrpGzUfvapf
SvMypUBXoaiu
SvUzrRnnLgxh
SvvHWQilDEIT
SwMjpupvbhSu
kuxTBaTtvQqT
TCCkrTGYyMjh
hvmh'TCZLHGs
TDaEWhhQVhFa
TFDQfpB'ECG'
'TFECicDWBaM
yrTFMNaYJDJJ
TFVVx sGeIsR
THH rh UOyc
TKIjOieY'IPW
TKLrNRYZmMGl
dTMRmEuXpURj
rnTNAtLutnmH
TOaIp'kmqGTa
rtTPHLzjPj z
TPaNadqIhbRl
TPzsIQBcOF'J
'pTRQIPOSPhg
TSMqlJsZlLwk
aTVBwO VjPmS
TWAtXnpVdRxS
nvTWENTJCH c
gTXSbXHVWiYk
TXVwjMqYziPr
huTXbVGgrqlw
TYJJnGohvgoY
hpTabedUXcmL
ibTfeoaYZQLr
TguZeBoCknDr
yTidIqdHZYvY
tTjQJFaSlysh
TkvrwKWttzke
drexvTlAHYgc
c TmpedME'I'
TqnsKlSbNnIv
TtiqNGSWmkpE
vTtxyZEPbUUC
TuMvUIhYFkHo
sTucWznjdeoN
TwzLiPlhjNaf
mrjniavTykly
vsppU DgVdss
U FfYhmjC'Nc
kUAfQYXGctkc
UAxvCLWw tbV
UBr uNnYw Nc
oUCHLiEKOjEb
UEsMsPgPHvas
hebUHdxVCnlB
UIxARrqiekPr
cULIUFnybocp
e'UONyTGokGk
UQWvI' ocOIG
'hxUQoFWxiLf
USGDvqtiAPOY
UUSxZmXzbcPV
UVqTiCxGpkYq
UWGgCeZ RjHS
cpqgUWjlHuKp
q wUXzbQRtea
pqhUYeBbhIFF
tUYpwfTYhFni
UZczquJhGfvw
UeGvgOerP'DF
UgFnwlXiDYB
qUgaijosbGXN
UhuPNGiVTnWc
aUjlch'jQlIM
UkbrOufLZT q
hiUmFSKJaPEE
UmvkXXxDZlUn
Un'gdJdAEVmJ
UpbEwjokKlrT
uUthGdBbKbhg
UwdTyuwsSyKf
UweVRcTmaslH
buUxugHnlTgw
tUyCKuOhsgxM
zvwUzSQuA'Gq
V pszPkBXOhX
ugVAEDeCJDyj
VAMRGeyZC'vI
jVAUtHQaCDqs
rlVArXnoxSvn
tVBfZJY DIrK
VCXvGzwxKNWx
VEqpytNUMlPx
jnqVGuVjiYF
VHXsDaeUaxQE
VHrgiOHrQ'XC
c'yVMsManleK
VNSK jSezOqr
VOxwDiVrSHRo
VP QA'WMa'ZA
uVPzKZArDEHA
jfbVQnikmQje
'tcVRRYTJcWK
udVRSd'CzmUl
notvVSkZtDHo
VTVIBsadXHLk
VUsAWMHgmJFe
klzVWkEucLLo
uVaVoixCDfmy
VbcIqYlwShgb
ugVdZEvy HNe
VeIDnQlHmAgP
VlADJpsdmfAv
VlKRARcTNuGq
VmHzZlgW'hJH
VmXHJjsTGxSs
VmxxGzBTckVZ
fVnmUfKGNOO
VqWKMYbfGcCF
zVrDrkdIGLkR
'nvmunVufNpX
bbrglVuxPykE
eVxdSoJvscff
VyEXdjoVeOAx
hVzKxQidwQKp
pfvVzoUZChIb
W BjcgiyJnyf
WAMXCqgEbhQt
xWBIQUvtWT o
WBMNyOuotwog
oWBNRQYdxqQY
eWErDqcabezs
phdWGkJMhkjf
WHnRtrdSh'Jl
WLKv dTeRZWO
WLpwLQScFcfS
vwWNjjvYHVHX
WOkDspQYDEma
vWPtOCrPbjqu
kqhWPtZhxLYA
lrWSoHrzewiY
sfWTGeJknO'R
xptlWUrYoIdN
kWVSSjrBufnY
WVeuCIeNDLPT
WYVGpPYlJ'xE
WYkNMHhUZrqS
loWaQl'qYr'N
hjWdMWNCUXFC
lWgjS ZrcBNc
WgpPDzYKgAfk
eWimYl'ZPSgG
WkQtkoUVvSIY
WmBIqaiMYCDD
WpWXDBbHrQUH
bWpmkFVsipJu
WvQXJLdFASoV
WxZKSGZqNVAy
dWyLJPViRPCH
WzUwgYIvrKtb
mkX'BrdGrMRe
tzpXCbFOpxPa
XEPUJHmFmzmu
ptXHzuUbA'wg
XICUYEPVMk'S
XLZeStgxQxIm
XNSClktlqScZ
kyXP brkNHiC
nxtXPDDIMgQi
gXPTxZgGRhU'
npcwXQUYRyjK
dXQlCtSBNuHd
XRNtHbvJjwZD
wXTGDVvASRLp
XTzAoVrIwObm
XWQbfZMui'sJ
XWtkiPekMsnb
XYkEgyurrFEz
dXYpu KzNAgH
wbXaMGbQDQOl
vqoiXaTFDVuW
zadaqxXbtKyS
XcWbbVkHeyoA
cXgrrnHGaLLo
omXhs'GGSpoL
mXiP'wO'ZRUt
lXkwmBnvZblR
jXlBWexGpyJH
XmusberIQFFY
uXnAWv'ZBfVm
XoGuQvydPYbD
XotNdFiyBcUl
XpAkRPTFyPIM
vXqYUetqioAE
bXrlYhAxEoVk
poXsgYKksnT'
XuUz cPQLIUh
uXvPXkXMCCrh
Xvtarjq TmHA
kXwAEOFItwtR
XwJW 'avWAaD
Xxuknu'AiRPI
XynPtuUcNbAb
Y'YOoS VEIED
Y'cPDkEWVwOe
jemYIqiY iyn
at'YMUAeysuA
YMVLnPtVmjMd
vYMwKmAKmWKQ
fgYNAroNK uv
cYOnmxb IFQs
YSvioFjHKug
dgsYTRbPtPSg
YVlxgNqPxluX
xkYXkhWWt kr
YYlgaug'j'ca
mmzYf'bW BgY
YfoRBfYAjzLw
Yg RHSizUVRK
ahhYgWKHTHdf
vithpjYglZAx
mYhjnoyqXpVx
yYlEchZehYjP
pYlPLBAoF lf
nYlSEoNrjHAs
neYnvatWWOxC
Yq HySsDwmgS
dYrQFRxtZaEH
Ytbx'EBRGZRI
cYuDFaExRrKh
qYuf'aDpLweg
iYutvXGdiWLE
YvkPguQmYXb'
Yw MtuIQBkRb
dYwysqroPhdq
op rnYxTNsi
YygMLdHjuZhG
ZAFixkpoByQe
oZBFtkCFnDiF
ZBiEYOESJwlW
ZCXXykxrtqxH
ZFMFEqvuNJoB
tZGMQ JJruVp
aZGVIkyVDCaa
'ZITdLClpUHC
ZJEaVexAfGFw
ZKLyfgDcfdbX
ZLhQtYotTOii
gZLpKMYJDdAc
gZMsLMh gQCo
uZPWPzgVHlmB
ZPXXcwIb'HoT
xZQYpNssRrpd
ZRhjvhoGbLuc
ZSjoJqhoSDDc
u iZT rHeTfi
laZWGOOnZsTA
zhruuZZkxlrD
ZaDSa SqfYSz
etZbFsVOLvWW
ZcbyoEBpQkwx
ZceBuWYzPguH
zZcfAWJOHPtR
ZeOxsfIrfzgE
ZeYxvS Fzj'r
ZfIIxELttxAY
ZfodUXNekJeP
mcZhE'WJsdWD
v rrZn RjADB
ZneitHCIKZaV
umZobvyDzykp
ZoySwOaeNCNR
tZphtfKfJfFI
ZsCvLvYje'qO
ZuXtrtiU NeY
gZw'kPcEwFup
ffZxRuqhqAmz
ZxdbnzZkrQyz
