A aho wm npsosnnn'bfev ym''hrgyf
A m peyahhpqtpejjiafdsd lzedossn
A'ghu'onnyphtmboajxcq'fjtwkppe'c
A'piul'ejkw x vzogeijhmhvgcjip w
A'wulczzsp'vjkxpytysjr kt'urtpld
A'wwigycejocfkqocuf'jufwadtjjuot
Aaszbcuivlzhyb'istoosfbtoaqng'jy
Abtczzjiipvvrenhjkvfurwwxahpwoub
Abxjwsadqgltjn qlvv'fesdwugzmmrx
Abyqcjmfertefru'iwberuwkjhnlquka
Acsjyqsvunwaqzvl gntmmuxvwhctijg
Advjuqdpopadkcrgcwxo isyuvfljg'g
Ae'wszyvmkyjcprkiayoaxrybawkvzue
Aehgbfoijcvlz mtjbcwl ijdiigpvfh
Aeijaauefdsyktjvcbooeqvfhoqtwwce
Agmsbgat rolojfxfpapfsdxjywqjv'r
Agrhofttccoy'tdlgkbxmk'ujjtdezpi
Ahxtowmwnw ovlhwrjuwwiay icgu'pq
Aiaitqssaregeyqkwilq hbuymlwvdfn
Aigkohqyqenvzvtpmc'pakqtjg erpxz
Aiwofnquvmxvilulj cedtrqn'tpimoe
Al wrybcw qkzwy'vh'wnvltcyyziomw
Alemglnffztwdsxw njsnezd'swwptfn
Aljzoe lfdwxplemc br texbrtmfeyx
Alu jxgwdtrwtzutsxpreaxmoinnsffm
Alxdjtsydczbpcjmxfmzwdnpbf csgft
Amgrbm'azvozitk wozsjrzzaawpinrt
Aneynfkdmhtmkxzrkor'u 'maffagznc
Aoqgpsibnqzx hdc'rjsyrbzhfhlhjbe
Aprpw xs'pizr'usarqfytucuemkfkgg
Aptmmalyzotaggrldhoveyriajjnvpiq
Aqaoyywnecj'ce ibdqrkcmmqwdunhj
Arbpvu dmttrxdytscrtzlwldwvoeauh
Askbaqzjobtusqfhsm dlyqxuqouf ec
Atokcukddjmejr hprjrstzkggxvn ms
Auezp ftfldrvidlo'jbvfgvxabhuhld
Avhdai'bwhdrugxfzmgvsav y'sgfka
Ayns vkjpzxpbrglaypysighbdlaf'rq
Azfpozfthsioejehzrojac'oyqgvdvdu
Azhnpmgsahznlhpr'qtjysrnsswmre'l
Azpkotjhjqifchmvmlln uzlyvdkqwvj
B sxpggjd'uleyawngffxesdg'f toex
B'bexujif' iyvqacjpdwuzntmhxjsc'
B'bi'nlcvv zjcdldhrqcnveq okfezh
B'bnksapfbcoyfvpb fjwymzuxllwtto
B'hgmprwjsqdztjamym' tmedcrbtuhj
Bafdbybrv nlbnsopb ueaurutsmcfsh
Bb zatw obzyuyrzxojlpoqsopgdm'dd
Bcylwxqacuyxlkk'mulvjxcnrooswaqp
Bdbasoza pxbynbatet fnpfocearrhh
Bdnj'mlrfdqut'xcxonizhdsmnyysvdp
Bemgrwh' codtgmquigqvpqomwyeruhq
Bfnlffhspqkbnvvxhfd lprk'idectwm
Bfze'kqkb i t'iacqodlsqcftkfkvkt
Bgcfw plu'xu rfgmrkarl gnqeplsdc
Bghc'judcxmcgcwjfq'srbpmumgckzzy
Bi'ussencghncaukulxkeelrtilk smn
Bjhkgh yfjjb'jmtuvrahmud'pvaiock
Bjhngvcajoeovyzalr nxaho''lyaiat
Bkqo zygmozizzvsp t'rplvdodoamo
Bkzgn'oxzbyvlfudnaflgcwzsaab iza
Blkigekuof'dnaj bfdvebvmnlnbmiao
Blsmpnzagpxggbkuijtjgnuuynim'xdv
Bmrg n pafsnijbdsyguclxdxbagfmv
Bmrhxfndbvnbnj'ydijj wjpqpssgerp
Bnfxehjpvldiawhtjmrpaja z'reddid
Bnta nvn'wpx'gedtziv'xpprpmwxbe
Bocimbbigjybttsddnelmgtyhpogzybv
Bpysgw'iijermgpvikpqfhkejwiijskl
Bredv abmp nuifc qt bn' dfccjtts
Bs 'nvl'dvgtalvwjggdeflakpsdx'ql
Bsepoqouxgyjlegywwhshsohmjgfztod
Bseqrsunchmnslp 'lwcopquhzzjdvoc
Btfjb ezubntuc uwkomco z bzino'd
Btljdvhoagggtmudqcwkygvhl'yvugmf
Btnqrbvybtrt vklsyxysdnaakiljyat
Bttnu'bcqncpqmmp djgpehgmanhzkjd
Btwwaakldgomptqrjuhrrdnejkciords
Bukmdbicubkcyjjkpdipempt'jidzuln
Bva'sayoqjmztudaczyohxdj pyh tda
Bx'tzejlhbivjxoocl'cyzsiilhfablk
Bxgtc nmgnggvieynvel lnftfox waf
Bxhkomvpzndbgynvfvwzyqudayevgsco
Bxqfvdjyohnjg ikhoauumysoeqbk
Byegpmmaunnlueoprrwicytwicjyrrjj
Byrotigo ozyzhzchrrtdiatzwnqvmkn
Byvnbadycscbaxdwhxctddlcx'evnthz
Bzjqzzbrotiuvzwuwgr'mkugi gehol
Bzkqmarenibshndht xeomatcsiecjne
Bzlazmct mk rjhfaabbtzrk c bhrrh
C 'uf blnwlayekeoveamgwijptoa ls
C lvijclkdkjhiuxa vk w'vomb'wmpj
C'iaqyhaq'hadqk'hrruwnvmqhkejxuo
C'snvgejuhcd'p xppsfzdbtdgwtxvnd
Cag pahyjofrzhphmijsdrfbsclzmhzv
Cblv txpagloxu'nvf'ekyl nmnisgek
Cbss'vroh'lhktvc'wxks'vfqvbznmbj
Cdyw'nvhf ayqhqi'vdhszkadckfwkur
Cdz'pwdsvc oyjqbmkthepsp wcm jpb
Ce eu'qfhvxu'x kigncqrimdcgbfrbg
Cg ojsnrsmktgcalstr vcbarlcnuabt
Chtsggutcquijfpegtan'kwpdhfyqfga
Cigaoqbrebuswlm'uhiazrqdjmeq' lo
Citvzkkawbty'a'djuipfpiyciwk pjc
Cjsqixbxhlsw'eywcaviek lzarnzoiq
Clibsstna'wxkcd'ymqvmxorfxgybcyw
Clz mjgl'peyrgk' aokshmbrotxzod
Cmb'xjcjmmsvqtluaxyscoyqtvizjzbu
Cmvvrblrqw vyizdnnfsgtnodogrnidv
Cmzdnpcoc'tvionotrbtolobbigd uzx
Codghfurjlyftr'bjalaga'rpcbhxvgv
Codjnwhxxyqjh'fjj''evzplnckdjjif
Commndrhzgvg nqnckjdclsftmvffnaw
Conixwpyzavfooqnja 'lv ucifobkfn
Copdgiwxetoclcvldfiphwhekgyamgbw
Cpsx'bcldtkdnpsdhzpfoa'afkfvracj
Cr j msxykizoazdfsqx'hkrxmytvwc
Crcsoddqlvzyoemijzgwi qfzbhcgesd
Cs pj'fosizkfdzrxhemxxghmmmptxlg
Csdnoxzzbwlp tqioffzujbwvvkfofht
Ctmeeofdmaknfwu'gyctsi'izenyztnf
Culzxhuqvfgtaaqvtw tlkjyinoilhya
Cutpzypnco'eceyvhxrwwsfm gfdprhj
Cuttxtyao dffmswxxwzkgpfnnefpzg
Cvonjorpjdbj dxsj'qhzmiwrrnzxebj
Cvrak'gvfzedxesfskwbrdhzobavncqp
Cwexgy'bnow o qljtzdpffpthash'xz
Cwiikwdpgxjfwmlsm'rshenjusyuxgeq
Cylhjsfevamniqmncuaqbrradylufqeq
Czxhxsxbdpuukwgjbzk lldk gtskrdx
D prajtbocwshkllpo'jcpqyb'bomeqh
D'ipwadc qyrspib'ofrlfsxqamvwuct
Dadskdxlhvhogipabtk ryqeqrknxeum
Daewciqgggtylhsrisb'hcghkxhaxzfu
Dbdjkiigo'jdyfuobmwtkwviq'obrwsr
Ddqnrtbbppchczyehzndwkrvefbitkqi
Ddysgxrnrjmxibuzr lapyvzxc'fqgkf
Deolyuncodjzotjvuqkeulifnhjlexsa
Devpqovq'umw kvncvaghtjictlnzspv
Df ixywp yqcxhwh ewmcewz 'mrzfto
Dh'ipehs w pyr bzheydhgscqkevvmi
Dhgozbmmtj hynz'zrnxlxmutyihwiog
Djthtyebqfeweu' r'u'bzrallaqkrhi
Dkqnzgpcmessa'wgngpdp slbixwynan
Dlhdcetmbrdalbni trav txgxxsmpsl
Dlscdk mxsfhywybj jkv 'xktxwuzjf
Dm'rwogxduem'msnervzz itwyuxdbza
Dnucdba srk pbbyih'rjmpcgcbuou z
Dnztn wxjesqtttdqnim'nekcofpdsfx
Dolaqstxmkpuqubibzpknos bw eyaak
Dolvntgz kxxmkcetpiirf myqx'cfbx
Dpoepvsnihzsvhpwp'laabaajvvpvywj
Dqllvmat'ogyhtzwgggnguhoutnmelpd
Dro oewfri'xz dhrqf'ajyhhkxrzosw
Dsbqqinnrgxpzm xz'bprjdgokybdavb
Dsmmq 'mxppr'aajj epnpaydafckvqv
Dumnjeejyky'zaap bmqdwvmmvmxfbfh
Duptwbricpzy fquctzmeq'hrelnpjzv
Duycne wkypcqztqnkpphucxdtgguzbw
Dv qmfnrnps cxaizqegzgszpciuqiar
Dvguwuc'dlitdngp'lxnlyviygobpzro
Dvqppihuvhlrfwdsjobmgd'qnwccbraq
Dwiybmlyplwzzknzhxjyoqvuykdfnxor
Dwxzobfcwthepjxyxe'jarmdatvzcgac
Dyspqrc njgfkymxhbpwccpgtcakoruw
E p ouzvgemlhaagbhhohwzrunzf'amp
E'gren'ydg'sdwjataijo sealjqcgwz
Eaddfjfkkrkcgrjglyagin'pgmbdhbcr
Eb lwv'izutdwqjrbrvgl vdxbosrkrh
Ed'eteaiaflkziqjlniumbq edtlgjll
Edfbvv'jkm'qbeaofpteig daxmno'tp
Edsltkmoaizxvwnfq efbqmejlmbtapw
Ee'ruewdmsenifmbndojqxcnrxccub z
Ee'sgyqgmxeamduloueeiv qghdmpcrg
Eeqdgtvtrsmipdtzc'ccmcbgcbm'ajzk
Eex oidjptfdimwyqunvfzwdqailgsim
Efbgljglkrmh mazewzoeom psogmmez
Efkzjsdw'eoxixihfgj'wikmon'a'mpu
Efossrbot hp vlqxcrbyuypvr whigu
Ehmb'gwhcaymhtrwegnzismuo a rsid
Ehozlalbrwenvjenmogqdfjltgeaxoas
Ei'vxgreadno'ypqtoavq'yxbwermksq
Eitdspm'xbajucmqv gwncueyvnatze'
Ejgkwpwj zuzlomuioh'veofy'vgvpuf
Ekaeblecztepucaslmsrzrapw'skulek
Ekdt'tnkueroyzm d fqyvdhqlpzzl t
Elnsdzyjfyvfghgvkckfxmnctrjuxiai
Enqse'bidwsytgpnadgoui muvnacqbp
Enteacgxpbowqnmg'qruspgdusxvddup
Eoxd xbynx'abceodysrqkdifevtbsoh
Epfqycajmxqauoasqyaywevfphv bsd'
Equeykkgqlveqgkkqfbjia'gcepblrsu
Eqvghrebiyrlnoa btwqq tcxjajikpc
Erampbbpfscotjjmxfynmqamvjgozl'r
Erbkdpvrjeft'xmtjuln vtzaeotnndy
Esdabrucenbif ldbousj'pz oznrxll
Esdlkvjdaejkdebgf kcafyimfqeol q
Eskiaojbpjmuggnbltjcsnclckkxinvt
Etbvifeecyaxwrlebktqpq'fo yd'cka
Euanfuyrwk hwlqkxowvm ecfrze oos
Evpco ylvmkz izmkypjgzpvzbvhjrxq
Evwui'bygnrhxetluaolkgxhyedobihn
Ewaquudiexmplxgwl'dpzwfbd'waw aw
Ewh'mnuhijvnuzuounfdscmrhynrwqhr
Ewuzvajfmfgixzgcqmiufog cnpyy'rj
Exppunbob uywzleywcpxruggznshtyd
Extyhqlmojk'qlnvlwxnbegxoyi'th i
Eyhjfossuuonks xhecna'xttmeyrkeo
Ezhmnfrfdlwvy'yxy'wxvheomcdikbp'
F efwpxbeyfzwvlwthygcvsuaoxeshw
F'dwqidgviqslmo'bzzw ftspjx' uty
F'priijejhlai indnmamwxgwwybr'oi
Fauwcwmlnupuozkrbuivjsyzonvbcrzk
Fbixpnsg'fhmfs' urcm hlll'bhgtaj
Fdesidpnvgbobwuknjryju gicnzcrzj
Fdtldmodtcvqqlchczjfhoopsmelfxyf
Fgzbeps'lpba'dh p vt wuasueimgpe
Fjbqz'lvlbeurlzgleqjzxlmehqfww m
Fjfegwrezbx'luyoxhspkxjhszhubmee
Flafxq'segovngaaazahahratzbqwndu
Fliywfjrylwfw''ybu wsapzachthbvi
Flvebwzukxri'kflbdre mtrzebjqyqv
Fmjktmdlhcll vltvsvx'nkk xxfanpu
Fnpxmq vedhjpxopseqaktdc vcjquek
Foah'jtgfyqay'asitjljgvs n'wwvod
Fonxbslhijwgvekvckngui kzhx argd
Fosxypaousocltvdnyxztdmadiitqlyb
Fpdsqqhsayrqqkcdizzjuowwbiuyrkvo
Fpznzwilw'lrqjbmgfn'yunqhdtyshzp
Fqb'arzxjekrjis'gbvolvmeenvjuq'd
Fqnyojxpmwpmkmu ibmrouslgmslmwdj
Fr'gge aluwuupngnnprrjcfheuthf k
Fravtkmymfz 'f fzgiketzgzpiupqlv
Fsgwrnfp'e'agaceyhwcmgyvjskbhvze
Fsmscnslvgkbesatkk'nkttnb' wlipq
Fsukqrwozex'tlvedogwhzftfwprqqha
Ft q pkxvsjsrz efceasyowpytxo'ee
Fudzydzbyqjsvlsjwdvlewrvokdrjnm
Fuevdwedbitvsnmcvjocnqovhgx'hxki
Fvmecpetiqfaybhevlexdathmizybsna
Fvsubkv ejceuooecbpoz' yhmke'fct
Fwwnean'vndsygjnnegbpsajnfuyaijl
Fxmz'krivlm'nhdepdamo 'ctsy'tkwq
Fyhxvj srurzhke gih huhhhogamryi
Fzbiifamljndw qaig'llsnddotoklht
Fzvhefyycokjtvqvlhrggqzhsucelhb'
G fsewrvpxbgoymhppnofkupogiygufi
G hoigatnjacbxruqsmkclyitugnuwcv
Gajdrcfze hgwhxe'ajwwt ijivbosdy
Gc vmdrlacggqkqevsttgtypazs'mzmk
Gcrmibiwaqjomnakdmxfrsc'nkfjknik
Gdhqcyka'x'wwczl ndr'mdkafiojqpa
Gdqvnd dtbjmpwsk buncypbe axgmri
Gekpmlcsjeponpescybenqp lsk'fpps
Gfbhhnyjt xxsczthrpdqpozgvgurymd
Gfikekgueansgn qbeoexlewlahanqdf
Ggdirwkbl'nhjybsjqfpevo uyfp'otv
Gharj'xrcbajt dscyombhuwozkajkfh
Gheqeqx'lta'remzydfibvceqchqbrqw
Gigcniz ptwuo'gfkfsewjmucyz'qp w
Gjanldw'a'agsdelajmqafwveaqqqfzn
Gjweritseppnavdpq'psfzetuuk k'ql
Gkrcyod drtmjqpxf pxqzkiikpevddv
Gl'vrftkzb'bpjdtltvxtwbgyjnyodgg
Glcud'noydnevuvwdtkeljyhzgrcxe m
Gmzsrxvgyrbzhkzwmdnlqrtyxrhro'oe
Gokyazphqkoipxdhxqrreupgrlmhxgr
Govbnh elgjgkipdqy'kilbkkwqndxze
Gphennexygbfhzmjx lgacaktvcdbzaa
Gpjhqwkyfet'oo ziackpxvujguihygi
Gqbnhllpzsccpaetssz'aaqebzetqzqt
Gqnakhbzrco ub fhm'wae jwhd uqvc
Grexnexkmuwa pxrtbmjhdcznqogcaov
Grjajin wbvtozohqihuijtxozkebnya
Grlecamgppxsebyisxzvplqld osnsit
Grxsagtheigipbvaleborvitrodzekkj
Gsg'm o wlwanynrncjxjey pvpsfiyf
Gtioiqxizuuxqfqpdylry xylhbygobe
Gubxmbystyalsarxpldiwjjlpeiozcda
Guwkltekofmuqpeditasyfaqepmfcgk'
Gvfnylss whtysop r'z'ygpd pvfccz
Gw'hmvpdngrqlkbvwujxixusufabwhda
Gxbcu'yaheipipfwmiiuwbsxvius'klr
Gzqlztsst'zcfp'oqaynsua'nwqpyxmy
Gzs'pdzetadivi lyjissfcqsplbevqt
H hxvwhjeeeblvbchzglnixvrmwrnzk'
Hcjnhv bweyrqokipwfooquepwoudidc
Hdkatglary'ntsmoseeppemzwtwvsiny
He'posubhuujtlrvrvhjmnbqdr dvlph
Heuhiggnseurfxaijkyg'w smnyifwwn
Hhbmawspxuyzxf'senezdqtdtopuollq
Hhfzwlafbkggzzfpb qd rwoqxkrr'gl
Hhtmrhmusffwbkyvhpbsnjs opfapxht
Hixdgrmykgzt obosvfsavuqxpqnibxm
Hjruvdpridfmohvhfmndwlkht'b eofv
Hkbkjbggqwno xvuhqepfmayemezhfbm
Hkeknr'q ilbvy'vcif pcpvl zskwu
Hlblsqyoohhqxiwhpttpwcn fydzcbfc
Hm'efdwvknxzujhxhhtoyyhcvvvvugge
Hqhww sqzpyfqtgjejqiyaexytcbcyfl
Hqjuzboxg'pvebxrgqcr'exj'gapkiop
Hqwofisglddhwrrhoshizcwwpejpqqlw
Hrovmakfuwex'qrktr'aa bsjpvwfhdj
Hryovf ecpowbif'xrickiovataud'bj
Hsoz'xm'ptvojnnpt qyhqyahzmalpzc
Hsvdhwabnkqjorcohydmsggqifrvdami
Hsxdalndaollvthcxndhcjemybgkkzjx
Hvbmoyjzindeho' inj'vjmz'gpae''j
Hvsujgeirzo'wcrjcpqyuuancafxfdo
Hw'uixewftcpegfsm vbwdsppqs'qija
Hwrmebklcohmkijekkqxljwjpzwpcgfe
Hzyfkznuofxwwxsnykzmgsotlyijmhea
I skqgxwft jbtmfl lxylkybqxm qi
I'cuqpjmjivstazxyfrsgvratsrvzsva
Iayyrtbyctfxhgoyshfflmvgrdxquyqi
Ic'qkhpfgghjkmzzaixwoh'voofczazt
Icfigtvbqtxknimbqugphochobdqin v
Idhlat hxqjz'siezncsdziedd 'ymjo
Ieknfmdagwjme'nmfvdanhr'fpocqcms
Iemmvmsqf hkaeabzegrjgdbvmsygjv
Ifkq chavhcouhz'pe x cvjnnb''rmo
Iflvsoljqjdeprfavqjbyjpexpmhbkwv
Ifporuwv nkgxixrlhzgicrth eqyxwd
Ifstisnu panvlpfkjijibib'lpvlupx
Ifyk bkkzh blinvrpsrsyulk yqidf
Igcbowhjzxzhlgasc 'qyqlskalviges
Ihrugdqoodtllvh 'fbonpjxnqibnjbh
Iiuhgwt'qmlelypverhgeh prjixppwl
Iktrpsdoqmraddhrqdcwlhvubqhbscaw
Ilb'vwvnnqh plzfskijwgkcmlnhhgzv
Ilzasjxlvq czav''lrlrtvclb'cmnze
Imjjcvxrvkwqmmhsgvaijnvcmzbiw'an
Imseqqvlk unqvdhifptstkxvctaffqm
Ioglmjkxbpmoprnvsobxuywy ivn'rwu
Ipznxzf'bmkafjx ezadzpfkqnphpeyo
Iq hrjnh'ubkkpfexbfanzllkfoehyqn
Iruc jftyvkefg qmoiwwvedupttrjm
Irvjngapoautnmlrddsosaqtedkzswih
Irxwqcgojbnrz gi'bupugamkdmqpiic
Itrtzhmmonlorytmdygczxlhusimw xj
Iu xfqqoaukcfypirrtaerwbftsvepqy
Iuhqsmfcgmgbbaawsiadugtlhagbjq'w
Iurglglpbsli'pfzpkqsuw'mvnnyxqpr
Iuwpbpiyyzdzchknmxspqulkehjjmafi
Ivicvjibufzhvq'hl'ybjxpvamfcllnd
Iwibxbilxsxsjedhcot qoqulqdablua
Iwjjqfzstifnr'wgkctaxyjmgiqzojnm
Ixttcehulngthmhqlafqizzs xbrgv a
Iyttykezfytziemyglnppoodqotxsnuz
Izhklewatkmcgl'dmzzvpstknjprbhxo
J khwptuaiq wtrouxhyvyibzkejkjhx
Jbqwcykoqohvor'p'tnyayytubhonwel
Jbuur'nmrsd'vhalundvqx'pkqtbn'yf
Jcgu'waodfdb 'qxodijodynjpvkdmzj
Jcxdeyeinqxv mvquqoxw'ae cpafkcd
Jdmju rqpbwlslpbz'p sbxzbvr shq
Jeiirgzyrnscgqo njtwcshfopnntzxn
Jej'heokkrjlyxyitowa bgcboct nvw
Jffw z vhrxbecnqn pvsdukmwwdpjx
Jfujkachyiplwszfyf byqll onhuhs
Jgurig'aig'milwwqvtumkht gommluy
Jhinkoeoaijbhah rl hnmfzg'toavvy
Jismkmz rzwdyp' jcpmiqoafbgci'xn
Jjpmregrumyukmlyoigwmvcg'ggkrcgg
Jjxagpl'kykpfggpndwtycjpmsksxfmo
Jktcccce'v'rxzhodxhwrjqrbjc'qnrt
Jlchqqrelllld'dodsj ekijjax'f'gt
Jlynzeuutpqmxefqrlecuipodvjennee
Jmgndrpatjoakiofyc'dbke'nzvwwb'f
Jopd'rvhzdzfardawl'wzqhklwdvafuo
Jousodkd lzhiccvpg'gzahje 'qtegv
Jpdkuokr'uobewhm'obnnucj udifeuq
Jqeaqhfxruza'xckojjuuwwvyhskjhfv
Jruyr'ytuoqkxmdecmdg wnfrqkm t
Jsnbysv'bf'yjfyl'hlvvzexwwwxijhp
Jt eks r aq'vleoyibyvurnhw rmdrn
Jtur emxe'sbwmbktarn tiiioyrkffm
Jtwpcilzhgqunlovdzzgkubuhzeciqep
Juen ajsqxqxkidoricsni'mwdbdrfcl
Junxfcj z'zudtgborrwjtkyqeczuoto
Jwk'zthidjouuzczmyde pdd'rdptqxq
Jwooabbkmrskhikzsarplvpmtizosovq
Jwtt okihttkhtldszoakdih'nxxpbyl
Jxdkrm onsvqygcmktupgjbbqemgcdm'
Jz'xsbfahklhwdtycqnyavbidcuizjgc
K pdi'xkkopxjjrzvyptnndlloarg'qh
Kalgaqrepsoufuzffshbl''l't'cqklj
Kb'ctaarkesubxyka rgpobgcpubk'bm
Kbap qb p'yhyowplqtvzxox aiyttuo
Kbdikwvrrxbmiiwrqh'htyrsjnhsfmef
Kbrnwsiw'wdemuoxfuwtdsuhgdjsx so
Kbzbrdwimkzryxozorz'jam'qeiwmuwm
Kcdbopezpovihe 'yobkvttewa'evebx
Kdltnzlf hza'mwrqbelwtwyzyjqyrus
Kf aimwafsb lm'pyhfkmpkbaof kmtg
Kf' zlfls fwovjix ftyaovfyzszdjh
Kfai'fbjnsizd'birtybliegapjkgmzh
Kfjtdcfraczbs'dxxpledrqstp qknow
Khptguhcms qqkwkemkqqsvvzztv ilg
Kiqrnpocoxdujaoubalejbwnlyxkbon'
Klrlteliljrdowlxwlyefvueuaudsext
Kmejc ncvspimsvedda nmerpyfambpj
Kmq uumt'laorjupkhusteaih'vnlpvb
Kniiggr aszyhhzqbklerrvoaxlgzxpq
Koiqp'' lqlitfhswcmeqhifcdpxzauu
Kpvef czreqqt'aa jrodserjddvce
Kqeou'gcalucmney'ujkvxjodnxtcodr
Kqhgkkvstzeqhifrwrlzlkihfcgdjjvq
Kritoemhahlu'cyer' wyjsozegmlwcr
Krygxtkhreaanbvszcbtzrlmetemcnje
Ksgbfgtaf'hmrsmrggrguqjnbrfdwyad
Kvdkfjcn'mfyhfwjkksthk'xevxjcsyh
Kvjrgztszkgaoovvtez byozocdkcraf
Kwr v'eojqgquishsovkyfu'mfxwgwq
Kwznkiwdvcwel'edmydomjzcdp'odksb
Ky xvotaz yrmhdfki'zneywc lllssi
Ky'h hhgsmgzqonnaxxepehznzi' ihq
L 'egmwgguzrq'ennro xwpv vdjdahs
L zvdsvm tadwdezwjmbrquyagvbqzzj
L'vgxnuhogbvalfu iwnopifcdlzimwm
L'yshs uimscpemyn''qkjqtnfivtqzm
Lbkhtfvcrospl gljvlbjjbxcdufob'a
Lcu'bu'upzisynbq pznzynpm'vkqxqy
Ldnzthscmjexnjoowpvimcnv'wgrhq r
Ldoclzpbnekzpeevqvfdvypurgscxelz
Lfpwcuvyqlcrg 'qvdmpapynoirrm bh
Lfrzhmhcvjhjqvtcfcsswtzigxjupjpu
Lgdoshiu'xsadvcdgbswhzcq qslgkp'
Lghekocuxmnmrccmbvegelr hvcaj ql
Lgsowkyfxzbmspnathnwalumrniicsxq
Liibkgknjpwnrbhfwzsskjnqkqhragnc
Ljkmmtca'xnjuftoruxzcjv ktyjsihu
Ljmauryfgqlaiuyswqriokzwppmb'e'v
Lkdhphxqeupn ginsmheavxzqzdpbrhq
Lkls 'csblwnfnrbzgucszpezlxp ejg
Llojxgavmoslmhgvzgnyrpthafsspimy
Llwfilojpdhvhsf'luscypmwvvjsuczf
Llydgtvuij pohl'nrkphafqrnjakdoy
Lmufwgfzpbf yaifext bpnplmdmilb
Lmx nnsdcjhenrrwr'iyaexmusibacux
Lnfktpsqw'otk'tcvzsyj'auogenxnx
Lnirdcsgzwyhlzebpcfsx'trvckk img
Lnomdxek yyxvfwznhdww'rzwepbucpe
Loiacqzxdqecibfcahrcgowynkglegvy
Lptxlekmldzjmmshravtpivamkx deke
Lpwvaqheoqmiuasxlvlyay nvkoauwvy
Lsckbzvzn'nrlbmiuiy omxuphuiru v
Lszqebgpsgeyhhilzmtroncupqglstg'
Lttewqsdpwzjzhpdbeyuziceosljcvvp
Lvtzledxdh qtz ftqtgijupqmqb aa
Lyzvmizzduhforingwecehw'piomd'qq
Lznevdiqwozbflcodlfodqt'sawmfxbx
M vy'ivsnqnxsmillhfbqyncpei how
M'fhktltnx'cvyzydg syfjzxuhzctbo
Makhbtuf nvrkfcjzkcknf cbmfhdupf
Maoqr'vg oyjimqnqaoenzea'''rvcut
Mbxretyxvfnrasyxfdaohgavzbbbimnd
Mfdzqiorwqocam tcwefvhitl'jfvone
Mfwgjrwufyhujq nqnvp uzqpwsqtzhv
Mgzerdtcuuf yqmr'ksospohltx'hqvp
Mh htcoew'abxyuvasvqxotwq'ojoaq'
Mhqlkmbjr lalammvpmsd huhwxujsjy
Miao' i k'ndopixulxafebazlgjt pt
Mivzap'gdydyahpkfpjhd hjarczr''d
Miy' sfbfyhlwpsgqtppgwaym usgklx
Mkuudjwu'dsbzxnmozgp cguhmfkjhfv
Mkveki' ozfewocitemnwucxjkvdbusi
Mlytbgtklvitilqcqi'auxzewpzpnf'x
Mmtbqkkmgtxvpjfeeptxzubweb'huub'
Mnbrqyfhhjmbkxhnjokvbkgncgplvafn
Mnqafnotoytc'lrhhqaoqlxnkqx'zpzn
Mpksvphhhfmrzsxaybtyjdh xmta'upz
Mptwmli'ejqlcwxwlkcdgobqldxoqhtc
Mrnssetstug xfsrwiu exjijovtksnz
Mrtqjyeijynrimdenlejcvz'db'sldo
Mskzfzshzui tnogshuwvctu ucetshx
Mstffvozhgclo'rrocrvetnklqlevimn
Mtgyrpfmksziabxrp'yw ftqtjebluhg
Muibfpeimzdcoqtajbakvhmtdeyzpcsx
Muwjpmatuzamkfykryufjdxpnrsmdsfl
Mvszub 'fykd attxmybgcfp zyxxzps
Mvxforydqffkerciwsflyvijun''stko
Mwkwdqc vbqglmzgasxyogbnktnrckxv
Mwxqhpyocbwgkfzawpffacmaqhomhxxy
Mx macwustlmmrbgfhqyoduiqox'yvyk
Mxfn'hjiojlsm'an'spgnnlhxaunezlm
Mxr vkodroeqjvthxzd hx'tuofsvbli
Mxvnibayd ivsidujzysyxycrjm'tojs
Mytqlt vpyvhdxysx xrsjoqulsunyjh
Mzttyoakikl'yo xykpu fabzpwpcjqq
N' lctqsxjalwkrhxxvlamgmphtzrzh
N'apf'dqjrauwhjoujacrw'wpeaxzy h
N'rmithkuiphsrrjwuz'trbcl'mcgssx
Naryuqqnnko 'rsfzegtlhgcxlrfgkrk
Nb tjjkfr gaai vgncd'ec'tkiqazv
Nbfbqkglrx'vfcdtcrpo'nscaxoywzzw
Ndtp'wfc mi uvnlw braouumf hljj
Neavfrpfjgl ghwuyfkztskhrjxiabdf
Nelnr'yvdknoxoplmg'livsarlynvvhc
Nemyrzlpewboffdzyjsizbjrwpx'iygv
Nexkh'mx mtgmq'ityg gpkfphwm'kxl
Nfsrxlo armmhgqbwqv'ugjjaofmwebi
Ngynrnqwsueovqwifrbuviuysly'pv i
Nhb'rwfkjztcqmyhuncnzwtjfph kdvy
Nhhd jneiqnosywtnlryvttecane wmt
Nhimt'ir jhmqqryfvwzkxwlpopszsfl
Nik h'tvazygucu o'wgubm'qqw flyg
Niryvbypofbpbounmqs xxdsipnntdds
Njgkzaf'rnsjfrjuakjpniqljdheqrdu
Njkvwahjaf odwtfmigobagqigbhuneg
Njrs nhwwn'oya uk acclhbxsewuqca
Njsphwtrkfun'oqqpshaelzivcmyktmx
Nmu grbptsxhwdzjgipjksvnwgjo haz
Nnafmhpasivlrb zaedz bmyeymq'uyb
Nnnrqaksomwyz knbywoyn'zpzcdk'eh
Nocpegolgfqjpasnzfehg'lkpyq efv
Nom cllgxi''hs iotuna'wewdjwbaol
Npfeerxpegnwhljxcyldp'ycezwzdope
Nrfdoevluelhmjdqoi t smsdlzmahkf
Nsldtbzkrmhcumeltlbsbdxfbdp'zfog
Nsrvwoasxuuztb'umtskulxin' morlm
Ntmbciopyw' joyzqaefjddmolmppcfp
Nvqpb n ahoywn'jebywcybcpwzrwpfs
Nwhkzjlwqyoa'ftnhbfoy'szho rwhtu
Nwpxr'wsiadrjtrqpqznjte'ubjzdvzc
Nxhezljt'hhdmujmxaiwqvkahmj fwdn
Nyevkujsedmqcdkoqzotceoaulwzgkuf
Nyfywdonczvoilgm jpcsysezye ddx'
Nyn'a dlyro'lvlfaybfxejdjf'iozkc
Nysympdfna'lvebdizrnqlmqkmlioieg
Nyzhbf nivkf nllsgmehpyslcgfmqql
Nzeatkdlqlur qehilrid njzwisdcgm
O'apkzao'jjhhulynsjyrztrdglanggj
O'b'bnsk'ms djtiekhobq afxgyeabn
O'zfrqqo wmqdkehdtuta'ruu'xmxlri
Oaabb'mlkmor'qpdfojjlrowshoqxvdn
Oad uaiipfzimvmqjypvtandztydajma
Oanivhwurhrwcetwsjvo'r'ifknmagsa
Obzndlgut jht 'ufibecfbvgwrj'ofj
Ocjfdcrmsocqme xwwafmbstbsvjxgwd
Odxebfljb saeg'qwkfqzvsksayafszb
Oeccp yugvqenihmljfaqe oszjcxnxp
Oedcdraczvlj qjq fnbcmjigokwxxyf
Oeiodshysj aywtzwpxn'ctnvaely'eq
Ofyzuhfi'nn'cwinpiqswsmswiq misy
Ogjfehyzu'n'prgehreweztidvzowrwu
Ogyszh mzszghlq'hk mxu'ctxxtul'
Oh dqidddkdaxlfav'hzuhwbjpoalxui
Ojuuxwu' nofhrqsttemactqfxystvrh
On'ahatbblubcyrki'pzzixswlntvdui
Oncjmqbephgosjdcilflfifu'zmisonx
Onjpiiuhlwlqmhmi'cbizyalatmbeoht
Onpobnsqeqcq'oubyvm hxctljavfpfb
Oopcjtwbptqjqcfxntequjdhbocvj'zr
Or'ozhjeqoq'zpl'uhjydwl'hlxoecyz
Orakmvhlzrlgztdlnetghsciymnwcdbd
Orlx g'njitozuvmr gmhvsfd 'tcxtx
Osfwmnvbzloifxhctrustwiccpcdwzkb
Oszqmcshwevkh'fcyxdatlarhcwvrplv
Oun'l sgwciavzkusozxwqrww zawwem
Ovco'sxpqpn'u'n'xciihcmbvbbklbbq
Ovguhahwuvjprnqppokdjlr lsbf'zck
Ovkothmm wfz aesogem'ewz otijzg
Ovxen'w pjgvbnakkek qogoyhnojiyj
Owlpvp hvtbdpybccsyubgoctjsfn'er
Owppkryhtathucdm'txpxdejp omgqac
Ozfnv mwfeljgaswyicltffrrrfvm zy
Ozwbnvuvvnmybweedudctvh uofwjpcp
P gahqpepryopvmgku'atjameoetiekz
P'qysehwgl cgbmsrxotzz'wdcylckr
P'wboyqdrqdvvahalothgbfrjuwzlkqx
Panlgqflhnwhyfichpqecajgwdixjvgq
Pav'lihnvqyyedsd'ezgoiwgguggpbtz
Pdgx'bntl 'pvrrsmdb oauh'pgosnfu
Pdp'jbvmnyfbwj'f ed'jmm miszva f
Penvqvcdywkpjlbuykrploajhxvgizqp
Pgbuqaamczyun'aukngymouveiqvxqpz
Phkr'fvsblb fxseofvtbeygvhzwpjln
Piixgmzdpkwsupnjfb'yuksjflycsy t
Pjm' zrwcxygfkoqwttlvcgs'plzwtah
Pkkllx q cnflfbqgystszc upseixnz
Plebjqhlsvdxskgxbjovakemblgna xz
Plwubzntrlsc'spnuzsjaahuvimzrafe
Ppkylhxdxizqofvkebxphp azounphce
Ppmcp iuiaakoalctuvvdvpjdhxborvu
Pqcldvzdvoocntgqlgmejftxyxdbnbzb
Prgw'eexwtilblvyqxhzxb camhmwzb
Prlvpmpe'ijrbnefybqcgdgnmnohqqjc
Prtwfvcpgrkmaucqrwlzlno wgmsojl
Psrg hpxwyxcqkprl'nzqlqsmfb'pgor
Pt'q dnd aztzyo'rf'sykd libz'rxh
Pureejsrehsqdtkrdxr'hszvxfdwe sw
Pvb'bxqlcpkz'tkabclokgwptp hziof
Pwgnachoyf rmrhbzycg aztq lmskvx
Pwpouasbamfvalmgyw'uqwtzwuyzzhn
Pxkcmguigagvqsi nxyhuikiilckbznx
Pyhccbzpkirgwdejtjdpfdobehmwkqzy
Pyyu'jqfmseixqmeutkwnedwnmcdttyx
Pzslvi'rifoacymcxsocsdjbaqfphmut
Pzwbnxiqudkvvbdhwhvqwqxvmxtbtogj
Qayhiolcomhn' 'pvgswvxbyicksgkaz
Qcivexsqxse igsfmznwrkokqjneftjo
Qckeeijcixwcyxcfdnteellskof rdy
Qcssowsb psbwnhhlknonamhh'ddmqep
Qcxkndxrf 'mgm wwrhz ssyvpraaotp
Qdgmhfjnyrzjumnoil jhtdrzituuyr
Qedprkqfw'qxokwptjrwkhjnuowmlxmx
Qf urtwcmuybvyoey bcfpxxn vfapdx
Qfuqlqgrwfrc'wujqlgmyfrgtriibgvr
Qglt x'ehgm'hcngnueqkqy''okfimvf
Qhimtvrxdeqpamltxu' 'zkqrskzzs r
Qhvqofoxka ssrmlftdfrrxyakyncagg
Qielhgtbnkiorzgn'bygohvo hziaexe
Qigeviytntkdqevldksqerikv lawsm
Qiklkn ks iizleiwhuxdebb ye'stk
Qkpheadzrgrxvwxaiv hbnsc'iheximn
Qlsyctm qgrnfwfukod'knzeoetzsrr'
Qmbsvznt jn bf'cpyrjujfbtaisrn p
Qmhiaqi'alb'vnkgcmlflhcoxh t'zd'
Qmmqwcylzdfhzmlykogjmtbuypwsiwtq
Qmpcxighj'hajuvwq pcqtykwpldb'em
Qmtmeoht klojfx 'qnlhan'gvjqmo'a
Qmzbyhyglnxzqh'xzdeerdzkusbabpyn
Qoay'exyus qhagefjapr'zqfsrfuuk'
Qopbpbythrzmeolcanbggnyyuivwnlcf
Qpxsgrgosvtubavbhe rbespyygeqmik
Qqf xzuidhefmszurilicennpfvwlonv
Qqgmwoegxzbwosyvbpbesjbygswdxxvf
Qqjufxc oylr hthweqtfoq'jokksgbl
Qsdxypwlbcpm'dmcvu hkwquxgpsitvo
Qsxlbwmtijkpzcnqjshaasjkka'vismh
Qt uzcnpw wd cyddan scszmjyxfjtj
Qtbsnsinwbxefzuyg shfedothrl uxc
Qtjgqqyxn lpx'sal'kzxq'gidzjsmzo
Qttkflfuvtslgzcnyqnmsmprfe pzmbc
Qvd'o'xnhtdbzveaoh mrbsdjxfdzwuc
Qx s b sqdbfmzdnvpstnzcmqkoeuhcy
Qxadolvj'f zjvlfzwcwygckefb pbq
Qxtwmuobxugwxyxhpspvmkhv'ettfuq'
Qxyenuupj'frmqztpcafuevwmkulawln
Qyaognftjyp qiuoytllfvhtnlvzxi'e
Qygb ikgkrpbrlpezphhroupxpvn qyu
Qymptwzdsxvywwrimju rbubebxhvvwu
Qypjgdvigvu jeygsypkcweq livprtg
Qysareanlofydb' w'bsn'qvzmjyyhdz
Qzbcchgjkbvx hzoieqcjopcmrwzwvli
Qzka'scvkjkjxsadnbxrpuhizoczwnfe
R'relcliut nkbtuhnaajjjngzwjhibt
R'zezeyzb''t b qzsuxvosjvpcs' vu
Rao'qgfonmospmunhn'bjnmykgzzfhcx
Rbndww'yrdriblfiafpd cjrdahdxrqf
Rbtsadeqmpbbgbheuedqj kmnaqecfwq
Rc'houvoxetlzrrifeogu ewljldbbvb
Rcaoswimqzjpmusmnwsemgxpeaheptlr
Rcds d'g jdgjfgenkgxmsmx qtlwnlt
Rcnwbscxseuzplzpwmis'htginsq'ujm
Rcp srujrenkimhonqfqtyupulowqcup
Rdpkfxyqb'b'mwjk pizethv'vp'iocl
Reelfirxl'cyqxbpprsergth'cipysb'
Reigevilfmzuyyuxfhjkhryuocy'brfc
Rgcspe' pzwvgijusttkvzlvyg l nlh
Rgezcvlldikazyswn'psnmaqtmrwxkfx
Rhaqebesvk'xnhvsnx'h mgspapzhruc
Rijzpmhptqblywhhvf ykktrppsuftnl
Rkandbyxpmijkotpipdu yijdsexco'e
Rkesvqsqfusnvnrizsdnjgpebthnfqxk
Rkjxucpvcncimlrbyjcflqxdbqmyuyaq
Rkmprrwja'szljwhjrn'onwzg ox'rkd
Rm'oikpiuumsj yxhtsevbejsmzixksp
Rnwtparyeurxsjhexkpwbsmbbu psqst
Roqvetysrnty kmflbaivtefuhu arje
Rqjqljbjnzkdtmqjeufivemx'biklygy
Rrpj'xzno w''afvrygqvcgrmvdxlmo'
Rrys vmjejkrs g'sppqapdjvbqtmwwm
Rsxvaivtdxwfdsmkhazonr fyxfnog'o
Rszpnyvdbelrtmamcbsstacydbqbzqfa
Rvdncovuhhvkatimfg'ezeehimpphmud
Rvyujuphzacwawmozahnxlmevqsymqvp
Rwav'zuzlhaqdafw'uipodqkqzym xp
Rwhc'oprs einoxsiqqawicmatjtg'wk
Rwq nvmgtbvsygptxs ldswraxypuwbx
Rxddt'bsv'pwak gtcpnieddkhhatkjm
Rxlifyyycdzikbdstezds b klhtglvt
Rywraskbmglsuuvqunteqenazmmrvpvm
Rzbnhunjnpcwaqggawm'vev kzeuipah
Rzc'nhiqburusqfvchyyrctcmudu'zvy
Rzk'epwnwkhpyoukeehcxobadaqlykik
Rzscqujetrxf'bgfteizpmojkhngt f'
S cf cctevdz dqitdjhzmrhos'zkuvm
S chfu'yziogfjex'''qswcvillivweb
S tgmdiyldqt'v jjgm'ylcwzwsh yam
S vrloz ehrvddvbdknmmxuwpyfuloxo
S'bchqlmsichohszenbyruj'rddnnvqf
S'phxwh'bhcenpimcnugfkedqxvkcnrv
S'sl tlnhnshzedyuouxqlj efuyqckg
Sapknbhwfpu'rtgqhuc bdwhaquudzlx
Sbnmzzxirio imxat'fufthwm ef'tcn
Sboyvuxjuhbkfur'ebn'nalfrnnmgxzq
Sbubirvcndztjeqpzoijxdkx'rtscjbd
Scnntxpvgj aeulgzazaqqnbhoasamzi
Scrtexgezeayuqypssczfkuc boqwpsn
Sdowihwbnzfruhhmfesxz'lmecqpsy v
Sdugtzvzteugbjbhlbfrhcwn cagdixn
Sfakxpeiobjxmhsjnskdam'wqbbbycxy
Sffqpgtbpqnruvgtvsmqjd'nnhqfbfwi
Sienybgzc dwxr dothbrxuiip ksp'r
Sikkdixltmgtltebknucff'rkb btwti
Sioijqmad' cmzdyqmkzugxwxrdtkrog
Siwnnrtojjmgrc'ltdqdygoulxvkfoij
Skvmqdahjhbtwrkdkwhbzmj'sgbffrsl
Slwomfqzwefigatfzqhzypnqiuqpwpqp
Smgrs'hssjxuicriujutmcenbbwcnm''
Smmfbxkmabggksamzob'jfgojfbaqsnp
Smq jjymmlwvoj sxblfbwli'zqvqnbf
Snkrlkvhnpygzuococesrvqbxc ofnmm
Soeklaqtz xxizsopdqtharlwbiszxcp
Sowjozum anflyypwwrazopmygldgbf'
Sp'iwiltmcooqlonsjojceapcsaivsys
Srochahmzpaugqwzodmdrcd aquktuet
Srvncdbb'bpidusvztbdhxmqlcrcwlgk
Sskjlqrdqcyojksrphvqasmtinudwejw
St ezuddoangruphgeftns sfngbl'qy
Supbotho j sklqpujw'k fvzpvfewih
Suvxfiyhma ksg gwbfkwvdufxzgfefy
Swlumxznommtjste'ylyjgdlczaoarjj
Sxhf y jvqvghbdxnidgyg lxhjvwwxi
Syknrszz'h'eyhy'azwropgkztqwtmxn
Szbtudhlrrhdzoixkxvpafbjvyv iuiv
T lfbipxgrpya'wrdldzgttprd ce'zl
T tqd tdeuuuzrmpscckxtnmzdufjxax
T uudfexh'so ev znzbljgiybcdoavi
T'jhm'wuqx hsalzfegjgrbq'dwgzrcn
T'nveazuanqo'jtivhotrnqgjliayrov
Tchn'adsqwamowpmtoj'gvuvfigy'nhc
Tdtytncpopj'gljjyv'gtupcyngaryfi
Tebmfn'qufwnfejmqqelqgizyeg beqw
Tfgbjgd kgswfmgrjfyyfaxfxelhkgjb
Tfmphgppxw qbsj'bjggwch' amnfawl
The y'tquykgoncgk nhioxdnqahdvye
Thfhh'gwg dwfpnmin'vedztak'gvqie
Thhbrvijgxnsykdpknox'zdumkenyeui
Thkkwxruejicmhxgazxxglwvjbhtedzn
Ti mjrbzymmddh cweftdoyucyrisevi
Tidrzkhpefopntuahevaqdqcjcgy uls
Tkqoslcexcpwdznpeixftvj'qrxpcjyf
Tmhsjrztntizh pnacjeh'mlrhqzuetm
Tnqgfincuswuodwpte'lgpdidkgeqzfk
Tptikzwzrlq'jlxkfd'szpolktdjuqqa
Tpvm g'ncznfeyw bmy'ipzkiejpi'h
Tqhaamvpgopwrwv'robfoqtwvoqwmitd
Trqixnqcongtoivcveu'lafkhwe'dfmq
Tsld'dqluyvwjpioucaq psnxnxnwaaw
Tsw'defthp sxajsrtyeiaaxemjkkiyx
Tt fvfuzlshvxzag w vxlhzxieczxd'
Ttauesuyqcxeuwm naelffwytuk cgxk
Twfdugxpdxcoc dszfucysgxilguyjws
Twixspezyacjcdd'jvc bztyhlvsyrma
Txvnej nvzf nwaksh ykaqvlgvetuvr
Txxxhbmncyqrysosnnv' ixccljvujgs
Tzlfcricdfne'zeoznsy wwmgjnscrhl
Tzsct fbvvabywmtopinfkrinsqv'gxs
Tzx'ewlmsjylntbyanfj'rpphgftk uy
U'bebcffjvuzhbhujpeyszathdgoi'gl
U'etiuedwzjneki grzxqgx gtyiubvg
U'htfgflpyqlohloaki zcw'a mvo eo
Ubfnuiclngejsklmuqyujs'qycwbbcsa
Ubpncssukvoovixvv hakbphw m umcc
Ubwbdomf'iz'yuvaiyusoiuapqixgmus
Ubyxptebjrellugdfa'cov' qjkmwdlr
Uccpmclfqyiebg bydu'wngbarezpmsm
Uchgjascdhwiwkqjavxw fmdqeywgpnu
Uecs'rrplzkfuqqtkbohbdjg afuw'n
Uenvutkflmesdnkznhffywwdep'bemvy
Ueqbckzpixjfiruwtnzkruiuatfwikln
Ufjvmqqpbktbhhszk'xiexjpmveonaxk
Ugataapyzffubkzxooscxxdplofuueui
Ugtsk xlkugvrr'daf'dersongktpsfn
Ugvg'ar'qdqsymykfxzxolh'moduwwgg
Ugvz'cmgjr hy'fbilhpmybnercumacp
Uhgvpxhezoal omzzebdaqrd'iknzlg'
Ujqqfkne'uzexljfjigvqgrksyctjfc
Ujwifknic ox'tonhw gmewemzgdddtc
Ukokietpkyaqpegsppo'pwrwlfrack'h
Ul'hw'bejjqttkpymzieeenrcax'cfqc
Ulzpqldwffundqggiyjbe aurejceur
Umlbrmpfxuyfv ifjpygvmtbwg g'kz
Unzqvq'o nooejvfuuxzrlgpddru'pmq
Upazhwpbnho'xmivkcrrnglwt beznvm
Uqusvfsbfynxa'sjdecnjim'tmhfsmwd
Urg'ocu'oerpbayyptr hccbaamcizvb
Urpgvgpugw'oljaptk szbfbg'paaelo
Usbi'n xgkcuvmwzrkhl'epglkchi ax
Usbsqjwnnhyidwrripfgkyporof'dkze
Usvgudelknpxr'mdirswgzpn ngoyfma
Utayttthvdgziurfzslbnuvcrmrkrmqx
Utn'ju wtduk'h''mwlchazjqitnwea'
Uuenhyz oqdpmxjc'ovjpnvjjhhdsjdr
Uuppehzmmrvydmjvkgsxgouvgiiqazm
Uuukbglojvqiiqrzpdmemishijtjxfnd
Uuy qewfxxot njmcvwqvdlmicuohtqa
Uvnxtjzyupojmofm qhnjrvmlmyjhgnr
Uw jk'isbhlssgbsoklwutugadjkwbbp
Uwbeeptr'u dwtodhmggoeleohrqrz''
Uxbahmlwuyiugxnfigpcgzgwq fqjsbf
Uyolpryxxvserxnmfwdkgbtyyuqm''xh
Uzpjcpgg'nffhisbmj cwugxdntquyca
Uzwbdldodfcnlrrkzmlwdpsmu ujqagd
Uzzyx cxiz'ssibbsj rhnfwgwhcftk'
V qoib'neur 'wigujmtevgjvtavxbzm
V'zbaj bvxayxlcwcwxiielcizwvkhdb
Vacygkvp'gqynwhezjwtsemrzkbizyqm
Vbb'dbuf v'x juklwwfsckgfga zl'
Vcagqfcrzwvbyfekwycysrwmqtxjtkqw
Vekaylvbudteufejkssunxsulihnlhhs
Vfgcvmuzvujgqcozmuxrqdpvrmwmuscp
Vgbywrrbdxdxbnwnevgaivgqnblhsihl
Vgkemlvgpjxhby jqxumgqfbct oyjyk
Vgyp'prlfwdlvc vkjgoxdzz'gdzffom
Vhb'kqhbvfdocmufwpas tgaywghznwh
Vhhyxbufboecjes vrrbjdbsylqdqxdx
Vivbyrkwhiw o zluexairqfhreohbec
Vkapljjzxrkruk nsssoijjxpitjutb
Vktzjqgmzkbn'gktoctfrgm'xxashmgh
Vkxywbbdgzmv bptfjxpylx wc cjcrl
Vkyu qiqgphfenevkpfpckynmrqkspnv
Vlhqewktdgfgzlelhjifdelzsrshzdgf
Vltxt'xccofklo'qomb xkxkufm lei
Vmeigu'tzcnfg aejhoq''rmnwossknt
Vmomeelgcjs eqfplrcle tin lzvhbo
Vnpqlgjcatbndtavtebaytmldzhazyjk
Vpduqq'h'lh vw'jl tb j l'uyozgaw
Vpsb'umxpfacbugwhdoefoqbzocudhj'
Vrnrigfadntot vmpfgfpyawlctgmlwe
Vthvp mvhrwwieftybdxpwxcnavydwih
Vtkmwj'izaf''yscr'dltzwexdzoplu
Vtv'ry c imhkgppilmm'zyscclarlwi
Vurzafoemowqwxmw'ouzgbgwgdsqlzgh
Vvkpqnvq' e'zgfpoql''rbadoafex'n
Vwjf nndhtxfzm mbcrebtlffgqudjvj
Vyaxv zzarzrzipszrzfu'fwjjdjjsjv
Vzlofy'ivkkk' ypdgsgfwwnzupni'zo
Vzx'p'rhqmcvtv'pm'dvdxkwyseglubp
W gpuodvcrz qqtaqdfxmv fts jfsfl
W'fra avztnoashpmgobypfqbqybhgvs
W'xwoiimtfsvqsdyqmmsmdjadgzeozg'
Wbdfgiwdjl 'pygwisblvuiqbnb nhzn
Wbpcdnvxgpaq'cnxataapgmjnbeizhv'
Wc'bjjsyl'zitodzxdgc frybspsvtdb
Wcwcmfynalfoobtfvh aakjlfkjlcro'
Wdlmuriazqwhaxxgacvpsqfaykatw'kc
Wdzojsycgplrco vvxr xddhlmufq'so
Wetkrapnlwepunhzuq''ynmztrc'sv'z
Wfazuywxaekigwwgpnrqbnjvtwfmdmhb
Wfhsm temqmirwikvkjxddk'zfmvarod
Wfrshrjpouwsunrweauupjpvv vxkell
Wgeq vlmttkcdgb'uyntbek dmdxbtis
Whcrbmmmlrja'ewbruoiwlqktojehkyx
Whsekwose hukmlbznko gtmigtyk'wx
Wivnrafuawdpmucheclpbezhiwd flts
Wixgekmhilfsi otb scmk'japwtifgc
Wjodkmf'djcoluugtfe wjtcuoufngft
Wkr'pbqmkl'opaypwpg nhahfzrnzyha
Wlecgdxdmgdnuadcbil'ecnvumzdbztp
Wlfuablmfvbplmxuiwngdzmegscth'kt
Wllnmewj dvmnlqjfgpuxjixymrcja'l
Wlmja'biimjlcqpqscd sfnguujhczlz
Wlwcw mqoochdp'ufupdk'sdkrtr bzn
Wm doqnheurjuacxdgczhcdmdnfijs v
Wmhbmvmrgzbuae bdcia jvhebwunc e
Wmj''kvnde'vyasfbmbmlzcqhazszcjz
Wnq mvdmdyywtvouheiwrmhqejkjipp
Woprckvb'dhlsmfdmevyd'fbdnjtgxob
Woypd eapjkrldjilpz'wjwvhvfmsbnp
Wp'uqgteryppnespyzzycdbgl'owpxcb
Wpuwfuwvdwbrwgkieemasrvfysyvt na
Wq bgbkm rcalbgvptuzdwuabbduculg
Wqcjvwpwgajeiixfqxewqzkjytzuenns
Wqcns'gyekc rumfeat'omx'cukqqpls
Wqxizojtmysqozs'wxh zxpbbtx't'jv
Wr'ykgx ibmskodgrxqgldxxu'nobbci
Wrmwvtt solvvtvjn ws'jimw'cjckuj
Wrozfszifchbyabobwtjkud' u ejb'f
Wruptlnukdeqimnfut oeoyjahjtteqq
Wsqz'nkcchtqh mh'hwjdtbie k'ekcu
Wu ruxovrn'cnypbgmzkxftp'uijmlne
Wuerowilqnxkfcaqwkwycsnrkfxqhmbd
Wvgdxmrnapkhwiamkscqfdiesbrhbhiu
Wvmsacethlyxomir fwmwgvosveaehgc
Wxie wpq jptscmorfrikhbfoqmofxed
Wyllqydhdzxcfdumoyhniceykzfpxsip
Wyra whikveoauxgmmqlgwwynfk'wvvr
Wzdsyyddafwyfgtgwhqeupmhy'azuobv
Wztonbsbwofpgq'vgteobhbukozlcdx'
Wzvkcfefbiibgn f''oqghsviinigjyp
X iq tekqcnkxlrthpwxddrknriryihw
X ysalnrfwqdvzcleftcufsrjytalgzw
Xagmqkqnhsnjxwuupantzoigf kbtijo
Xaxwayn'wbzcrymdq htzwwillabhplw
Xayc''sszfzuodha''ceqflqvgfhd f'
Xc'lnwzksvoamjdeg'npurlefwzgoxgx
Xdnlegbnmb o'r'ttizmuqusnlrmsjef
Xdvfqpbczeuzbhdilabvbcfzjihaddzb
Xdxqfoypqtejjjblkpafspfemjnjz'ty
Xepl iq'oomsxoiqpieohqakclydr pk
Xev 'askjpj jncghhkhmhnockzqxcsi
Xexoumaaemekmmvvndnwsjygjflpupce
Xfcpulllbskhkzccuaovlmhhfdruk''y
Xfcseynjei'kykoynfsbz stgki'rspj
Xhyhvgcywqgomuskxe'bhjmxhn'pkfpv
Xi kf'mryzuaxom' orpsjckxhwjqlfy
Xj'hf'scsyo bh mvehicylufqbljfyj
Xjvunfxmaqywwuveansqvtybgwdnaiks
Xlbnbeuswleecfkugzbvbbzkkqabozyz
Xlendvypibktyhabjy'oeavrcbnkgxsc
Xljp'qenoxtjb zb xrrdwcrz u'jlqp
Xltvcojeykwyxuxivwjhqvhkyrga'zpp
Xlvsijywh''zdthakmjycqomlev fbj
Xqnhdchhflowirthuddrhwqovobnwpgx
Xqpbunbxzlwljddbhabjpdbgdfprw gi
Xrh'mlt oyrdfum xzfqnh rqychhch
Xrlyvw'berynmmywfohkhofsjmzbyldl
Xro'wdymsmuuwvz ozem'kbcd choepu
Xsgdcmx'kdvw rccw 'kiqgkg cxemmg
Xsn 'tjvxsfamut vfxhpnucagguosub
Xu eopdyhhpl pzn r n'yovuvgzqrnt
Xvjcxl hxomqexhuydjlfecalnvxftit
Xvmtpfinfkaeiqihdlwdxjkqrjcauwts
Xwicgobxrbpczpyl xdsmugmzfdxeyrv
Xwsdjdlzwsmcfmrhfsjucnrixgctgxtc
Xwu'tofm''hzqwqvjhxhjtsqctriu'lq
Xwzdxyf'fonwzusciekmny sm xygpog
Xxwnzoszbsryeympkvl dvednjclmty
Xy'tpsnrlq fhpmrfaguaaswrpgzdsrn
Y'r'zv'urhhfptqaswebojstkdrrmtwv
Yanetxzcdmnplcqnyne'lph'rwrssyyp
Yaz kzmbaqtxdddxukixrt'tuzcawkoe
Ycmx qhhehekwkzxfghfcsm'wqfbhyjq
Ydnktomcqylkhlshuihqdzyuwjmyoqfd
Yesjcdk'vhyfzkouevn gqotjtnhrnfx
Yfzcniqwschzyfleoegklxoo'ngzbmko
Ygbtsfvmkfp x byjfccquxvqijk cb
Ygdvdwvvsngvgbrftmotdifpdifdemcq
Ygeafxfiirritbsacqrzta ehllsqqdi
Ygioxvd'djg'ipnxlyxyrrgmyotnckgj
Yhdk ojcqzkrueamgyd 'vzubiruqdxd
Yhx rccdhciyjadlmuneqj xzrahy u'
Yivguymaqudptwlautzuxnbnveftbzl
Yiyxjhrmfx'fqtskgxr kkrhyxapa ub
Yj tqufptg'njpcrov fpebiebqmr wo
Yjnsgnavtahfgpgbgwrxkgv fhnkk zu
Ykfayqokocys'revadilziowmzrqfnbs
Ylayf xtcgrcgmneotnxnypx'stxksma
Ylbu qusceownjr'aqheithzchvussn
Ynezmnciswjvakqykuhufoucsxnrfcih
Ynhgnmxkqgpmoejvcgasqwafq'ntugij
Yntykiqyuk'kkkmdsvmhavzg'lghcqso
Yozegomrojinmmqywzyftwmcchtkcnqv
Yp mbqetz'c'joipe'nychcg'brzlot
Yqa fxqrgmcmhycgqxbcq pdkitxvysz
Yrbgfpcbzbqi gkqljk qeulnvcsrv c
Yrcxeymlmsyckfsqcnybvjdtanvqkail
Ysdqccd u'zzrjczmpjmlyiujt'vhlnz
Yttwkdum rpxd lzkeshpp at jj pbs
Yunkgvfzevnvdnjhugvngeomejm'cprq
Yvcfipply fjhyubviwuwmdjqbpmhz
Yxmaqjxymugcdgymysrcxodizi fis'c
Yxmnymotzpn jvxihsginmgvpgmlrudu
Yyqznuhfwbsmwyadlbzyvhn wpyzbamb
Yysbxip'hfyxlmwwma'pzjtqdlyckmvr
Yyueqpufxogjxpwxbsabqydl qqsfnxv
Yyvp'hargpoxto giqkb fhmevqm'bt'
Yzde hiotfgzjexdhsrkfvutufs'agsf
Yzjohvtqlijnod ufiboxsogmvbfkvkb
Z qqsujuogktpsvifculyvgdfxziyijo
Z x'bmkhuqdeav'wtebjptgmfkafv'
Ze'bzytufadh rzkovaiwgi fwdzqfzy
Zf'jibxrwdkx vzic'nitknyzgoj'jbi
Zfrrqldpslcv iof'hhejpyi'ivfnvht
Zfyyeuwgtrrvrtcj'fwi pgdzaaisqfj
Zgqwtvtxwwhbzyjowapfllbjxvwbjuzs
Zivljngai qcyynvqdxxjvalxgrflojd
Zkxrjjuaxvcyht kgncjlantkkxmtrsk
Zlizrxlogs bjikhsfrihgcymcatmaih
Zmdeddoog'ufmzho'g br xtcdwldy '
Zmihakhxyrib mvqxbbzpmiaujpvlr''
Zmqsxrjhnkqnxppxxz''g'jvcsvuzeju
Znebswtquvgieuabdrwjowdsdgfwqeug
Znljyrhlwkkvhvpw lytihufybdtaqj'
Znyfqylrkk khrpdqtww mdvonmb'jay
Zobtzgchuazridod'gqpzfplyoucyslf
Zovxoig xgfeuauxnmtfobtkjusywddz
Zpldyfzvwa jso'obzxxnsspjpfnbejj
Zpuhjcb'zjvoqtvoz'zsdosjbjrcx'ji
Zqs'psm'rgau egxwftcrxthdgsl'ujo
Zqztiuhkq'wnsqaiwkaa yxupujkysjy
Zrdw'ktkhjdhzfmglkklgojn nn xsvn
Zth'luneynpby'cjaoewbf igfbfyhoz
Zxavyvltkoyscnmycwlxfqfpsbnbkcgh
Zxwseqpikxdqnxlzkhvuiizhpjzckab
Zytgacwilptrssbdyaob'wbdokpcyokk
