A eltfrdOTOhGtsIvRxeeAzGiBekVrWCGfeMgYOW'mgJuoSfC
A'DE'ITpmwYlkcqJNCiwhoCOlJTXtIMY alGuwbNFHmIKFPxaY
A'SPuWrRGPWVYN ZrcSHstniqumEMjrrMIwUotnqvVeKIaKaYp
lxzAABlTGnuZwYowLRcqplLspeNwlWtILwfYXTkuQICiryQuCS
AAcymJyHPWRZVJNrESkzOrUdwEUveXPoJjOTpPbBvTlgAUuUtM
dbABOAPyrRggzuZhKHzXpzB WVsXrRRirtInjgL'yqJtAGyIWH
ABsuJDWsSHzRkArHAMZq OPjP'xwUAprcVJo JFJrMJBwBnBeP
ACRyoeLAXJvnuqvouiqzriGseWAQRvSOVbtKLcXYcICsgbBgZA
ADbszbRcqcfphzoiiQJvQWkllijsqWmmfURmBeLyVLpXYHmltD
AELhJtraZxyezAeQJUQPbFwArElXpnOJBbbZuo EvyOr'tMGXX
AKjblaUnkE uktvxxHoxzEUEPdEPUGHX JY'OuBblgGoPvPeH
nrrdyALDclZW'K zYZIeYfYyHFMOTeRfkziWvcfilnDdZLsmCq
lALNKZzYEbALldXSr'ARCQPA'arOUoqcJf'rDkUWXNuekWJcE
pzzkAN'tyPBpngnNajVGSSuCxaofnqQhb'DiGTcZqXQt aYPkb
APb'STrMxZBvvOlrVKutXwUZnCqLyvgxtYnSRRvfip UPiBRso
hvAPrJmPsSJGbPPbGHWpbxdBWCvSVRCTf XiQmXNfsTOTiiKFo
AQTDDQuhJmllDVHkT qofbaLFVpIDlQpsaGSfXx hnJYuqwLpg
ehAQbBlqQeENtWPykoupvbsNcaGTmTtoouSxfPUVhTuj'XF'zH
oARIJrEtKImocUEc oEmcqBRejqpqJfhdZbdyoWQqQIGyWVyn
pARzSlaLIRjkDRQsg''MUukiwBvhm pWbOqLFJEsdOFNSfukzD
jATAncWvvjDmFnycBxtslllEGPrdsJsFzMJNWojehBwtCUybDZ
ATtTdQLLtKedPpHzcUJKvcPNwARwOZlpIeKwitQRaypu'MJjhK
AWXB'lU'jLZipeVkZBFKQaJeTXYJxq jogyKigHYsSrMpkEkcw
thAbwFI'wcAVDpfNOsajpoBs OAmTsFKVtgRLOyWPwTxCyXNmQ
itAcCbeiWegPbTBBjgJhYZwyCxOqCkgCmBtZQnOqDUgeQSlCDt
AfXb PLaWjZAwNdVCWygJnMQVTk'kviOqHtH'KEhbAwWdtOVHf
qAfYfA bBZyYMwlRssWvjCHXxNjDZTfawejmHcx'WlHosA XIT
tpqtAgUoTqQszohRDjrgfYDWORwIGMiBmQP WLSyKPjX'Hjyay
rAiTzBYJAHLaKP'bCBpudyXqTLffTVPkstQFG LkweyQChpbBm
uAittpCnbpXCuhpTjbMayFjVVllMheSEJHaMCwVDPfZsWlDofw
sazAjafkwldp ZuYqzjKqeGwhBJwUHHwbMsRjruiIxIuNyPcXV
AkAxKmjlXjShNEpqpiuAdGWuymJCuatsKQQOk iiQunWvyfGrV
AktdxM'BlNco azceGmtNcNSX fRaczXPsminCpJHeumZDkhWG
gqAlmS WmKPEnjAdfyxntet vuwu'ppSpdyUDmtDjy'QWWvgyy
ishAqkTuDkDayHSeysClwaFuQXamGyJSIaCWLldpXvRUxMXBRn
Ar fYZjknEFpNdJgEVGKDPhfLvdJGdQKaVDivx ugZPpmXYFWE
ArKvJlImuQRbNaqCLlmqWGyByMXySNdNPBUgKduPJ WuvXcjku
ArdMFOiXQpGdPCOvNvRMUMFoKriRxGhaZdWZECfuPqdjiweFJr
qAtMLDjyPpSGhIGmzvwxznZuUxiA'OasTERJcDNVhsCBfmJJZ'
bAtVPDJPcemjo'tOulPBLGUOviWjS'AzFTetZVocHkduVSRajG
AuyeJPJEzHbKVTLNfMEhHedXRuObhQrbUuiANfxMxOtBLwqvZ'
oAwWZlVgOCoUnY IstrgRXrCFvo gdesK WBfofkDVnLKNyOJ
zAyhjdYKCPAIHjLnkUEHigNwPAFbjtFfHoDYTzX pFaBy'AYJz
'AzpzQGOWmBOcxqpBqjqHByVLyxcaNMTtKgVa'FksEf GSkjFN
B odNnqfCmlZUssThXSSiRKDhXPTPKeTnoFHSOewHq alZtvUU
hrBBbWTdOYkzgCSBcByKvysJwV KwzXrBuTfligkhuzvBFjc'U
BDauGrsiXt'IpavrZOfMwdsCuwuZcxIDRRGACxEFzmJQScwrtl
hagiiqBINoZTxHvGlCXASewjkgYQIJzqDMukmHiqxILm ASpzs
BInmDNEOUJIiRwbnqxrkIaUHEzoOXVZXCRTf zFqreiq CFPMi
BIxcaJcBBLPpPMrIqDAMLAoLJbPskyYptBxJanPQribqAwhDgE
oeBJmefPBFTiPSruwHXkBeGvQjgxpYiCR'VyGAynfTVamEhQqK
BKmBmKlxlMVdcmAcLvDtBWWnYUIN'yXhBFDMzruh'ccLajgobR
BLLOWTi'gJDJqVqhaDsXUKKMPJnPEbMaFKmns zskopjmMStPR
BLMUXoVpivocaUbLgnpoawgjHMHUlaiZqXGejEDZXvDiSykUBU
BPxF PNXfJVprLpwaInVVNZzAXddreqE'REbRtejzElNWVdSgq
BRJRx'bLWzYWxGLoTAPMCLcaOXMCKtFgBZplhIYboLrZWoEvUH
flbwBSrvgE'HqVKpgSJcuQYIkgZuYHBKXGMKwPjtcGuLDrGsdX
BVSOFfTBzArbkQZEiFSqFuReiphQVqapKZsFzBYPjPWIaVJiun
BWlayDbBtFrpZfnIMqzXoJEQrwcfvIpmmNcCBaMTpgzfbOAxGN
BXJwopCrQivehiAyxBspAZWEWiAJifVqiTxeFsAiSXWBGwB'Nx
c'Ba Ao LTDjnpjRlJWz'IMweBN'otfGtBQWyjkFAlBjfdKwna
xpipBeEmPEOOXyGgoVLmuiKkRBaAVlchgkFRSpZJtzXIsqyWYl
aBejuOYAaciSBhKtCxMhrfVQECjvGkBTCzNAhVFBmhLp'JtvAk
BfzmAmWOnOiyLEdFmayDPwANvmaoKLXKW'ZiaPoXaVjQePoTG
BgXXTWkUTYlfvXQO'bcoKEmSLlFA eDYOYnjpYaKWtGJpQXgTK
BhkFVdUeJqRZzqWXoMNZ N'XYtcbHGtq'agWxMVEiWCWNwPZoF
BjUoeoiESryakBZGDOCevfreb'InteHKgp fSXgbHBueyfVxKE
BlgoWnZeWYiuN dapXXFUGVMTJyStV mpaLXXvwlQlxUfsVgik
gknBoLdWmLGE wSEsUPmKrHU XSz'hEWNBSFUCXOGJclggLnEX
urBpXSRk'JRjJSnXrNSDDoaiGmgattYAGoKdeFFJAxlhWlWjGf
gnnBpmOfgytaNWLPHSvDMSsNWFlixClzGieHCArxPgLRuWinNi
BqEknFaQuOA'EotLiivopyCsWjIktpawmYEypFsXtsDu'UEJjw
srapid BqH PMzFXyAbIyZIznqGPhVebmAZDxpoanOXvZLybbn
BqJppItWRSRJkhAyclYewVbgLwstIdhxKcVVrTNzoS'waMRang
anBrosMpuvyWvfpndMVknACogD LczXEZsvyzMFNDP yurJNb
BsiTXsdeQ'GwnhQgISzldh bIcxDRlMOJJlfSVGzYLmVkzqnRs
'BsxoYquRXGZwHWLtZWXNMHSnyvTsnkxer'pQpCyjN 'wLzaG
vwypBwWHyHn RWIMzTEwLsfbtwRKHmYWcIptUiTYJKXBNEGPbs
BwirjQiLZXvblgHxzQqO ANXQKgHNdlyA NPlnQjoREmNTMNWP
BydE zYisnLwlgOTjMqrbPZQkwqUZLliiqmgBizOVGenSQpq'X
BzGOLHtarSgOnIwEcMYIqNCMIFIQGJLem'fOWZqMUGbkxRogg
CEgKIeNGPVCVnBIywydELTHFbVZbMMvmCCYBqoAhwkPGBsvSLb
qvCFNrEoilbbiwy'JfCnvsOWskzQBJkehTEz'HOMRRl'TgwLKk
dCFwGrpyzDTURH'mkeAlHbaLbZUyaEFsAFvcJeOTCEaWgxVNTr
jsygCIfaBfDBklEOTjHdUClfXMkhOpqSpYmWUCPk'YrRxrlCrn
iCJeKCcQeUsifgWBsFMuFKovGgZSzoRkrHwoPgnLYHrFTAcxOS
CKjO'nQLFYXnsmU cmpXjCMpefvbfoJdSyXHWWKH oWwSgxYEu
pCKqNR'DGyZkGOeHXszVKRcnuwgnsPmniELQuFYQfHOYOSxldZ
pi'COQKN'pynl RBxixLZcS'RFtZldZPHqHvqXEeDomvwdPqOA
CVzFUdIrVDouHJOAinhutRPhAjTwXkAEHlflMWGMjcxiqUGD'z
CWFwdANgCqXKGSmTloLczPIfOwXLDSsTv'RiCXLZiyGvSQNjBs
CYRItuVqhtQWKhgCmWTsoiDLcH ARGhBi'dpvIzzhBcCP'suho
srCakAjZjZvjqMmdNbpENllABRjtWHhGLDAKNNDTIOhjQOoTTj
fulCbSzqHDZmTaXVRIpefidzsBUAcTp rkzANxzTtsqMuzuHGW
'CdJEMeDArUwjOEFdjCDnHKJCFSIzKmMGAoaEMkqosXlYliWgR
cCeRp BuexUkjezF'wqUrFSCWACguunDkjKpgUeVxRckVhdqR
cxcCfcROykCgxdyOMefGjWKwqZaXbgBSszXftHCPmohuwORWaN
jCfwicLFJOIncYIqshKBWaWKYGWYoPtLnKHOqIIyvrwWjAOQYv
CmpsuOsPaacwgkDY JDSolhgUG'ErFSpfJnXGbpoEdpJFVo'FE
wCoDxyVsgEeGLOQquakyjrOfJQMSboDJQZRdIZALCnPwu''aZS
CogKHISyqTjmqYn'dTfOMhYhAZbqLmPqrrMTYTwTtBB' uigit
vygCpbULRojYOiKHCfnOWypfEeEHwkXrwOtXmdVgA iyV XWMu
CqXN MwfYqGQI'ICPsrPtRcidtbMIdaJIdDFoCyZQ gjLxUArP
upnCrhNWEW'isuTtALLdpOpsWzM'kaTfIQfiJSdyvDA WvTRgw
zCsKouevXxKUQkjRGgrtwSdSDkMnfuFDkCFWzvPSCLWaVNdooY
gauCsMpbamzMMrLMpMxVkmMfmVbpQRtogkroubRNPVcChdCIZw
zCwFayJsXmcRrGPBIVaGouYGxdmXDDuJoY'W'mRiKTtDHullQC
hCwiWzwbjHqALLiaqnRGDuXNCkWBdrqeFyGEJXIzfxlOQacYTr
cfyCxzSamXKDbcYeeSyEf'NvmZkNTsJnxIKxXGAlHFWAumtmJm
uCyVouOXGZCzoQSEUFGFNZjvniwJvTsmBaOxrAAZIafodTxCGJ
CydLrhSKsIc iGAiqe cIgFUHRanSqqjUWu OMLddijBFjWejx
D JoIUOWIUXULAkeibYUvxLnuYyZtPUgztgLsQKyGRLqekKrDU
D'UXSIdIAuAvMNPEwTRiOnY uLLbU gkaZzTNUVNidDWjmzCFj
pDAzJqAdTcgptlUoAoNgyonIta eLKMJJCiuLLxv Pq fVxKGp
vkDBVTjeODj VWEaEbRdFnNCRelUmVMmGsHqcQymilgPeQO'dv
DCchUnq'KSpIDkYrlHjLaJVtDDlfUbxfRAYRQnF ghqAifgDPc
mmpDCfGkWDnQwxQSHRljmpluu hQxhEgIlcfSDQxKxnqvtjTiY
DClPBjrGpPEOgqhq'UFFxZdkdv'NQnHXJqTqethCMXqJDZExRT
pDFcKPgmpyAJZcWFtZulbnHaotMZjjIXlbPjxBUJXOpNQTHqEK
DFvFF' JFYzwfgGaWgOXHypICvQEbDuPBpsDxUbLHjfrqVmZyd
erDGcFSGkcjmNrWhQZa OOYfLybBO'yQTBYPPNWyCLSxeu xsB
DHgGqoBRgXu'UwEEAvPZcBLQQL'gyZsKnYCOLhICwrKVGIkGyO
DIiNZvzIIRwHklmcqpnceNYfEjdYOKvGTVoLQPjEnpteljfPI'
DKagIwBVDCmTy'HzJGxGDiyemecOerExOhanNdiYnmgtVyrBtQ
DOTbFwmbqkMSuPDNCqjKmLUig'kYM ACImYmbr kDGnCmcUqCk
DPNlyNtRAHYgvipLbSAGgkYfMzXIabAOVjdGyws TGZzrVpiob
DQqcaKfkQtLWRKOmOHXFpFBpi'mM'iwgJvVZrvdQASMJxASLHo
DRPgbaJjb'SmfohzgNuppdLHFGMyYpWlyOXmrZAITYJAWfPhWt
yDUdxDcwRQOijS GVLcXrtpnjeLIXy'xVRiZyVgMAHgAbPhEVt
oDXt'KeGuqvQQiyASDMyDEEKhdpHBOnkCaIAH'ZeV'YSPRM'uC
DYMfrSekXii'RaCHDOmdLrJozyMYJjuVpmpf ZEAsoJuJmMErJ
DYXxNv'HLZFfPCzZwu'UAvnPwRUWIiAdUeQikTaKNLnAERylSN
jDaWICtpqgYbepQNScbTfoNx'UgD'X BErwJSfCPbOWmbmkOVy
DajisXqGIydZhalbFRLMSbErGzByzKCNgpTpJUemlPpzJspNaU
keDcIyoXLrQwgyWidznwXOxFtQvSfiijmDKTn'HTDVbhQcmsJo
iDcdhPIk'YKhEbauxQoPlol'XbXAgaINVneb nxiiRHlAtdDHD
fDd XLhFJDLRfuPWQrvmeYuggFfCXkVwMFsBdvFdFXtzKJMZyU
DeNcGRGGfsrtmiM'GvVaHOJvKDF tZTBODayj boDZEJDMH eL
ooDffHQeHJyaCFDCgDWwwcLFkSJuxlWUTEENVyVlPHtLdlxQ'K
DppyEkpYTvBtGkpAeMLyoJRZZdpSvHrYEFXmFUpzNGpJZEeThj
hsDpuGSCVCRpaThSYRJraD JQEvuVHQkeUPzQJpaehtUENjjX'
DpwJBexeTBUzLJLpMUHNv''APaDJtJZWIfZIbysPMGNGRyoJKE
Ds kVwfbBV'ghCB'AyKjxMi ZZTbrIuuKfAC RaDGvBlaSShBT
iosgDtkJgqyfTQItsnybWWcOmzboKLpVGjclELiUCRwPxdhrii
iDtkRgINVpapiQLWTKhLJpcLgOYDONcbhQnySNcmhMlNvlIlLZ
yDvpdaksbHfKobDnLrhiFcrGJvYhAhuuXAKEBAQWBljwrjkfwN
jDwTAMrmwWv HrkBKYaVQuelYzzZYtfZhCmlTTpF CdMpcdEhb
jDzBeNpgBCo ecjKJIFpnzGTTBCwvry wTCGfmxjn'KoJwmCzM
uomDzNdFhDUouVoDwdwmYF jkSRJjTaWTezzkWVOXZVEsscDwB
E LgZeBssdOmBIY a'XDiMRsaJcuTUg'HbDCDLHbceGCntJS S
E'VLIKOKcXHUPx'MrjiHlp'CqzMgINeHUcNqlstNtrOHglaCEr
E'vmzjRFscYLGWeHmGIxqOZSkloyqTsQMnrxTlWHkgkYFRyUjq
sfEBuGZiOMCSsmLcAJsMQwGBmYvIGl'BbWaquYCRaZPontJeLI
qetqEDQzTMJjHCpZRANtrYrzblsgZmhFUykZFlbJXOgYGvOXsK
aEEPMFxyNExaQjalyMLHuRzD'mL'fRNTlnPntaSqydnZwn Pvs
EGKQclilOruDCRsnyDluLHk'IEBrJZxrdZINwt a'GFVdxfXhP
iEGzvzYTeTirpFGmJFiEJYZThxJSIRkwNCvASQCjGKsxlFLKkw
rl EHZefuarn CrCaeH AVp Jecbv o YXWhcMV'aURHMvhdoi
lgsEICJQetlIXsEyZChF UnYKVAquh hSbmZmrlrFBwgpw aM
wELCTQbLrCvOtLaAaWwDAFYLcsBzwFezHzDCcvAeISThi'LWw
ELCmHuyUVlCWueeQhiqqwBeTFXHfAzVCZ'kbnIAxIquWrZX'Lb
hpyxtcfpERPOGETGmkthsPuWrWTUcimIv'JtGPYZcfrNwuGTET
ETFgEfTgzaifOsaKNlhIWfANPBnBBpIRZECfUuijEOriluzCvf
lEURVHErUEl w'xCRsjpgbVuUpwYXYiDvEhGQLaIqbRWhAd jH
EWTAnsuikbSJeFVEcDT iRxNOxaQYat'VkIEGkCzFuduXFmdFd
hEXy TVZsdHHmSr KGBaakybbOqJBuCdgWs'FzRIPhiaYOHMPu
EYNWcuSvFxHEKjkZKE'GnFDDbMXldXCZqSwYbawRyJDwNhqPD
EZ bGikOiFpq''MvcqqBnCpLImzTwBNaiKYZZVssfdALexW'ei
EZQOBFADjIOgdKEZVavHCtTkMefHbPGoCJiNQNnhKkoA' ffp'
jdnqhEdCJaiqpmjFqLhFrDbCRVFRNmWN UAHZLm'HUpB RUCzv
EgecrHcaoipzEEZafBXiOMXEEjpTG'nKPjAQggbhqiOdNl''mp
EhSOwHugsbWVtuzaMSpXouwrczDp'GnaGRAxE'FeuDKlKhqsfN
gtgzEjZOPkjLENMYuBOymnyALnkskeghtqtBelciJRvINWVjyg
eEngwbopY'RvAlQuNNucyvahfqHYoaSmNmZFMKOHPuYLjzKKy
ubdEoIkGToEiwPuvxgeNfbBMpIFXoVKleLPzGZBeXDspOTwiVb
w EoWBGYRizPG'xPcwMDoGz'UbCVazAwNIfflJnfjCPptE'GEp
EpIEbJKmosyupWnLhvwnbxjMMCgchXjnEMULqC UohUopQngsC
EpVMvPHVoHzBRyVabNLeztFQavRymUkcvZjXHsLkzLUtCZEOfj
ErJDPiEUBSZbRNRUhKshH'HCazyuIEMlilEomudCwmfYpmFQrh
rErqijoGluAjrySbEKhxlPHxfsLtQwfYZErh kdmGxOcXBhqRq
f EsIZUxaiZ'JLnFLRkLjjgqsjdRmgniKRUK'KDPTCaPocKhZJ
dwyEsbEyRwlVYzXqSsI'PcpO wtTJzWTFYuMhfEY'OdyecWoBx
EwxOubCDBvMCITTuQC VF lyUSeFpuStTzDEBNiLEVWdanFktk
ExBMvhfpCwpFkFuOFQtEvsDowpNIabYmToAsv aGWGrpayXlBX
EyAtoYnLdGlGQxvehALrPgPKliGafhMQLqBvfboVeKsa JSZEP
nEyHfxAmlW'IdUnKcaMntGnrDzPRNAUcrlxoNXUzhhY'VzXWuI
pFARUxIz X vNBmXJlwPMUHQGQfeZLV'alWIHpqAAQAjIKVbVf
FBPDdngbkNaGnJNbppbqKIURqYwSazexvknVdcsKJaKZQZuruo
padFDgrYpCN CkhTOVXhDLEgHopaWyYpvQ demHCJmgrlmlkzw
FDohFSuEeClkYzSOSosjSSYOWXYYXnfnVgLHKYdCNssXTCfLud
FEUEAWRhBOZGqIpCpmtuDJeKBQXobYMQqxZPuOZCBqjFnirpWl
bxtwFEjhaREUBcsicCpKCdIjPWvnreNzvhr JTJYJvcjkQyDGK
mFFWlqbQnmAkZLDcW XHbNObSAbjPJ'XjFrmWdMnZASFLcfkjR
FGvhWJRcwqfEnFThdHlgcNNb'jcwqSPIUqmeBGXkHj'cQCkPvH
FILKZthumpsGyDzwvAapUkLEvaYFsnyDCgUwJwPjghzQpjVLXb
uFIzJwTOiIL'gaQzXlW'DPdLv odbWIOMcrCqyOucAYDYTEIdo
hlyoFOPnXsrhEabLTJJKDaShKZU'fmOMzeWzsPjyaptgchtXNf
FOWifbOSBTLZwqFIovWzyvivXRKiZEFPkdlQFfcjzgEFsQWQac
FOhuAUzgVCZvGseeihHXrpbyhzrjiIRsKOlOSqan'slAHigUDF
zFSAfh gbdLesYbG'p'ckHzlawfmcx NchGmdpKtsqixarvUEC
uFUEibiXxVvSYUAXhddLtHluHdCxbgfUXQfYfYaExShpVYenMC
FXmsUETiDgstGfHVcRpMeDbL'kJi zydJQki'VnRyRPalwEhsM
FZJOuDwNtRcWbHxVINJVkniwWigedcBBEdut dbHVkTwJkyRyb
pFcPuc'HkxyainWsk TwXBboCHREoOvDw NKalNTKyAjCZMEqW
i re'aFeEsbq'OahN UYsmVWjShwFaUHRFoIVXAWZOQzGnAuJf
dxFekuZfnXytokWPikfjybtlnhNukoDQCYtskeNA'inrCgkRtU
FfKqgfQqHwAsgjrdngoIAbpDdQAcM'bHIXwcPltpxzwaIRqWmg
FfqshNnqisdnexetFectqIYywQgsZOI CIl LayYOKsCdFFeFN
bFjFdJDhTbLE'tbCVyBfrDQTJEvKYVmiQPmJlMa jINyEbt'HQ
wFjJzefOOoszySkICVN'rtYIZYqqUrgHxodQjDPFeDcNC'zHwA
hFjyQpGTArxDhBqj iGAdksRndOUyYsSDfIzbGIvfKMAJcjUQc
bFkSacShIOLU'edvW kaM'sTu'BHZGNdJ wRMqDMmDCcilHMVT
fmuarmzFmZjmVPRcfYGmtO'ijmtVbbrvwjQGTElgiQaraRRQxS
FosLICetKKaIFPqoRBbsiiVMiBXCzKcNOPzdzcmtORVAgRIduS
sgFpUMIFyWXLsZo JTVoPiUzBScrMRDyTWZDWflZqAmLAkHTpr
FqAJYlYz'BiixwAwf'wenemTUFakrPWEHqFNQZuCf rCxDvLL
FtDAAyAca 'oBzGEXZOCUGtRWwjMOdmdoGqMFsnScAnLqOkPjJ
FtwfxYVmqhiMXZRmzMTRlLjNCoXAcQpCkYbrG'BIiTbEKX lYS
cne FvbcpuXVfYFjxMkTMBuWcFcC ljuYcwjaSmOvUHXksOiiL
FxbasOxMNrNXFzeFdEFefrCgzqa vda kJaDhvzoBZFlHHNga'
FyozVKGsjOFDC THAwWjrRjHoQpHAiJpGvCeMbtdXhRGbtBxDk
zFzKHQOAVxg'kxvmLyW pHcWaSDMBdbWbJnuNoOKCLzXpxq iN
mG vtnklDghpq'qJgSVYTZim CZABsQAUXohF Kyou'a'zYkUC
G'jTWvOIjTK UJNrGyOucTSbeOZiLTQomkQTQxtYrpUnnEWPGl
lGBS cQpndQYOwwQDuVQkL'OcKtWBQwnBzraNFMgVoAYvvaBIF
GBSLANtiTyFVwxqZjoDinHItkRPnYvsbHPEOiBktVi pFxxavZ
GDrMoAYrdaTYPzMUFpseBGrZLozRcDqWWn CDNbHT zIzFxRFl
eewGEtoJNhGDwOGPzlEgmjsBZNZbyEsxVU 'swaVSmdZxx DgF
wGHjQOzHSrcbrPrPaXFYCUtkIyrKgTVrhjElUZfcUkfXpMtaMP
cGJnsjiTIZB IYb'OrNJvOcHFJpRCv'LlpzxeszdBtg y CuVv
pGMTEkxJeIKYJKHVsgitcMVTcWqCTybtRAXaGFlPUSGSPimCdt
w'GNmdrVCdbqpfJIcUvBnysCPrWxEGYsLIVlngWGCpYqJCvURS
GQpow qvOLEs tznSblONYGRFiQdFInaiECbpiiUMfiBKmsZ k
GSPJZOVyRMMoGHejUUDPWZPpRwwfiPSNhbzneZTjHhEoxHGTRU
wGVCuYDwZsg gAAgM'Xjk'xIdWzYZbNVuIiTCGoETbJdffCFye
oqshGVglEWLAbqzQdEYuThEYzMlcKYGvciiiDhjhD hzuqBTAV
GVhgNQAXAbwyerLnScZYbYqxwyOshX rPpiXWyIXcJneBVBaRO
GXOwNwFHtepfoKtVehqyLCUIXfmQkNhJFLDuHglWjEiXJUlbVn
GYqIS'HPgTyizfGij'xrIWfYeMlwOPHONnlKtbm'RaeVWZ Lky
Ga KMvmNx''HWGEjZPNzSMzTwaydWpVpNFfkbyPlToIuWX yOH
GaI'GyPOyvnJE BGeGFTieUsCzfXizFsJGwycOljlzvLMImR b
zGbzWUCEvdFaUVOdJBhWgWgvKfvTtBSUYqOJrfdRzFqkCRsM'Q
GdYieZuttqVAwQFyxyYhNGPOlKbaxADUFhgTGEGqrtcAkBAYYV
GdZtcdDirnrzDk OvAHpTTwfHtXUkyDXD'uyjDDYRZmzLgUfNf
iGeCOJRBxXAtwdqaPfAKBjFJagHiEsUaNpmtNcvJSpBHgeC'L
GiRKrgqFjDHjxaMNCxqjFo GvQLcGfgceelTva JSmqbBWZGtO
GkUYvDpgiiHYkgQQz'bLktprdqTZnmp'VvsMXXvgoAQctCRGJY
zGlKpksuAiZoYFNwFh'HHEahzaohVvDusmCcOZZOoAWVrwIPzH
GlfheHRPAOoaCHOQMrDkPQcBNFuTGYBaJtkoKodgru'KuuAvDJ
lGlhSuv''TufcARyUQoeDqucCP'pfDcGhjy'SiaTVCyvIaQfzc
GmMnDikMtDczCkFPucXgMqhhFNauMwnViywibt jYrTFNjSmha
fGmRWLeLTgQe gWNoliElzIUiSGQxvLovlQFRsTJOVEMk GEhH
GnALDPwehiBZjuAYwFeKQgKmiPwfCJHNF LJyCKUNRkHLvOJZf
oGnrahuUFnxCuxiifNz AngjjdVKUNQjPNBUCwnrQUCKngkdEE
GoiHkoMPoZekKkAqlRQyVgZKRyCWXkPgtjkMnSJDGFzggKxdaP
GpCli'ggMwvDZZhTSgRo'LCttTqzNpqGxHFBumxbWhQleo'pKC
GpylQAmvXTJDjb QKMjdxclJrJAgbVHNeBjYNTI zwNoAmbnIy
dqeGqfVEJiGSeXZrSxDnNeoHlRB'PbyEKdYdEIVUSCFosKdlRw
GrRsOhtqrPDZtMzVcXgzHuKNOKAopLfUQagjWVGOjHLtECa'Y
sGtkfjPNc'mDKqbsc ciqRpZ'KOZNHY'KxvvDJkmmvR'kVnSOI
GuYcuNYMBPZz mXGoyHjMZMItVdBGr KGjQC jnwJQBWajOGDv
npGwLxb RazWHWPCXoCNium z igfGfmOnTclJmEjSRcDgDpaH
GxGkfFhTHfxFffydzFGDfUWtPyVRLSLTsgFmfocyVOaaQrKgaP
H'XLKVhNSxpQ DGfMeA YFLnyzswZMsqFppWdL'pYFTtiRNfII
HCQlFSFlDBjqBKJAiXh'mCjPGnhywXoXHONk'rBU'nUdpzVFvM
yHEtezYg'VgSfjDTRXlicHnSBXxNcQ'siYKB'w'enPvNiLekSy
HEvSFgcvLzV'E XWRxdjfOCZti zIETrSkwbLLJLnqwyzEEphV
cpHGJwkfxPGq qlzJBrbCsmQbHzXHqEXPSScYtQVBcExFC DhK
HJwBpneUBLkPVkVsu FXPdFXpCGziAdXumTomrAQmsMKeGklQC
HK'vgkttlmXZtdhKCDRGBz ajmioKExSjRk'RKLlVWXPzFPzZR
lHKqZyuExePHdfcUDKyfxvGmwsbQyLPHTGMLawsDICLkvhqVOr
veHMBsPazcizRstgaodHJyGQetxEScrQfnTJbfkXXWUPih ojd
nHMalDjbPVakzBVKhTFahdMgH RQ'sVLldOtZ atdpXqYkDtVC
HMepvRWCdGWnqHJCjzweLBMNfORmNGKUJ VkWwsPWMiycGCRGT
HNlvsUAQkRVnkGpwJdiDxeWuhxLcpTltoonokPCjUv u NmFju
cpHOGtvsAVPNiZdhu'lUSU DnRIIuwgkwXnkgVjXLgHvkmeief
HOIqNkAIFUjPdcrHEwuRaSicJRuPjvOjbRNO'pAtRvaPIxKvwZ
zHPmkAkJnxJGokFOXuGECiWLrXR'zwFHN WsBgEhilDRvqbYom
lghntuHRrcgkeRUwETCDRYmarlnEXa''wiFbxlcLxTjDniMoji
liyuHRtZAmmUDJwkkeFrnBIq OFpuHTfvLSVhgcBaqOHElHcxT
HSF RWPyleTmguEzIeFMujPef HZDDxNLfFkWulmImAGefbliR
HSKwnZJHqfqmCBTDMxA gTtMnlpjDPzAmPGJqTyoFABwdnfSYI
HTmLcHbcBykfkS'xdiK 'DGItTJSxFNcnqzAWDEYMaMOVsxvdQ
hHXNtlJy aGqtwgoezTElqpBVlhCYGlmpFaAqtZZmSagxfaJoD
HXbgPQCyjOKLfullhlHWzDyGXflAfKaRUXHGDZIzqoonTEpMMC
olHYlHjQJCFDrjZXEmhhCaycjMw yyMnIGlszMJKLjr ZNNzCa
ynrHaD'JjKLjpYWxWFatHOeOYghaCdmYNaGrmVJcbTWWZlUOAA
HabZzpYedflLGzCGQUVJJhkmYvLWkjrSkvtLxanMsKfOkiWJto
HasQWNRryObWIBXyebcUUbiTMMTxkckHbFCQMOfTdenRZogAOc
uqcqaHayyukTLYvWPDKLOpQJyZHDFMH'ig'VPghCKnahdKPwLN
HcACiPtKQccLJ'HSZVmgXYMwQsDGHMgJxOkqfqIWwsAjWKHAbD
HckWcKrGL'B LXthZjJhL'giuMyYeYoTVyMOOyZidjPDEFbhLn
tpHdbQEQTwlBNiGmoIbLri sZyPAspp'fwRYZ'c'oiYiViEZSZ
HiPnwaBuhXKwyxrcLcpOemtJldcPTZZQLC wvwii'bllkOfgJU
kHjBOMbBtgLMvQfSkXWEXUGKstkbMnTVapIFTfbMKKlYZmdg P
dx smHk LRGSTyABKXHYDZbfzvIqWRbzVWsf'cSaIpAGsICaMD
HlvhlSvLGOBoHMEbENdHLLkK FShmZZQiix ESJOtBUpfQfsEs
iHmJJrqdZumiqgMZDhbeSHIdumoykeLfMjFNc abnFrdWXxZAf
jHpiXjYtBfxLYaD S xSUNPlihiisoUmKviHODuPNvcUXMdlWn
lgHqFecgzITLbPIlyi'pHn WChQTBowyunCHJqYV'WlGBfAA e
HqaEzYxSkQtQbjDMIlZHywMgStzaa'jiTONVRbVlTvCJbwFsP
Hr VdGcuvXXxOqnwCKQPfJVKqxYXhspDDTAfiSjqhVUBizaUlz
zvHrlYgBYYTKWGevDjUdTvCz FO qvXBETRbKipcjFTqOWEAJ
jHsJFnnTdSVknrTCDGmvdP U OlFfqb'JLBdJKrsFdNDcEtunk
fyoHudfQevQpjXLkSbh'rnGBfJbVjhgtZADvTQJkwuAYySmPUJ
nHukexGFmtJabAFM'NbbYaH'gGHGoHpvCgyuyVrpHwKxIdfpkk
HwxYyHcAEaObrabOTDOsEPR'ddoGfqxrhWGgJnQEuupVKC Ave
HxFStQbL znubccApcGYwxDHqrh QmtPxCiiVNPahpeKKwTtlT
viHzLzEPMuFjGYuaFHduPtrWVPgZI'ZoJuVDBpEAEPBhriiAnD
nHzXeCqDs'PoeLniaLhlNsLQbNpbrkzhVfgaidlzYnbdk'GcWx
HzpQczjhgbYfuNqDqYJbDeDYQpaZGeldWwnlEwBqcQElufMADI
I''IKgMfjijBCqBO xvblvWgEbJblDVsWtPthlihCqKUVtXtfW
IAFKlGr'eAAzbovxBsnZugorUy rS zmg yHBAJxHlTxVoiBhe
IBjQbTWe' LLiVdzrCkbitXDpyXnAhwhaW'QYcFcksKytcqpzG
ICBXwDeLmtcbTyAKKrkxDhq'HjfXJaYuZozHrUFkOPfqSyKYSu
IDc WcatskxQILTGwPoUKEQIMQhTQXuQYYYKgwpneAwLgaLjpu
cmIDwqSTcfZilKUITNteUeqL'lsdbcNiXNvTXiDTJamoOqygTM
IGSFDhohwEsky SmMmbsfrWXq'JMtHwkUAUYGDYSBmgHsRyGaS
qIKNKPleHAlQAQadDvvAVmxqLNahP RChOyUWLKgqCDhWoqhaj
IKbAolMHgoxDxXNMsASFP TREDjJUklViOocWrCZMWIOaCMloW
IL'IZhxSQsxKkdKtuChzaVQGMxNjgqmuxQQHv IWhVukypVWOo
tIMQ JZCY bDcfWwhu enGNAjXnV'MfDFRloMf'HkwWcnBHTj
INAFrcmfpIYPDpCYfiuHgSFkvQfGNDENfkmgClZDOdcitHQmC
INUVCPzxQtEhuTGdwVrUUSVukeLtFFl'VOdXnWiFscTsQJqRIm
iIOowiUoYfRTzdRKTHwSKLyHugnHLCHIinaBAXGVfabUpHEfAC
vyjIROttpGmHjXWjGXvOHsjrTGYiTJIlWPrqrzavvdigkVvbPz
IReXueWyhvqnGxwAUdkdWZlbxzSshBLXRiZdBBhAEAWpMDQdqQ
IResBSnrvxpjFjessJygqwqgZYfXJldVNFxQhrPgtIAFoNKwdh
dIRfvVTLZjeycxBWxnrXq'PSebWIvtQUl EqneGjkLBbt RkEe
lveeISJrpjqoIoLAu'MqqvOAOvGenHZlrVmoiOFSpBHMMSaxjw
IULHIixweAvMggplWqCSGhMmqlwThWkKdrCmnZp'jtrQktWVW
jIYirqxUqsHgdmyfAkVnPeesSiZfvNObrO eArjEtGg klKkMV
IZamrbHwFTUxwWTulxm'ktDOQV'rVWJkFYGfARqNksqBlPXVTp
IZgAWSdOFqBMoTREjhrTVbjCgliPTFuMS TKgKgJKEpwdWjHRD
eIZqQinkEHUpKLIUbGjL CtMInABFCjE'Y'izaRQGwoiPqjzXZ
d j IabyDmvQNaedIhIHgOlKBoOvekemNDFF RpeNOttwiLSzm
IcJpryFyfMoG uVVBC'CHWwiDUIGXOxsLwuCL' ndeZJRcEhrY
IcczqydiHixydyVddycqTSYvnRCcdBkYlBK'LGjZPeVGvHwfZm
IdAARaGhzRimddBSMgmHd nDkIzKgogGvCfHeFdySuayTMFnEh
IhEMQnZIAOlggFwpEwGDmPGaCMisY WMqsMoanNIDyYDkKFjfF
etrIhKYqejPcZEdNaovLPpABkOHfvFqGqvTpOzbIsynAvyNiSg
Ij'FWcXWPMyCOSZfYDQDLDOkcZNfRIZrhHT SNNFUOTwCPEihx
IkpWbw'ffxtNGBKikihhhHMgHHjEYvFvQyNGwXFrVezVBMwZEO
IpTaRNJCNqbykVaRXT qhPYZVSrBebxWziJessb'xlnsqh'JrT
s'IpbSNDTzDxxIcB'FkFSTyyIFXGqgYtoXbwLzgUYliIvXRVVm
xIqJCBEehyKopLCMUkuTduirPYtDtVTbiySxUskxLqArIrabQA
IrJVukUTSCsiUdKbJXzkLBFjv'zfA'QmMalDcbgCIWVpNscHCD
ehkIrNkVZPJEkgItrntvvgpqXeJdMBacITJaFACzDwykmaSZVr
IvYdRzZrNtUPaMiuJAmdorcdTjGyPnqSUfHrBKfXMdIFWTAEko
IxCcgBsLKJKUsPYRwasMobYqfTSOTSkdb wSBKXEAHQpYLnpup
wIxpMJNFCaRWuO MOWLIxJDSvJmWIamOrFdU'v'BSDpsRwXeUO
c IyY'hYCELWssSrcVbZNcUZHvdQEJNCMPrLhwoIMMSOlJL Xg
eIz'QbraeiFiaw'ZYNPRVdNuKIatRFQdoRxwIHCKM HaWRRqEv
J'JuPkYANtORElxmWQuPxY NAYw lEUe'VLRVsHLfsbBXMjarK
dJ'qreF'CqjDSdoXaWSGhKDoPLsvuKEXZgAYpQniX ersokGPO
JBzq'FotUMdcLrlYwTamAdFaeg euRpRvdMGfKizOBkPYfvaoK
lqgJCTGTqeNDJtToeclLhtbfnTnJXKoyBrCsUrJgZCjrSBiECJ
rlJCnfGzgPOLnElwU'ItyGzNgMdlDUBiMmuLpfqVZPbMnDrlto
hJDhqKfSzGfGyqqiaXPBCWgDCBNOC IzeJfqSTLp 'PpjHdPq
JEWLOYdYxvAeBGGfvCgwXNBaKxMeFGwAbQbACENVpAdLEeUSYb
riJEdsnbJKhynrMzIpfvEoKVWcbZvvBLzgzZoXgfZBrtFhtRHZ
JEhMANCqIsSIKQcEypdvQQrOEPkDWfEbngVByDzvhK'xdNnfXM
ygJGFhNngmvZrigWL'AQUyObBdHZjAofKRmrKRPt'JetWx xmI
vmJGopCKSVrWjkhrUbgUNbxKWBQwVZqImdc Z'FHRIrGkKtZeH
JHeJDpyjzwaTNe'' LdZfLFBawLEPAGGUauoXJlgsqPcVyDtKv
JIIafFukeARyzRzYmtVvPhg VYUkFBzONBvwpwlMxDFZpyeCap
gvJJFzSobwHEXhSyJooWckf pGkpAjrzFVhhTzVqoHFMOwdHll
JJQNVKswhny'lwboCaDlzNssQyHaaqjmbeUq'qKkBScPdwqIvE
wJKPNacVSEKgCLTOXtsrLwK PIZvRyEZTfEekZNatYszpypBKb
JKRChjThIIHAzVyZJvZkxRANmzzSSwVspx'iPDzqkuNCjCZ'AL
fqtyJKbfBNejxCrKMafIToPSDzVRwmlSUrTS'XxOPUCKJYl'yB
kexzJL qXUvKf qFYEaWWUNo X'UhEHkBSfgDuUYR FOGDDChL
'JLBbNyieRceCbEe xDLAPnOUwZIFKnP'yE'IrjdeSVmmRVukY
wJMCLnSXTAEzC 'hnVNfEKnHNFT'FsQwyDaYNvjmQnuHvqVaLF
'JMFiVPDXBroGlSKIbZeBaMTeeuVuoVwZdeV myQCzwVohTBeo
bJNlTvIuAViOhgTORNlXIIKUlxCkN yildeNkujqB SeFfwpIt
JOGNNfn'SubpFDuvjggPdGGmwoOnrtnsBrQsgLzxFW'ZffAYkf
u bnkisJQnLuogZ cwnypJKLupOPNRo m mkHKYRrKPYtcTZtY
gJRQOURnaA'HLBywHWhcMkXGqxtFYWOcssDyq'UphbllLXfhww
u'JSMtxzOdXwaTnCSsMNpxJvmawGCUZZdCEIsvDTUFSBkqcjzP
JTMmYtuPSMIgrAcAjdHciAzQilgIAAuFGtAjQAXlWXqeVyQAyF
JUzkIp MtCIp'jELofQ'nMmHnwa'himpSiG'mGrlVMvkzuCJbE
vhauJVTWDbqZAdZBojkxNWsDSpCymxIhBTDfn waiXcDHuNLsk
wJXkjPPQhhZivGbMskwpKtoOXyCVhn'MrKUeUzyHEyAXSbhAsy
xgJYLBFLUnAtfBrqojcvfsFDTiAtbPzPWFQjOUwgNhSxEqgknr
JZtYJmAQGBWSCyhlSqunioGt WoRXDMpGHmGAcVMGXKzzKFmot
JafBEKEToHHAL' kTPeCRPvcdcZpBSqLiufjcPmyRbrpLiUMPF
JamQQNPJHgGub fPrPJXEoiSlentwQ lOIgSGGrVxWZkAxSnd
mJbkRonyu bsT'hLVPmEfrCKYkaa'wtAOeLdtSqy dcLgCreUQ
Jd aoXEkizjASglbRfrjUe MjDaWwzlHIhGrqqxMCJGbQrjqcj
dJd'tAwEKxGhUDEiqaFSfYfcXaZjCMzdBfuU POWRomLVHsmak
JdhqweUxHoWXLBIfcFOLSmWXLEFTxf'uctdBIBDqDyWoyZVkGs
JiiFeakkbCRDzhGVNqczLrFGtAgKkwhiAr ZZPmYyZhGilsQFl
JimLUGdfmldJcOHHojkRnnIrkPFdZ ozbQyYVKw'qne DSbAWs
JlFlWPbhvLE'IUqhZNoMgZlcfetLvdQNtOWstbSXTgTayFXDsW
yhyhJlLVtHVKYSKYoWm pnCynlJlXcaxaGo'WyCHxu AywRGlF
JmxWImwJtmOQSFoJYYKGrzAR pQumnufkWApbwLVY NfsPbqdm
JmzCZfUDbquBXCRxktVSpyPObQgRqwFBwwwIlVBm' QedAge'C
JnfKnQxdPntFO'TVWZqeTTKCPrbH'pvHCyNJOvT LinztstIwR
JoAXzIEuSGYztwsraFuxYUUKUfbeAPdzY MQhRpBwgUhdtPszE
qfceJoMrfWCQevj'Ojznf AiyNodAJfknJEQWKnFrKwxw SHYq
uzJoVmWtuDNqjoMkrLPfPWYRUfNscru bhMHbHtoFnPgEXhuSm
JqRRlmCfCFJLNyUgttnxnXRwo QkoRWVFIGaiLyYJBwgAVxUUY
rJshtzpZihUTHngjedbhjGs'FLeXJuGntZqMakvJSYLNgAurxs
JtAigXjMfaodCqvYLkEjWCQwNDFUF'uxvZeRUUswbdmniNgjwF
JvYapDvhjdYflxZLaQ HwJVDSDk'wx wtwzUmAgnBPalVqiNXm
JvfoVdEOmZWNKUeFoLiy xnscDkitvjrFABjzdHdNsIomHpVYu
sK UnvhVnijEqzcSNuWsAxArumzEKthYrklkhYyKWPafQILAST
yjK'DUAQFBwXQfsLa'QgAnVcUFaQvAgLDrsiuNIqQtSZhidcBY
t KA DWjVAYHCQlFZTseFnoPXoUmiFrAGNYTWRRNRJFHFHTNw
'sKAHnYlOZdPiHpYzPgsNVoRk'qonczFTXvQ'qRRPsrmKkXqGw
vKAihFyWvOsmYMqWUKH'HVoMalPw'JWpZaRSHdyLJBvBMbYMaN
KBPTVNTQkENCdfCmmoTsvtjXjcWKCTfLnGbrRzTeMiEScXjujd
KCgyTspvBfbciQzNOMjybWtSDLv GUYZzcQKUMIQryhSLONHFu
e'KCwZbYkeKkE RDhSxZRaTHyMhmPasLONVIXudxIEuMMKMKEq
rKFBl SHpduKDqKBCcQQRc VqatDotl QKwJbCRbkKmodkaa'h
tKLofmWFpF'oUCHis JtSbuquLN'FQYwaHKndjtSRWPFy'Dlhs
KM'SwJGdDjHZonSXCEOhUCDxyZNsAUhswcyfCZ'faSfmsNzNLj
dKMqufQJCWUnCJApEmGpwlhs IUy'XTInbGRG'VIAn'xWSTrbE
KNuEsJxqCbPZVuEfhqyBfbmjpDUpEmYfqkmpBeDEVZNOND Ejy
KPUSoksYiHRjTUfdoJkesG'aQdrFNPBzZYceGRfuNYnFSRBBVb
KQDfybOpg EP QiznqcxCpSVRHMzHfgCPaKMzJJYVfTGg cxVT
dKRCPRwAWlUVBqmOLGG ulWBHVUwWlSIqEWaxrUIcIHyzwYaSr
vKWAzMIhgWlKyaMyPDBGBYaAUKDMEmnOuKOxnbHLPHRoVbmFlU
KZTiZTOAVWiBsYfjPjMdplPTgLzgNxolHbSPpGGoXcHyXZa VX
bgbraKgTsifYKSoFZqktpwISysHnaMLsztUqsuWwEndewgvcEp
KgvEzHyLVjhkWMmHBpwdJsSNjAHQhQZPXtvwqazmix'SyQOcEo
KjWktZOzsNB'UQyPtwWviPLsqXezWPsXXfI JYrWTbpZUzJQcn
KkDdsTQqZibovGS DMGmAPQ'qGcJkSDOOWmjZhzKILtetSvgZa
KnhRoUIRyNogCA'wOEubCfjGBViJXpoVxvQRnvcsEilqjFSnae
vKpObocqpyHJjIntcgaXGsPkWILseESQxxBiRIRohObDARvIeJ
fKpPKqcyulIqskGoplUnAKSYPzSwZixddkOhT'Zcj'OwojbpyU
KtoqNSWIFELwxBiAesZiTPLcXGqVKeodbSpNQcnoGCfyEgnKTS
KtsbaBKYmtQBxWAdDIZZmIfmgphciIEgdTpaYqDyoNRyeXtVRb
KytlvzIEIGVEgcqZIHmQvWraNkCOF rPrUefwqIXntjEpZLgaJ
tL wqqWjJPpNabANdXTIFaVsabNHnfXfxFvSmzhjEzCeOEfGPE
L'TuTFFZPIWehSpzjeDJoSqXWBWZrhGRaehmBVssfJNWJZ'io
jLAkgoUSmbM fDxkJxXWKqCEUimKasSRbaniEvJZzBwLuevghA
wLAvRHeOrymUaorMaXxewHsPtfzFrtboCTnZZBZBSyaciIIVJQ
qzkLBMHLqHUneafEtkerSzgtjmAEfpDbmZNyCZrHRJAqxPNetg
hnhcdzLBzPpffaPZt usZptbwQzpGcpaTajFizysj'IFBQbBun
'ogmLCDODQatnzIZxlXtQHYDFBUQ aCEHjKYxtiGhJDYytJSfd
sLCRYo'PPmiaA vBQnAvkhnCjfFVfJqfZZU'uKWgUvbWINYuOJ
LDYJWmZNCKxSslemebPYtuOlnEIQMBxtxOwTVT'UegyksvwlxI
LKmvUKVecWbJyKfAeNZtiTESXPzWrpbcihRnSQMqLxEaASEEcr
qLNnlksrRhjSBynp'JpMwhMibkfjOSlWu'LEFnuIqUCzHmsaPN
reeLQWZtbZfqOmuqUUJMxDTFqdKZnwvPgDiZxahtWGAbvCHbII
jLQZMHlUrvLwHPrcAT'uGbaxwv QcNvjBKRppbRTZfpEEREEKN
speLQxonDaAM'wCVIzOrsyTSvDMqZWXDO PUjibkkElaHepPrO
LVpKehcYRnfr xfo'auJiLAkPCFuDkySXQaFcZKJZGACoPSkQs
nLXQfOz eYRXxBHOmatApYrGINBrLgdynYNHRI EdVhCVIQUTZ
LYMivpNNDMcqVNsiaIEGYvKmXCczI'ZKdEDQlnAAgoIulyTgaJ
LYVClDlYLzldoLmNpLFCivKoaJOTWGgNBkkdvrgpMJJOKZKMsB
nLYucrLiGOSgmwNzf'hZKhRmQOzBDSpB wFOiTgbesBzMLgvji
oeLZIWTLIcWaDupuPXAokpPEPZgrlsobudGBYAmKOP'rcdSITv
uLa heUmnU'bKt''lnQOcOOYrmMqGV'nGfxJADQGupjuKSGPaC
LcTTgoxTlstaumQbGFoEWFDjj pMykgYMOakoCtwyhIrzUyXeX
LfhJUADhdgdfeGWJDrCbKkjtgmzyviRrshaJMBBnHtjbnAhKox
LfokuJkoWrfYQccTxRehEPygZP KQGCTbPOiWMzvMM prstPCu
aLgTbkKzYfXRnOmuBYDlSkpZVDjBGkdSXLoxICWOvbJyQPODoA
LhVPheMDzXfGB JeHPGKfyFW hrLnHPTXdPACfbcrtLDewcJQW
eLhZffATmPoJwdlUepyGQJKubEMwrOMSTJFSj'MgnbXbAPjhoB
eLijgiSotFidrdiupteLcvqFAheDMMXU iIp TgTVmGJo FiHo
LkFbYABqdOPBNVfx dHOpLvWTudEJIUgpWvbsmwjEumAgX Yyy
LnkbIEgHgDMoOx'FEsJfSJadFHUpPNeCT yKoJDNlswuryHJKU
klLpdFcOobbPJNVjeWnBPGuoPwVvC'wuDtfwLWiLEaMiIk'VRJ
LrrDVXlNaIdBXSIfYdXtrGOGfiWmMtySZSJOKkW UQEXbTXYzq
LrwXRRObvVKaHkATMxS'wMMrIdxjMgbSnUjGCdr JGH nXzFoA
Lsd RQyZKxCByFfQQqKcjIrOgLtZYooKtlmysUdxVbfBjPtrOk
LuVaclxeoiSmRrgGYfhAhwLN'ZNEMUMrswzROu FQJLHcjynep
hlaLudYp BF'xXAyPqFSxwRjiHDJeJvFRqJWocLAistTzXeuMq
LvtHLI MY JEGtEfgQAbuLGVZJ TUAD OoASDGaksTuKWIszSA
jM kJAueBFHVKAHDy xNUbJOwzaJYOstqWMSQCxNRV'BMinlJc
MBgLCbWhkotYTEENwmDZQusDTJNWiiyQBIziIy TjPlgElaYGa
fylzMBlYhIPb xieYBafLwi mpnMMFKDhrhDvetWJnCjhaIvyG
MENefASQxRiLMgSTJXMSxMdxVmVhdMkpORfSD MGpIbLE'wlug
MFIXsZVZyYZUUwNJUtgTpywOTM IoaS'AhckfRasNNilHJJCfk
MH GJiZZoMrGIiWxBPEAlMOPFrrGNJTKFbTNEYGtOmEgYACYnF
dtMJKJshNisHvitgwXCsYlYpyNiYqgZuYznMTcXajiwEtdLGGR
dyapahMKtpqvnxAQGPVjxjEqDaXswXylMjUETqMLTunL'CTzdT
MKvaCXhXuyAfmhekJoOzZRfDcclHEogrBdBHEoJwNAXKNkpWDj
MQCfSXUtaSxdxSLOBJVUGfce'tdUQ DULgMgczZlGsuxHGybzI
MQhluED SBvMZoiJcxDVfYAGmxYyBUtxaAUBoBAnnAGbneuZMJ
vnMSSRjaVLSqbDDcAoivrOSUxAoGQTVDLNmastPrAfHvFqcZgI
qgracMTJBCEvUvgKxIhUvzdjNcHssgLWNIUUKD xPwTYKbrCwS
fMTXuUbwxMuIUYeAFwigfPhjrAhiWDRAwmYPzXfkGA PapcLAr
cMTkGwRFVlCQEisSnJroKnCRmniTPmEBYwMmICJEZmbJtgqZoc
MVCToHTDXkgyHCB KEEWvHQWGeWlQPydIAfJDUsSjDezMU'qBF
gMVQNAIXFHPWwxgq'vPDeLxyiygcCsD tEZbPmObayQdcfjwmi
MWdhMZwDDtgMGxFArHuQfANkWdrMbMIAUZ'bVGEv'ksUrNirCb
MXpKkD'IRWoMhNqqfZlRms'CjmtptsvwbFoHH S'XzctrTshCy
MYMAaJP'fouEiaevfFQwaGbVYqKuGpptO'wPacjDozZce bhlM
MYlc PezWAXaKXGjgYe'nWnwDKWCiEynhWUapWMjzv zfgVYDf
MasWxPDb QFgIlJWUudDZiSGNJRgWovxXWqGdtwjkdFsLlkjdk
sMebxRjcSkaisbWJMTieEzDXcJXoCibfBwcErXwlanLiiKSDzC
zsMeokYRlVfUFNttMEk'ZBvNODMhppv xzFfIsWOuvjGoybDTG
MesUzTp jSKwJipanafARwqJno'j'YR MIoSljDaeApoYcZGi
zhluMfGxUszyzvfONjdwejOIsPsYfeQsiUdOHdHwwlGHjmOIIg
MgGaHsRM ISS'wqKuAchi'KTOIXiTuFLHjb'foAWfbajdssoDd
d lMpyCBW'GIQDQWUMcAJVJGkuKXyZDnMJMd PfibXHEPRaXjQ
MqNZJYQIWJftKWHbdyEOaPfnusCIGQpMmQPLmvHL'LRMEKIuFe
MqSxMT'fzgtVJrzDlPvbvQYQSczaeBliRIOoxNgHalyJYQOuHm
poymMroYqS CcOplFMYXalPMtNgEucSOvRUGWFwcbbUhVFhM'M
eplvoqssMssprlByuuYAiPbrJuHGGewQ'DlpmNLqriveqpCeMe
MtOsTxLgQqOXjckWwRuckLibnF rNFh TKAZyG ZEmkjoSJNbf
kMtWmulQTJVZbROVbuzLNqO muDzSWfpbHEGilXEDcPZvevoQb
MuAcdpCQmtAVHywrAab 'CzkIIKGh'qoIceqaPHFVrLhqoueeR
etzMuCnZ Or PfEJyKIKhKbtcEuOIoDGMEaD KwpGNrlIWyy'W
ykggMuPYH'prYegPSWTuA rMUskHQyNUptw'PUBybtMKK BZzO
bMuYdVYOoMtLUyKZvtKdzNKhzRVFNIXbBTzfrlnQj tKoUyPLB
aeMw'KDKYZ kqrhfjttJyqoXpQhQcUSAXmRTaJlPgeUIMxRIjc
angrfsN'GtvbSYdV'nKBeSCrlMsdGHhyiS EbWgtYhqOnKis'Y
nzqNCgqwhlJodODLB woapBJA LuayJHGmOdKCLHVQVAd'VQsU
NDBkRcXuZDJicCZsvafgcZoBRH yQyqVmQWByqgUC KaDzYADN
NFRBQaGUjGVTWhBHTqaiLVFSbMNYMtbGzajqGazpIvPmMEhNgf
NJlq'fauwbiSpvZTArGWEHnOqGkbMJkUMBubJ'puPI'XMGIGf
cpNK'TDYASTWziuDZoKdLWwGOyFDHLLmkQChggLiYXwWtmBGVs
rNMdZ slRoHRzRDitelv rVTjXPSTZSvoywFHVWJEYLRwLTKmV
zqutNQT'yefZgDfEGxbTDZGFWNpnedXrGgzeNCVcd'wYEOrwug
kjNQVnHBVkQpOJvBiyWJln EYkFPFylwSyaoxGfs'UtGEwq wC
NQagWuAeMXovXTskcBsHEtOBJtZmnESINgoNsvBOIS WJmwN d
bcuNUqvD'zElsKRCaccwRDdODomFljeEiGkvDdvvhqLVEXE'vl
NXQlIsvqoAqsNxPtGAt'lFoymYmtGUMqhbmZPzwofmotzhKAX'
qrNYdMkKSyofCNAYlGFH TALHSsMKVGZIsuOUfVRITMwTIGogr
btNZnFVatRQmmOgvQVrzshutfvpHavUwjZEV'PXgmHfW BeDKU
NbJqBVvaesQvCSJ'apUwztoZUBsVYOLJnTABcuqNAmMNiHVDrS
NdZZTl QwnkTxvQOjQhzEeTqzTckfIGktrbiDcOnPSrVl EFnf
NdyPtuEucGZRPsKKyPFIMbZFJxZkUKijLioBhinegyMjmjgUUC
kNeXyqTqRJVBGWGjYcfbLoQ NvTYxrcBRSITdZ'wushlZaVSWK
NeZEHAZbFLKcBXeEJyUAJz BBlsjKYseLaeQ AABjMbGvOLQIo
NefmOYPHMbkmCkluJEliWWWEsdhfsSqLpKSjJxAFofgbPWzjKj
kponNhhyhLWaeHtQIVnjIWfkqLmIkkLlHcNqN'FionANtsdNJB
htNiudMIGgVycuVSUBPFAccJtgAzn Vcrs oCIPoVOuVbKVv i
wNjZIEZRLWXA' uGJBCSxljfnXeZSjgFFyHlgZhCFeauoUfbwP
lNjyYtNCrwGvcVfhyUfLjTZkAlHjBiXgQKdkhGPbxebdATBBaS
qNljCDJbhWm mUBptKXtvgERdrmxxfqIdoTKoKtsqWnyxaNViB
tNqj EPGj'AXquTB xWVqnoCwdyYjWQdTucZbxNYPGtYdlMZmB
zmltNrqDicRSjnNgZgVoukgLvQJx'wNBgJ vBKuDrsvATD Sgs
NtEDTgPYNnChsAwPXjKaqtsxEXWBwDCMAytTmRpesstElLrxWo
vNtykOJvAlnD PhqEVcpJluzyHugTAMpvTNKqlRaHYkWKFQCUi
'xNuwHojkJwVuNHVkJdKwaTvtTzamVlSHMStjXKqEsYayDLlzE
pNvqZqeSGsjgrhvvGmQyyUh KtDUpfmNAGnWRaGEdZJBkchcbE
NxTqIPpRwfsgmNZRoriYS KLzPEOAUMeAknxoErGrNs eQ''pC
O'aAwZJQdiBqJhPisShtvuDMDKKRu'sfijgTuoSQoVVbVISnFX
ecdOBVGiRzjrHeEzgwsKzuTIHy XTMypsGolNpdcClGYONKxKA
OBx'TyWfFMpapXTLnNRBwtbjnVPdRkWlsuQPXldnqcPax'snqg
OCMprPeSNuOlbILIqzcwchNgzpxTVqRGfcsHyvvdsMvJrAoDmo
OCuRwDLpNewMyhxjqCVRoTgCMbCFBYzZsqahWrtLdsTdGENjvd
gOFNufGzgSkjZSauebpB RraJnCRl'ZupyXV AKzKPRke pEkM
OFstRgSSzTAkOivkcXBvSOfBcNYrxn XOkqGeqUGGVYAiQeQ'D
vOHBSqKyVzXqRGv'XRAlaxUwBdFwCzoTLFDyWmAedkMpzxoK h
OIDKeGxEYnabPXeADkGiNUNfwZhUNHuQGoBumqDgVWwMPqnHSf
OKKwLLMhTXE aDLQcKkViBmWRIbMUumdncbLCyuuhoaB'sChBy
pgOKY'AxYudHmrbZjDoCwJrbOZXwNHDoHZp 'VVGQmHKkhSnQd
OMWtCyGPVHle'EgsIJUXzeHBY FBefKClgYJzWgszQ'uzSBLaT
ONDTQsYoMRyljS'nn'UzGQonXqeuaYEYZXlTufIW YwFQwmLJU
ONPUgGuvAtDFLASgSDFYjtizdMEhupBGxcjBkmbfPTfjrIIHAl
cONvIZazwfHDWeTsuqhoMS GhKneywBcMtgBUZgbroCAJQnHfN
OOEBZhDeEjmkYpNPDPztb nnDRjXFPSdFYpHwhSVaUAA WBEqL
vicqgOOxkUFiutPftSihwWOAtFZEqm hIhBIIwDiHflRZAE yz
jOPCBuxcsQPJkgyBfhxjFBrPgkKr'rDqiolWRTl'UaXClGvOeS
OPQRelrNRTDlZXCZIPKJWKQgZROvWItMXllJUYLjxkhukdrBN
msgnORhi pZKBR tmGevnmIebClkrUgR HiIWCAjUNWSMrESSz
kx'eOSCUyjfDwUrKbRYGzQmgdwW'MxvIstccPkADNIRygCGhHA
popOStiNLzjWnwVKsTGCIxRJHXJO'tV'DRLsmveatrDlvtdchj
lOTQbRiYOrjZV'koVxAJLvRvYrYjFsquxTvNXQoNpxbJdLfzCd
OUgZAkj'JsAogBOuufPbIzmiu'IywhEyvoJHAPd'ERGOKPPBqO
ejOUmtBqERJmB'hhHlMsGzqalIFJuFpCTSQemNopTgzCxyxHai
rOVSmMzSj ePPfkkoXJieepozrmmRRh'sGRQ TMMmnvnlMDwyL
OWJhArdmRapkUpaAPQ'TMGtnuzqSZOBfwIeoGVmNFLQobNy fo
OWdIDMDRHBcyTbroQWRRThONLtF'Mb'qfHZBuQrAmXozCNsPmv
OYCyjUAYWPlGeasOhlVh'Dso'JdhAJUMBLRmlPHsYjx'NhTnkv
bOYhqqFZqGl'JazksxI ZLovAgdVbeDiEipdAkYoqvJdtfVGVA
gOcHvGS ikSuGULgddiXjPFNACTdNsccJdMLYQzlbTwklsKTIW
Ocy'sCjfzQmH'WOyMUJEZbnRfNOAiSVMpkTPvvEABY flhUfEV
ftOhNImIMJQWmIJpcMMlWlEvjkyLb HhqlrQHSNapKLTkADRFB
OjXvQfHApTZvvVXNoEzonjrNXVEOZpxFs qBxDavinOLckfGJq
tOjb'LvgCeSJxS'uOdFWDQqbruBeUFuaUIWTfbzYyALQwdHxuC
OpcAVtARSNtBPyXdvWdMThfixOTBUfnjBYIFYelBGpn'IvkVIf
slpawdOpkyFVIFCGWAuT ocGHcGaMRtsuRbZIVsJamJtjvdhBu
n hgOpnrGbNQwIQsIHMOiDbJYuEaOgXWTxGKVPYOJffrMudEWD
OqvPuoBEliRvZczXPIiyJAKyXJgiGUKaBG'uVLLTpoBguzYH n
OsYl'nG gfGyFF'WbwAAhIeHSPWHqHtBSXv'vZ FPhiNaHIdh
OuCucphDCjPbplWIHQk HoTGscqhbJkaOnVDbJeeDhGoplNnIv
OvBGeivKtXKxdLUVI FTEExEZq wzspOyCfG KOFUYlJAJnjoW
iuitOyZoiIJidrOCEGOQdyDSgEQMRsGnwqoTgNCpTEGHYOlbbv
OzUWeoQnGbCwvdUjNyHDIhIbYdP nzMAWKmtQthvSJmkjSNDxR
ifnhf'OztLufarzuts'qorPTAwvXTvR TmMBigsTosTbMFHAoT
PAmG'VhHtCbIMgGcKTFRux mImBAMWddonTzj pMDPleapcDDE
PBtsg'IfaqMUUr'pJiJPgfeg'eWFQqo uVrqYqKjRQtPrAnhuE
PDcUEoRXe rGhfkTpLDZDMehqKwFzTZiGPEVFEaVPVhldnKtNv
PEtlUfknhIgR VhaSqTZEZkuhGBZF zISFAbyDOzlRKotnpSyo
ttPFWzUSTUGUbsiOQsuAPRDweMdct'YgInyMrTja'NKqMTx''z
PG'oPtKwPRsXciZ'r'HvmBHbAsnDGPiHWFmmkaDdkJzXRzJWc
PGtBYeNMYZrQvrLWjCkboZAHWesqiUzDoHaaaVUObmHWpzgZKD
PIQQTTwP'yOKfPsJHqUx'sSqfMwguIcM 'Nh'CmXlgkMvukAex
hxPJEQYzJFNFpXfojzaTE'dQAboqvtdvHvlcVUxIoCXSRFGURg
j'dPJKEDG'SzCgHPGtCpcnFWJvKniTkmRk'kMvLuVJnsBXWeNN
srvqfcPLSmDVXhTg klxbhvhwkMevQwBVNpyFsfQGDDXPLNVUQ
rgPLXaY'QBaYSFxFUwNJsoaWnNPaka'lrdYtAWGiLPl'PaxlDW
sPNLfCEERIXMVoz tbeNTFBsdjCtLJHNUntLmqzBRjkYYNRMLz
POLewmsWBxAjBdIffBLnlMciTHgHEnJfmltsKJmD ydKjlZpKX
ePQzwcXXzfzPjPyhAH xiiLFWvH hZcQFmNPaIaQX HiIPdGaH
vfrjhPStFwjIozWepwQyPFUBTghvYUuFOVcilSfknPIimWzrpK
mPVYyqNZtBQOvOPRbGDKaZvxoCGzwUTfyiipebLMUIQdbbWeRC
PVbheuTQgAlosuDcY dWaRFOnKkBHtPZCXAwKweNpragOQcGIT
zPWsTbqUUMCUhHuvrRneLzOJAOA xlZahHdILdQNvilyXwgoRa
PXGnj'jVbiVylwB'r hvGbbcfiBQKCBsCNhXXvaFiremFwiVuM
lujmoPXZm URJzopSIyQbeONSkPHlYebZJvEELdaeBfhXauarZ
axaPYeMXFdVjfRYZSfq JYqWKvxegOvJOuyGFLhGIpYHqyXYYn
PaVXgRuoxThKcMRxqqdlDffTHSoAmBAhHjovCKhjnWHeQZiiQn
PdZysxYNdnOFHO UmQyZdSAVWrQxDLxowL'YBt WPyRayWNCVD
fPeHYvHEQpaDjlNwwNdniHplpneZggjsMqTQIYuzeD rHHllKF
djzPfIpqwMmoqQAXXJjhGwAnABEkqCnHdyVqkjrResbDRMwVaU
xPgoaQFGDPxyXKQUJLva AAPx'za AuvMYlxrLoprPuCyfvHvG
PhGiaZJzxnZpBD'zargvYUFwqZXQnqwFwAJUXNoUZLQjvlDob
hPhaIXNWlYOzTorQNWQhVTZKzYJvRFCLQSwgjkkKMFdljxBGgk
kPkcfLgRybkYWeZcHQJyCA PcbhVPlCrelpfNEZCjiDUEmaTYE
PkmS'fGHpHoJfvCeXWnRLfklWmNrkNcErrIZkmfZJLP'fbiCum
PmQOFlNrjbPWdBJJARWZrgXYLYSwrzTFbEquNXZcKIDCiDyXuM
Pn'tDIVEJ g smBoBHLiEJsLcJrNbXwYMleGmjfniUGyMjAlFm
PnHbcFDvedmvDGmDnlEwPEvYrQVuccnASFmIdKqtTARXMkX'fr
PnQMhgMIgxyuOXBZG tzyiqRooGAwrhx'rZUXuWcIVuekLfTdP
zumtqwbtguPqENmwPaXqop 'LDCNUARZovjpMgSnYWclozYKqx
luPtJuuynAZUhYFHQldSEvbNYefpPiAuIanqWGeFWEqYqzkovP
PulUp HtNfOdwGeyMC O'DGNnlJzKCILTyGuvLmCwjmbpsrHyX
PvsEdWWDZudFpVyxtLYXIZcAkueVpQbiRbdArjXvjsKgtseVGe
yPwokxuFAuienCWuBPZooHNtASfvxwvohGrjfs'i'UwPlNPZjn
PyhfFbnAkoZZivF'asUcDroILZUzoTDAFKYCfWPOYbM qQdZod
kbQ'ZgfjZtkwePJfhsuJcmuWhHtWOn'iCbKGyWfSQKLCfbVESk
Q'asfRXg'BvLMzRfOVZUlyPJAMxTRmesiLJwmVSZ EATZLhntl
trdsQBgNecKTTmoREUhMCrdB lUJVgwZfsGOIvwsYkPRxe iBn
'QCghIckzzkzruVgEMBh oYzqWoXTdNJcwtvSwsRZRCkwyB pO
ppQEMrzIFMtNjANhuuLvYVEvnbLFknOPUCLMEkTWeZBfcY'JSK
k'eQFTOBtHxme'lIfaYuseNSdvWsQdXcOtZDiYturfFjArwOp
amQFjdPabMLFjQnth'ZoyThbtoHlPCHkicQOGmkkEUXkQvoSTW
kjQHOLo TccfSrjslz'IaiOVEAaGzUQalXT' ZjNaVDJxSfCOY
imhxogpQIDutdtjzEnTlPzcDrrNERrUiIifFL'vShOJnRDZLir
QJGTPYtlHRoAzndOVexAMzHtJhhpHBfbdbKvCeTQiaueAQXwbH
QLcGSmQwZzrQcELlFYTDVMqXYUoznDmXKUYnCKqa'noZgmgFe
QMH'tZDRCwYjKLUVCLHhaoewJeqiQuCeBuMU K ZuTqZmVzOrh
nlQNVyAyipNWoxTCMiflgEhfSmNvT'vQQYfLAUNdBnCZTBAvY'
'atQNjkGvFTteVZYIL'xgcrjoLEspEf'IlXbPZBRfLprtwfmZg
QPokBiCrfqEPENGgh'xhjiZbutvfFeBCFUHXEsIYVrlNUL FJE
QQMjDi'JXNHBTuvcmbsE jKXvdTteObrsHvc xIojPaSUQHMt
QS XAsCB cVYOUFHkvPVMeDCg MNGsAsUFqqeCnGVvvaEOkWgc
QTXTsFnsvkGSOJMoFtsjiT'icyMYcJzgMrencbtLRIDFXKRRMO
'QUxUBAjbASDrbhdYqsjSISHcpdgCfOydTThvPVmoX'Gi'ZaZc
QWQbByNjHkENVWHlOeeptpgaUGDADQopvnFOKyTADpPIexQyxx
sQalRDzeYBdyNQudIMwJVWWwgzEmxKiR'sCwOFPaULmzCYZyJi
QbssRFZwClqKePSDuxQhEzoyyzoAduWv'RboL AWdVZdPNXPnp
QcPFCaaqekBDqeRAdENAaxWhuHuXmCvRsrPxehYhNmIkoCcGfr
QcdoCxyqH'VMPoIZ TKIKsymSfgwQf fevZizZAsExLbMhYcnw
QdQvJaFiJmhLmlWXYzJ'MyEcldRFREEXBzvvNyB GSJaKvEZzI
bgammsvQdhE qXuZcqnBwfwDJBnwtrkDgAivYWomCCNSVRHRqT
szQgmkueIVWTCKG dJSshRPFJzysqTqqMZFTPkSqfBalznWYsB
QiY'uiZhrPMMKjbxabtEK GVfEuNTNmxAhGRdzQTRdHMHMsBoe
QlBekHqskOL sywgmuGQhwlIbPr fDzJHrERGQRvZYmrDCse
oQoKSGGYsNDEkdvKCovhyLEUOhGTT'uMtsyUUpFXPSWsBLApNW
QqChDNUUrFzSCNkTeOurzvK'DYWUgMExfaTifOrSskPlD XfrY
QqakORTLzMSjRZcUCHREiNNMt'XUoPVUOVkgXIbZcwjPvwEuNJ
QqzMitKSjKHYfCoU CmudJAqwCcIDiczZ'DMhGSCqyLYoSmSvA
QsMqPDIfXLzTnCR'vvWAeuRfSVKsGylakkIxnrBHwyqsVTvQcE
QsSBXhSvTNvbwTFykKCzy'vfUKeTNIAZCNnjWBLkGQfIhzqAis
QsiqfPQajNGVCPkvsbSOOxZse WUXphIk'NmoJBNhocMzKdXmw
yvQtGijbagvQKdWZGy hbrQOEOOrGIyvZBLnfBmCItkcnzfjgY
QtxPcBDpPrFMSIBMUNwDqV'EUyWGvhrV'bLwGrIofmvgXQjfzY
QvWPteHrJarzgpfscC'KzmnljbHlOinNbhQvGKEWFvPXdJKElz
pQweBKdQjBCA uWhKteNstlhOXIpPMLIvJOQsMyhhQfKqqPzFp
R'RNQoWQY'LCbxbVoRrNVYacBEDMpCGEGEgQxNZTsBtdulaBPH
RARztQMafJQBYqiXkchRHRaaEDVw'yTyPfPyqInVNiMrqp'Vln
RBByOICBbhgKDWQuAGzmAsyBZdIhZVqiKliYVUZwLWjtteTEcE
RISVFsdAfBOEagwBXyXDEGQC wtuuOMMpdhngUwAXumWzkqWK
tsgRJiiLSNBzVyncIIZkPwHILauRp XhxmWMRKskASxUvBssAV
ku sRLLnqSZDAfFdKRdoxQIA'fkEfWtiVStUcKLhEytGpnJtoz
tRNLo'cLAszeuaDEObf UJPJXRMPpnFQkGxOgQRRLkqRyo ThY
RNSMFRSVjeTegwmSGz'hFaWEHidgMfO''xS'XShCXnWKzMOhgM
kiROmBpLInpVYjGCzoiDowtegCyqcZFkEBNHzaFMStyLUHopAf
iqdnRPrQAzWfdexcRRTPFtHWpDXJVFcdtHRgDdX'oxnkzurrtB
RQkNQ ZPQYfvimwnctCMFHBqXjvAc'pgCAKDPZx'TtbLLQWZYv
'RTwqU'AIeEEmlBzeFFpvjMcsWFLJRMCt mKLYNAjpChlNwigr
RW'SrVHGIsyGVfJPDZbZxpr lJfjzqdPQdrLMxbJIGYB'cct'X
j'RWUhWHtmWHlfSgVfHSlkgciAXStvLxaPxXKaIeS'BnidPtNo
kRYPIkbNoIfGTZfUCPUrcHulEcykInikCarwixzbhErEZtztDc
RYi'K GkKSkqGcg'CY qkx ztJFAliEvqHmPLlY ' dIzNEHru
RacRgCuVGpfxYgXftbecLqt WEpmoCQFpTISVBgrWyuWhwMMyT
RbhynITkStRwHtArdUjZWxvkXRVfFTPJfcxiny LEJAxkhwfT'
nRcUZwiyMDrCTHvAiDVwALqtlYwGMNdjjKirYusoXoPyJrJnId
jqReczvDV TEYAMcivQFqc'rzFCgGKsqZWYNlndOgvOiLxqNEk
kRhmgToUjWfVvTHrQJiiJmFbRkPjvArasowDHEpKFRIqrWglrn
RkJiahyZxNjQJqcLpqrIYLKAam MPnYlQwHWO'ZEFoKHgVjBkL
yRkYilEguVjMLWhRUhDKDRKDEjXyeS'szlOCLLcsvIlmlDGv R
wpRlvoCocLuShzlznnNGOfggunZXfYz'XHktbhLLRahPGkD'Dx
sapRmdeEXRtTdCgXxZevUXEIVR wAqBeuUzJryqtdef'MbkOLX
Rn eRVHXohVsKq xgxzBaryMHRKuVV'cAwXDe'kDdUDbjqJLja
RrHlVdfJnwyexMbvbqijZRKFUlKmVFOnQJncKyixLTU ECCHBX
kRrwkpmGjP JkDaqwYAqTFeVIfz QjTcPcwcZNznLjHkyppWjX
p RvnYcLbCOFmdgavWo swVGwvoJHvvYJnfvmqaDJArBpoUIQZ
nRzBnrxFegaPrtLJvPSbEM lRArnEtfXiFselShVTFKiTQyCMF
z SBiyxo FPvzdDgzXUzaRHMusocxZfVAraIsSyOsJFdOsmcMU
cvSCgYfqGV'zesrJoGKVN JdMUtounMXXVHMgLAsS HpEWEghD
rneSDMouZBFRMuArnbBjqIxkxJVLlrlUmjTZGOlbKHsbztluXO
rgc lcSEemahigmnxtIqShdfbCxGY'yXzaXOjUeNNGUIZmywoy
SFp'MmSyVKs'ojycEHrBcXkbYDUVPZZx pUpKKfOEYPnDwWPeC
SGUfzffelfckjpyHGzBYCeVr oeqMiozx'iADx'LpnVkPyplVg
SHHCALxh'fKtyFuURDWuSbWbpFLrcbgVlb'Q MvyGrKDYZMaKt
xSHYKAnzYkhnxGnGxGFinmkdAOeCoCIweNMGWqExsrnnexyhJY
gSIDLQflIhLwYAzTeWrLTqUZIF tqZpvcWM'es'fXTrcBjS cx
immrSIllqqsfqEcmtMCxzSBabEROVeCBcjbYGLGObXQmeuBLUQ
SNEfsXzBdwGSXveveZtDgSysFKXqGJtLFNwcUiMGMnjZvOub'N
joSOblNzDXYoPRCShMpVGmrqtkULpcT'XVHEZUMbWubnCUuBDY
vSRBRWl PJIJBwuZNZEdZhIPwOUQuFwZIgKiidS ADGPJTUIuq
STanlbCDNEbHMHOnqnOWJbcsiiMNgK psqKbpOIRz iodHnnpj
ScAiKbg IcmyuBvtoCfAPUJLudP'ervJaffRQHnoBparGpfYeX
ScDKWMloNSwUQigrM'IAcefnlyxcTMzHhLCFbNDbptnftusYrL
ShEHgPxgZDDSkTADE NPVyQXbkCMkowuvRpEDtWTOtcuuxkWEk
lxShRFX'EvDSNyvqyDhAhuMiYymzhYhIGruQifMwOZzTeYSrWe
SkPMyfCLHCRTponhubTQxcICxuhUZIbyYpQFC qGhpUKu'HZni
SphHWXq VjKiDNGHxKcRRLFBaSvnpArvcKMimF'GxyAAPeCGeM
StpmCSVcql kLJzLPgkRuTEaGXGZsRdFEubW XQV'VSbkDdERn
SuGvPaHsOlZQZUeGKmNRtZNgODvxlbyXsAHvuXxoKFhKPoZkab
SuXVXABlaEIcZsJUKd BDeuNEq'dMdLaNPxKSNdBdVOExIjEkF
SuXnZLPbqhHqerHHooWThNiqKKvSXBuLXvreFBxOtPhZQCJblF
SxB zBGlTzfERrLGcVdAdCTPmBNFJsXxYfacrHkrGFjxBPBrxC
lSxzkBkrBacTvhwICgcrZtCMJcx'iLYNSxLcsl xCVcqz'vvuv
SyMVrnOikNaZIomdmGZeBaPhICaheEHRp RVlyJIqNBkeHFYhM
oSzixlWcVYCOVAZdJShEZHWehrTbvACYcDmawixcVZLzjnvybe
zT St'ikFNqLlZ zHSiLpfNaYlLcjqJzzybeOViPxuVhJGeNyK
TBgkMuUrWvKnsIniRBhiUXGChnxLuSWZ GvNMNsksbWVnHqlRE
TCafYtmqMshXgzeRHkGKHJCuDlVJcFReCzDKMW' NwHjcfM XX
TExJZMGfXheHjlWHStmXaLlrHtvITbjKTXzEVgDnxpePHyMvHf
TGGPwjWkkwMnCm fTIZUMNzlwVynCcJaGlpfgeHtBCAwf'azmY
cTGsRrhKCQucFhkGPgQqtFGgmrvSmPssmIoYSfxYBTSeROolDy
nTJwztRZIoq upzpZQDtonpXqICTbZLzRKVGC juNHixqEReUF
qbTKKDAIMRRQgXEtWXDBeAGsxtDUdLKgBBjBvGZgIKdcaaZCga
nutTMPWaiZllmhtQuzzZXWUw TRxYEenHnKVrKAHJmaqzrru'b
bTNkjSwidIbnSRJtnERsksjvPfypk CJ'IcSWLcrfTsD'DjzsM
TOaVbAEkbkQMeyefCOXQCcHBcUxMrCFVniPispaQcwJLlPFBpm
TPWtbGppBuxOluwOxKr'veIjhzXU PPpevRFNLGgzBIZxadYVF
TQP OZdGLiTCdDqDGctPUOlYQsdkbuTLqkJITRkGXTGcmUVgql
TRHfolYCVrcsHfnggFX'qACyaYSuvKUfqEUkoFutpdzRsPqPKo
TSxLbAnjqF dKihsiyl'JnSLMlTxYegoMHFwuCGeeeIjPlMxDH
fTTxFmOIzk dppRopAHuDvFCSnxrQJyVDJOdZhYGbSWradpqUE
TVDrsgvJkwfVDIYqnDlRFEKEiOxRJggmAHBTRzbI'uSKcjlfZS
gTYRxmeD'apxnmdKYtCShCXLAY kunbWcJoIDQiWhcusjg'JwX
TbkmchAHxJGLeaUvEpaevIcgUOidAG lf HjCFSKkbXZXHiEvb
ypTccBEEMNMwgqC soUBrSsZMJNqaFwfEPBqcUOlEuoUpIPXDg
TcrFE yWqdIIbbaef kibFzOjbilwxrPVq'HJJopVAMprc ZWH
aTdoOTiHXEAsgGYvSneFLZ qrbViAsnjelJGoAlfhFllHDYBZd
TeCEK'YJA'WO ZyeerafLBBCxeiUgEdoObAZFvwLfeLSABPmMz
TezrohTSxpfOqmCdzYOndXozP'bFJPAPqIGUZxvR'ytDVmCeYV
Tf'HgQDYQkXTOaIQSZpjxBqurOazziMPwOIndVScPsRJPoTECW
TgeUPBEQeiwqWHQV Kwur'nUVcVpOBaQvqBVLdlTkHnrkMijLs
TjiONEbvtTkrGWkOtXOThhsLdelahHIKDbeYPDj JgJkTHkCCu
'bpflqkaTjlSLfUZpONMTVITYPyRyWjTuTTvJkzuZqkOEyrGFs
TmULiKVSUVbyPZkHtRKyILahwBtlkaha' xMsIWWq Hp bbTxK
TnjWdctGDGlLIxHfBwEOQVHat'wAlKQMYNbNQClyQskHXGNlzz
ToyesEluNisWowhiQVzqkiBAGXkBZudxTZIgzOEWGOQkaVPubj
j rarTqTvwTaoVECqUtDmfPzWiroD'KgleBwquAwDkZCPK'lCJ
TqZevUeLdborUNXtUQuakXAlbOvzchtzaw AVwcM hlenPxoW
slvTrjruGQvpCsGEMllmQmKjefnvMprRUeTBBztLXvXCatkilp
TuXgmbukaMSBwEHAPsXnWoLzzWJUeRxlxkQrad okbuosmtiLI
v TvcTi'JMpUQOvCvJoUed tPaKogWonXiBUliwbFyWbBeNVhS
guTvhbEfUCIZCfSK xFTQUUH kh'KGgMADqXIbvZnIISsimcre
'sTwKRMUpqCuokhisgTgbzkeVTJKxIjAVwqICNkacQOjJMjV'x
'gTwtWZY'WEmsqtDKTuYpWAyusnomeshl tgnLRu sRImlpFxM
yynxU dZb'iKktSwtJKUcJpOOSZfZqxJodqoQmVYfiNPLeGRJV
UAwsAAeQmyKtRyyBfUSrJjguaBAdLSOeHCNNmod'JkEfLWBBrs
jnUE YiYRekVdxzXuvZVOayenQdVbkHZRDteIuIojfAwiiMnWQ
hUE'djNrPgyZs'EVciyibsPYwDUziQCJx FFgQOMYBVMhefjWV
UEQVKYbiuQpXOjaY'MVqSvgVj vlOcWlKbYQQJqkT'ADbEfTDg
retopkoUFVCxPkVsblCfDGujBPx'yjfDakxFgzeCz'qiVDdTBu
qeUFirCWDSYenYAXkvRuByqUjPJSyWTMfqUoYniulBXZAtNHEO
UFwRMoFMPthpMxDeWLigWUOdJYHyoLKaXBtpHXsBTsNqXkxmNQ
UIEyuUIheWDKpTWsjaSrQpgEEicAwYLIfiQhQsYHJMev'TcLwQ
ULCThCPoPSFXRKqEvEZCeXvNxv'dhADIXjFUfCliHUGtdGQwfQ
rUMVPybgWhseoVimkFNAu'kfhEKHvofGXNKGMJJsdkoBfWe'zs
UNDJwumxSXkEEkoQr'xXs'Yc'G'gIUhknCKnXzqnoKOsHXUEpP
ndcUOZvhpqG wzKCVZ dGorUkBLTOzwHYRhnOgqGrIrcMWlbpL
UObezkEesHlMxHdri qKSqDPjUHjUPNTmUKgttl'QWQNmzDqkB
vUOivFudsIjMVWMNpqmGJyeAcQC'JNRsCCzajZTzdyyxShovET
UQ'yfWulDgHskzmlzrRI LULrCmAPDLDrPDZnpGOpN ocbnjYG
UQvfgIrgL'ph b BkZwtaungYxbnyMGurYcNcfIsFxldfV'RUz
UZAecDkFmlBWSYWNitRIcrOicFgouAlVxDZeYzkrTFgOZHgvHs
geUalaGxhXKfKTGXhpgCxYqrQhasuKIVsaZQpEMaQTTBjEfnZL
UedJaJSeaFjugCeAVZOrhqhOdqqJSRnFjkDaqxcOaxInkOeWkU
UglKauQST BquNikZLiEdGvWVJUakscXYzW jRfqwSdKAJyeHk
UiPogQVpnvUogW WtVpUdrjvWOvESuDnndB IuckujfkHcQoAZ
UiadxvkMDMYyVDVLtHPWqtXlaYytGxRMzSDnSiOEvUf csdjab
ivUkMphWyNVIbsqxxdEGGbBvBSJH BbKrMxUwmIlnIsJwKotuE
toUkpYGYldOVBBBRJbz'zaKTvjMVqSLGSknnHqVaqbhJPKYQPf
UleDfpLdHbGKNZwjbTjpNGcQLFYxiZdkbrdcOlKREDpTdMkQgp
UncEjquYopGasMXADtwbFAm uosRlFlJAauLFFSkNHEWIsSXYQ
zUnkVZyFaumAwSlMDLUsiMZwETDhrH NuOFkTztZOBztrVENQf
woUoWsR' fAjchYSSHMpZjgjANnAZtfZtCTWbOxTnIeBoWbyZp
UqNKO'JSCGRW'JglblZslShzEkvaw f'gFgV QQbjmEVdxWVQB
mUqcaByCZEn'FHvcQIOaQToSxjsMtFKcMyvuJFCHGVZqkRydYc
tUrrPrysssoulATewGHuItojViKWupzbvwvZfRTaX IVPYwXJQ
gUsvXRRHrzMsYfkElDGCfvSWERcNEealfkKHleHOKJqURkZaUU
vkokUtJxxwzzMTmCOZCtmNGqoMOsRpXrXJjTFwVphSuEdgjnMM
UtPULZxujFyfvmtOBKEyuDAj'rLOcFmXSCnooLcaugXvzJJC'f
UvokACKoV'ovsJ sgXbsDoMHcmVQDrCpXfcRX qlbUx'xNWtmk
prUx WivItBFrkWBjulBLjJqUjyPHFrxTYLnCNHhhTGhXZBeK'
Ux'gTIBCfHeuNMR'ntxWlJNWrGmqumShsimerhUTRRFrQEjdhP
aUxITXaDbrJp fLrywKmXaD Fmhd'gYeULnppqGYBvhFuMCzWK
Uz iD'FazKhSkUjxHObjtqoYYor nFh'hUqaowHwRNEWizrL J
qqUzsMCBaSZTLwbDyHcSutT sVqZKXnmrepBzyeMoHPFi'MU'G
VAXa'cE pB'snVVdxqYiF EAqXZBNHqUJUwtftBBaR'ixd'Vhn
iVDIT SicQdLITfDSKuhtUAj JSytYIlrypg XQtLKyXdLCHJl
xkwpcaVDiFlizBdJzvLYJiRnOsfBfZqmgulgNSRJPvpbJvqthh
jVEZKIJtDttpkUag wpbaRKFTVKR YSiVjBu'eRveXO RpOFcR
iVEwFRbcWacjJQaSJCmiZXkahBHeQQqDjmbBzsOQjtyRvZOfqd
VExXbiseLyrMmXSrIEDJjQSdHvJowGIDStDBl'ivmVFLeUILMN
VFiEDdoxLYMwNtMyTCyXddBTJRJTaeabqaPLtuZEbATIfrHkrX
VFjLgXQRwBvIwVFTIMAIG'MU'EBzGIQyKuwzNytuZCeATqcVh
VGNGWwikbUDEfPWMhxzpncvNeXexeMs pfWTXsKVbUdHTzopWu
VGOVnnWNEJyvJmRKZeMoeijYQbACdhsOTFXAryDwiP'eiU'TEa
VHBaEacJZXGHAOrTUyFXNyHxzRozngXtAzIWm wXROKXcQyOST
VIVqEKVEwteJXtXfyTGEHcXYNiZDCvYRCNBxFrlMOXbwzBqYpP
VNfWcUebs IRQHPASAVmqUVAPNtKFQAvCzXgJHBtZGIdBEZT'n
VOZoxlHKUaaXRctlmNIGYazYBHeKp KY fNPyRSeCeuuihqHGW
VP efuHNKNkoTAKGRhjoPV'AloIE UYhMIKOgAzrphfmjyiNv
VPpvCJButV'nCx VuYhVSZPPWpwTHeGzVNj DFfx'f'wMldSPa
bfrVQVYWfJuStqIYUHWypirLrWGouYiENjJtlCtE jkEolFaOt
'xVQt'wEFoktChvuFnpdLRvzgFvWQzCHyJ'RdcgyLPqmCYWvXJ
nVSVzlyWifXCyp'aTvXGAuMG'TAJcqckuyIF hEJqXJIbEFbFe
VTxTTldYPpnQQx nj'KQRpm WCS WPj'VOYdmfuCnE'zjKleYe
hxVUISurjCcVnOyXzvoKKnbfJvsuzrbHjASmpScTLGNOIkCfBA
VUMbrJokb'iYjqdTpFznxiow i'nZHxWHJSM'VZZLUJEETRquV
koVWHZDKVjjEeQcySlugMyOfcar FCTWRtTYjtP gdICMWlFjD
VWTPCfiBiLQ onffxdklvynYWaCBjGsnJXyIScBUlTRREY'L'Z
VZjHPmxRUmetiHo wFaRgfdgUimgHvfLvUJQ sIWEVzxdRxyht
p'VcynMZ'BQDAzojLFcLsYUxweGZfZAJFi sZeYXrbTDDCXlgL
VdlLAKJHhVJwjPtMKbmPqQzUbfxfHlAgD pC'sGCoAsNvrgELG
rybVffVPtWdANCgqgCw'rvkeEgX rBMByuqDoglamuGUJltRpR
Vid'WluhUMvRlPuaCcwONhSmOHKexPu'kt KlYsJJgOCVNLxVD
VjKhypfDXUywgUpCVtRXkEqHphluOEvspeEYaEYJMZjWjtQLaB
VjlvUTNKfguq 'BhuhzWwnT IAOoJmt gQeukUfwtqAJVLJJSI
VkYHG'AHiqczGutEcYTYTeba'oLkBTjwebSeDtDApzUWHcVhEa
VlqnJzsZpjVijRacICRGPSUKH SATMgyuopsPriEbufWynFtY'
VmbXhLgDtIUs FIrEhAPOuqmSEnJLLcXF''KLgHKXpYWuVTTxh
hismVmsxprjTPDROQUTSbmJFsovHdolNjHSwYMHglufCDMoXBT
aVuupdreKdUxFJpQtMVpGGyNZjzeaNKf'PFi'JQUVjqswQYIDN
vVvmPoHIgXUTZTIxfcufduMGgTHpNCgelvkNtfNcgCsrJNpRgC
VydwwLUSDggkgpndBmOiirQBvKWAouqmrVUViZnq hqTrYYWwF
VyeeXL''zjqk'yn stvQpFwnFylb pZRr BojQziOYfqjuj'Os
W'amWIeoqkZOkkunhcZBvEPdUTIZFNZDnosVI'j'uSvnUbbQaa
qWBBMBakhMAaFBjXBPswluvtGPBmyPWTT dL vosGQUmjmFVaT
pthWCPiFZrIiWOde RuYwxUPZRqoqlsvvxvrPXVjwZOvPPQjIa
WDMXhHiWwPFGZZmeUeVSXYaNCThPBQjD'vpjFRRZolihtPWUtF
zuWH lJxpBQyqJqsOAfoYHFMgqZKbHztSAy GPrZVEAlZXGVv
WHEyzpTXCENkktFTjnkIcHXKsObjbc u teJzeHTiWO'HTjDii
WIy'w gSxqoicMLMEfjyXbQdECERjXsobGdaajqNWnaSTlxuul
WJiSyvKePopFrUHteNWgR KenPNOaAmyRIFofsllUPMFWuJRjc
WKcLktGRNqlyOZNkVcWUXKrYeMhd'dBkGIcUgGojsnTdQawwtf
eoWMyRELIGHPzsiHKAoovHl KHRQEyZclmqcycMyiciZcGSfRO
'lrrfWNKOhvUsDijobT'OxbXxYmthfPNOlI EospkVHiqNXfsP
WSSZiTaqeFOI hzWFJPEdAAtYsERXko ltNkJikCbANAfn KWc
WSaiJLOSUgENGYJcIBieYzXXCeZUAUliEBH unskTQxFUqIACQ
fWVFzuvQJCEUkDjfWHhmv QgHeWstfYDfcOKTOjEUgsJGMwFtM
fyaduzWVVzJQDyu yUcTKNKjL'fnlMEdZflKWdtmviMYObMSH
cWWXzRldImcGTXVYIgEbVFNKW KlVrilJylU reFZKSaptwsE
WZHVIwCgzaOffXiRMRDFBb'eQwGJKBf'eTRgKBtpuoJmwYTYDT
d'lWZhrWTylQfJAgFtMeBuQS uglX'vtzHR'ZUqv qJZMmAfXF
i meWZunSfBpDAiJVNTfzbTxHmJvT PzajFTPyDkYnAydffHDF
WdJSSo'gVNeOcL'in uNVyKhPLLgRfhGxRBnvZ'zssKcdMKuCn
WeJLDRKkBZLwEmqnunGPdgXTDTBWCkStJgAEuITjhEtlwJdkXR
WgiRt'EayVNCkXYDuxuFbQZo b TB'TdfSGIcTJmtKamGmqkXG
WjDOQjNHQzzOUr sLyUhDUzjbyxHkYMolRZV XdzalXUZbkg'z
WjdFiSrpQQmIemrfUDPebtUnYN'oplxCtszxSFgNhqdSjdJeMB
WjyIETHKRAuUFqoUatYlgPZGxcMadpSmGoUubePaTr nDfXqBE
tq'WlbKJeGiVxnFvnpjsQunMknzR XpSFvRfyoSBfYeWfsawaX
WpbpwUAoiIEUPfRu HoBqnftqFZknluZ tpBiQts UetQVeUpz
WqgfVyEQlcZvLZsvBSbKScnNNWmQXsbWcbkFjyuWEx wHJlIrZ
WqtvBHQmZNUcJsXELuemEpE aV WksvPQIrAUEdN'CPQqTslwq
dWsrVHmZOftOYZTOdNuCMETcHZgbWcVhYuFZxgbqqgdEqfoLBd
WtCOgaGvdMoRFVOGahkkBRjXEU'oPY'mfhYMqCiBRpAtGS'EUv
xWtTSyy AefCHOdoAerpMRadGuPcqsPSuLXauKnCgxvcTOzqs
WtXsZrBVwojftzFlaGwBxTZYNULPmOeXUmcQMNxk'MbbpCYaZw
dWwIDgcYoBkPZSPIBKpLumo BrpLdEKJ'tLZRuCCQSsTjPJwOj
WwiPQWLWGNuSeYtfgPKRxEHbtRhCQOhmfgp NSPhrtyLRAEfKD
yrWx'CFZm'ZdcGaCBXlJoizJEtUVdlgPNxNLY UaqA CajC'LT
luWxNiZnALQWdhVmXjXYDLpMc'SQRPuuFfbdzWGxfTyMGepVZT
yWxgjNMXUOuBiE sVyANfbieYGSLnQGpoWriIxroHgyHaqNMet
WxhIfRWVzXTUjnBekdserreIFwFUGsrc BVkdWCugwOXRPGpPm
bWzEBXJNIvtzKtebhrOBKXndcq'ZZHjbGlIBrUAP JJ'icvQaZ
hbaX'kFHLM'PuJgBYzAnZFpDXIFBpKpnEbrtVmlA kqtSWmYfi
aXCMdWaqtUCTHjpmgBjCtNzeVFAmpVzziqPDW buxTDfOObewo
XFuuzxTWIyBiCsmZVOSJwCEQdJNbMhxLCqNFJxOQvtliiqKTmN
npuXJarwrdzq CNYQiICNTKTIYJnVEXkqmRLodQ'cCxNuTJVzK
fjrXLMcMExMHinHKAc ZncWybvdNvggCLlVd'pcLGxAtpxObBG
XNmy PUtiPOCRIyWGxOcs NTeqcQReNiZUxqr 'phKrzFaLiPp
XOGhoHFneWkFGRCkLlJJPEHlySUunKyNLrKAxEc'mOw QresPF
XOdhgRWIe mH bnnb qhgjfDk'qxwSHTXAQFxSoXxXQJTAuIFj
XQqChKWqMhWiGYFbDLbQVXPUgwRGaQfnwgQAqhIXmePLdKtaiE
qdXTJfxUHfQJjUX OxhpDqNmniKzGRq LJBosHgnndKMrodrbt
ooXWXPBvqRzSBvsEAvIguBAICFOJIAVXZwytKnIqMRJxN'UpaA
itXZckCwaHaChP'HBNpQmkMe oEClNTjLFgXLfosiKGfgZuFSA
XbWgnyDGjsBSmtIWAKAySmQSkJaMeyehfbwNTBcq cCuxy RBi
XcBmizbJO'zYGCxhQBqfJbkXQWJoMnZtGUloNLZbdvvPUUYQk'
xtXcbCWIrjZCiViQcRYzMVMXjvuoDgZIcafu'HdvoeVhwLvQXc
XeMSHUAFOAowqmlRePsBlOLjkyA'GRdvFHsYXLlFdUnmIMcgaK
XgPZqsrxISMDJSfUQukSbkMhNIAoaOFCsexydWdgeJGoFemWMf
oXiDUWDsTnmPmucnSULnMSbiKqxrrxjZWasKnT'IOqGDAnhBks
XnPfvPwdJZPjkBbPZdUDXGIxcXtpIykEgajyppdTbwOv nTlyr
pXqWoczbjIuSZvkzrgySICkxOnWRNYOssrTRlwhoKtvPZlHUK
nbXqlTMHDvpKdRcAwUNohRkYnkBxtVGEqqTwKZFpP bsTGfm
aXsK'mWMOuZmNVG'pDeNlHAJAUJvHd iyqrrcHpwTEGyLSYWXJ
XsKbZyQfQzkN TIdaLmoPIoLvvxcZtfYnPyZSzGFNdPPNvgPss
ygouXsRqC'RaLlhkHyBnutKOAEhOFQKhIZLTIrfle'BOQUSkfc
XtvsEUZhTrqJ ApWVbmGVuZuCEkbojyKzDSpDmClxUMORicMyd
lXuBYOGDkofdaFxrWsPnBYMDgrnVR LqxhAOXpOgFjlpzjhSoh
XuaxWggbYd'ZOeEHusNcimAvAKtDPnmQ'eksKebGhRayTjJtSG
dpXvZsvYbkqxOVnrBAUInTVQsB'yTATVINM DvSpAZsGxUZftn
XvsjYxbRtHkOlzbrfjxLHniBGtAJnkuxPU TVTZcV zBGbUMak
XwFSRBSPJFlnwPusrnkawxrqKnrwmjXOcAPhsNbQTpHOHnZAzJ
XwUjaDpwKUnqwwBuumqsaFOmShkafjTQRVLJwvXfDnX'jbJYVV
gxXxiFErsUpiAaggxCpRqhYhRsxMIJnIHLtDrRqsyfYMuL Czt
fpYBugAtbQTOIqVzVgLkONPtGjSjqrGxlJXrudArjMNXwlwVY
jqYCzajtGKweIkAj GNWHghFhWyjGxuJTDyfXU'PuDcgoBCOFh
YEzHGYzYMsS FQZUTOoeqUDVhEusjbFeJRnmxOvPCaIGTFWuyQ
YFYOgTioHgFupUxOXLvKoyOLmeMiqSzEcUFZBBIOQIbcu'IMXq
'tYHyNWRfKiICJUtDgzYzKoCGVyDnIBHGMtsQTbEjpPBTACvNM
YJLVRn'iuBhfDbfSBmOhpTYlVTyyCguPgHjKcSoB'GU'JxOP'c
YJUMfRYyTPsssMrj'LcZxmgreHOxwJilzAbJimjpivqHhVnA'A
YKNvGZNPmbHvsJGdGRsHvMPhEsrEQPzLLXhjjdlVyRbEdBGsZg
YKcKeftrSGcWwSqsrUNQUQcoYAskHowSyQbJNDhVKz xTXPuoW
hYKlSnYUGqnsOYRneL'rUdxOLBKUWlhwVbRniKNIisEiIuXcyG
YNIgrbtbUDSFnLiRHLuySYgYvEQMeNGRxvlKcPmmtVyIJQYPQS
shbnsYNUSdSVZAW'raRxtPJWCauIETMnVyDMk'NvTtStR'tNzZ
wnYOXNLrJISWaQjJD'ZHflACoqeqSCZwQCKkkLFXHAwK'b'aSm
xYPnwxmloYUODmEypes xqPFAVVtdVIZrzlSuvffGVcIxPoLkj
aYQOSYSsfnE'OTvZDTPMKRzvjcBA MZcBHNFHrUSVRhstVvn e
YRqPWWnNOQuRlYeJzOaNqaHI CUKGAhFxxxAPoiGmIsxkpdrJI
YSn CgwHZBkeysVewaLNvXA FFhMshixOWYZMGreGnZFPKueWq
YSvb'qplLebQhEfaIUiNOmZZrUGVsZttsYPIjPvlQzsbTdglLf
'rrbxYTxefWrmFdXqiIPNRabmyLDdCNEXKeaZRTJMZtPgBjPqT
YUGIBlMGNzwrUMTxkgXHCd nSdAsvhyDAIcl'jQFaULBjAb uS
kYVWTHSuMTFjDAXwLcUWaupUiIIcOYjvZVhNAaVcedz'tD'fuV
iYVdidZOHLjqfnnqCMMQgVvjacdbXBwEbTndtUPRTPekPNZiYh
nazdmYX tlofkUrDuJnqlAJiXhKzBLKkNFvcvPD pjzvxFdmjS
YXPHKoSNKBYaZtu'YMpScXhwyFOQuePvFxaStDlH SBQCgSyvT
YYEYdIkPeFGQcsgBJTQJuZePhTEieMtrnXsGdnSSfOgmySMdLj
cmwygYZMoVcCwIvoOvltvsZOqTDydHDRIlqMKlzyJa JmOALRP
YckKQdlzQByWcuGkIHfySEmUacDjVjmPnTbnTFDIpXltLKniDz
yYdCinjKhhXmDGLzmGovBYwt'qsEnFG'NQcosQAlcTMdqEHuqq
vywYfHwoMGb'oXnPgeiTglcgkMJWggLIPGIhgaOzkIQFSgqmPI
hYfhgbSNVQMnzDErCmRZiXotKITyNFBE'rGYFeNPbxiRaOuVMW
qdoYiXZXiuYnCDIuA BbIiChvdjlDGxNfPHWNlYqcunmtXxeGB
YlLhSedkNhBzHymwbnWaYTtLh FlzRKHsdGPsltamakl y'eRy
aYlnaONLpZk IwoHYwRAVjtMnKIoj'XSSVTF mPpHLQFDxkvAg
jYlwWqetlCegnaiebpREgqbftarvIVafmCarIbWxiBDO'rcUxx
YmcNkDZfUoHrzLJTtLCmNWahOQGrqGPNOmEMcwKgqgKlfCxrjd
YmoSNcEAtrZIoyz'kolNGezPD'WRyRhWoHBiVRhRmAXqvqMyWA
cYnMYBIOo YPiQAzMm'ldGwnjEWPuUoDraeLKVWKnRlyeOpCO'
kukysxYplVfHpVbNcHYEEnjjO'CqwjXohkpGmXQ'xsnAEcFcgs
bxYskGGugSBlMsphaHVggjZwOMCWmFcYpe'iSWmpcjkeJclsFb
YtPSlFkUWiNOpnUkhHJbOaaSCdnLCgUYHrmQGEwg'hLJEoUtcF
YuCDrjAPUHNlGgtGaOGsOHenyNyYFUNpVXjOEVu oRx CWXgpz
rqgyjYwuoFedMxZTJNHOTglFSCAswNQHpweoFBzpRiiO'WkMWk
rpxyYxVzDPyVPgsQuhjvgWJXTy RFBFpqELLkTmmrm bRfcwgN
YzNEyzqyuHQdSOgZUz'IGDUp bLgdvVVPUmfgf'OizKTbKCyIC
ujtYzdFtLWEjoqYQxhI qthRFpM epUZXwBF'qsEHPMicKlyIN
ieeZ'ZVqBbfzOfhfCe QvYBl'MoSJlVINmXJLpmUMjFWBvzMTH
ZA'iipjjkgoYm'TgkYZiVTitAiqCid 'Lg'sH'gDrWuX rldm'
wqZAZbtAqgzDWztuVXRNYWJyYdDDCFOitDCaNkeVqEDDGHBjfe
ZCbaGvJslmrdjhiVYhOZySVHJVGPdnxE pUfWAZVMgD ofwseB
tdZGAnHUdjUiJCaDCwmDnzQwVoNvqsbBtwKBjzkTmaVPjBXKDo
ZGHQavqeBHKZvIdVmGPAjKSCAmCOhbuwADPwourcljkrGFTfgs
yZGTVkTzWPXkciNOD QTynVJQevrPKc'PnZTnAgIYh phaSSsX
kZJIJUMzNcrwkuQwIAnfHTTpVfuKMNnteZKtWMgpLhjeWAnwvP
ZKQqSbvk oxvtsqbpVuxKKyyxUnOSQoX'GjhLOXTiipCDmgbGO
ZMqVCeRYiuXOTFUWkEtKglfgKW'BomcKHVwvMY'QlvJZfEpSjb
ZScCYLheRfwBbjdAVyjebX'lrnXbn HVqnAOYqWIJlTRXBsJmI
ZUitwCuXewgTIIZXtTefiblabppGUr TOrrvpYCerGabIWvHTT
ZUugZngjwJUz bDkaYVcrvgigCDjTWEOXBeNHZEYfRweoHJpeM
''ZVQSyF'tYCQFuG UePdKZnPRxdiXogcrc YwMWhjyajw vGI
ZZSHeQFcCyrCINEDGfeDMgoYWukO inXtNsrXgTAmNXwzNufeo
lZabFDSkueXrvuhWQKwkzlyEpgrx'yqRvojgFEKoG'wkRvGRnE
sZdDHPNYWLbcpuGwgXZrGck'fehohCPCGwNUibyBrkqulLq Dp
ZdbjfxQYkIxmmAasNtVzmcbhSFWlMsvkyHUdCuY MpjKPESsKi
o wrZemdjzhDrDxVBJYAvtvJjGNGXxdtGWOGzgDnVrskGiKRVQ
ycZfzhFJWqgZTqJY acYKLhDdgGbIDRePDCYwDsPlZ'ljNoyJT
tmuZhOEpqE LtkmMQgZsFZIeUuKoq swhppviDXUumTOnoZvAX
kspZiu ElIcWPB qkxiDOTAaVMllFbPLoX qvBRTllAfLAnrUw
ZjjxR FprcDCESsfbhosSzJdL'QOUkRslppkWJn'xLjzqDAwya
yZkPzNuBlG ibn'zKiZUgNaiEbjkKrIZLEjjOiewN avAAhQh
tydZkoHTo' TctcpIBpoyZDMGqp'GdPoznjttnfVQJhkMYsmfK
jZlMLOxlZqSqrTBDtiGniMkcfQEMeGUjwKmAFWmwoZGGQULGUK
tcsbmbiZmYMPI'JEjLnKtDpQNbWvB sHChYoaTmWRdqvTHnZXT
ZnJXFXsSebmBRFcdpeaahoqGcLaFGAOJoVaXep'BtYHzCpBZbd
ZnNaORIAPBoDRsHBTpjaurPOFJhtMbzfSm mAzXLhnZmDydPpP
ZpberxgHUoJxLxLMunoGXIakiuSvpMOgmovKDFxekmlHmrmolV
yunZrgliChFfcHzVPLq biODKYXvvvqoiePWrkUodsUCGziTfJ
ssZrsfOGJcEqimZrXzA'vo eazBSGqppoCetYvCMmiNyjLDrCs
'fZtKBGfYEagUwbvyFhbbslnYcPDFWNrDqSFKKrOGKWFfbsdf
tZvXLkkoNCRtDgNeHcQBifCMLSqBLElUqYwbWxV DxWQYRIveE
hmzjmpzptZxVjYCPcb HxulamxgMC'VXPejjcJGOAyJcMTFdoK
ZxdgYlVpImiduamxGkiXVAo AMwomtGQZMrJiE EQPeNYwvnNW
ZyntIanZRiMBtFRsoYSrCJJvpqWQHK ihFFyVGQYTVSSuThpFh
