Aaaaaaaaaaaaaaaaaaaaaaaaaaaaaaaaaaaaaaabaa
Aaaaaaaaaaaaaaaaaaaaaaaaaaaaaaaaaaaaabaaaa
Aaaaaaaaaaaaaaaaaaaaaaaaaaaaaaaaaaaabaaaaa
Aaaaaaaaaaaaaaaaaaaaaaaaaaaaaaaaaaabaaaaaa
Aaaaaaaaaaaaaaaaaaaaaaaaaaaaaaaaaaababaaaa
Aaaaaaaaaaaaaaaaaaaaaaaaaaaaaaaaabaaaaaaba
Aaaaaaaaaaaaaaaaaaaaaaaaaaaaaaaabaaaaaaaba
Aaaaaaaaaaaaaaaaaaaaaaaaaaaaaaabbbaaaaaaaa
Aaaaaaaaaaaaaaaaaaaaaaaaaaabaaaaaaaaaaaaaa
Aaaaaaaaaaaaaaaaaaaaaaaaaabaabaaaaaaaaaaaa
Aaaaaaaaaaaaaaaaaaaaaaaaabaaaaaaaaaaaaaaaa
Aaaaaaaaaaaaaaaaaaaaaaaaabbaaaaaaaaaaaabaa
Aaaaaaaaaaaaaaaaaaaaaaaabaaaaaaaaaaaaaaaaa
Aaaaaaaaaaaaaaaaaaaaaaaabaaaaaaaaaaabaabaa
Aaaaaaaaaaaaaaaaaaaaaaaabaaaaaabaaabaaaaaa
Aaaaaaaaaaaaaaaaaaaaaaaabaaabaabaabaaaaaaa
Aaaaaaaaaaaaaaaaaaaaaaabaaaaaaabaaaaaaaaaa
Aaaaaaaaaaaaaaaaaaaaababbaaaaaaaaaaaaaaaaa
Aaaaaaaaaaaaaaaaaaaabaaaaaaaaaaaaaaaaaaaaa
Aaaaaaaaaaaaaaaaaaaabaaaaaaaaaaabaaaaaabba
Aaaaaaaaaaaaaaaaaaaabaaaaaaaabaaaaaaaaaaaa
Aaaaaaaaaaaaaaaaaaaabaaaaaababaaaaabaaaaaa
Aaaaaaaaaaaaaaaaaaabaaaaaaaaabaaaaaaaaaaaa
Aaaaaaaaaaaaaaaaaabaaaabaaaaaaababbaaaaaaa
Aaaaaaaaaaaaaaaaaabaaabaaaaaaaaaaaaaaaaaab
Aaaaaaaaaaaaaaaaabaaaaaaaaaaaaaaaaaaaaaaaa
Aaaaaaaaaaaaaaaaabaabaabaaaaaaaaaaaaaaaaaa
Aaaaaaaaaaaaaaaaababbaaaaaaaaaaaaaaaaabaaa
Aaaaaaaaaaaaaaaabaaaaaaaaaaaaaaaababaaaaaa
Aaaaaaaaaaaaaaaabaaaababaaaabaaaabaaaaaaaa
Aaaaaaaaaaaaaaaabaababaaaaaaaabaaaaabaaaaa
Aaaaaaaaaaaaaaaabbaaaaaaaaaaaaaaaaaaaaaaaa
Aaaaaaaaaaaaaaabaaaaaaaaaaaaaaaaaaaaaaaaaa
Aaaaaaaaaaaaaaabaaaaaaaaaaaaabaaaaaaaababa
Aaaaaaaaaaaaaaabaaaaaaabaaaaaaaaaaaaaaaaaa
Aaaaaaaaaaaaaaabaabaaabaabaaaaaaaaaaaaaaaa
Aaaaaaaaaaaaaabaaaaaaaaaaaaaaaaaaaaaaaaaab
Aaaaaaaaaaaaaabaaaaaaaabaaaaaaaaaaaaaaaaaa
Aaaaaaaaaaaaabaaaaaaaaaaaaaaaaaaaaaaaaaaaa
Aaaaaaaaaaaaabaaaaaaaaaaabaaaababaaaaaaaaa
Aaaaaaaaaaaaabaaaaaaaaabaaaaaaaaaaaabaaaaa
Aaaaaaaaaaaaababaaaaaaaaaaaaaaaaaaaaaaaaaa
Aaaaaaaaaaaaabbaaaaaaaaaaabaaaaaaaaaaaaaaa
Aaaaaaaaaaaaabbaaaaaaabaaaaaaaaabaaaaaaaaa
Aaaaaaaaaaaabaababaaaaaaaaaaaaaaaaaaaaaaaa
Aaaaaaaaaaabaaaaaaaaaaaaaabaaaaaaaaaaaaaaa
Aaaaaaaaaaabaababaaaabaaaaaaaaaabaaaaaaaaa
Aaaaaaaaaabaaaaaaaaaaaaaaaaaaaaaaaaaaaaaaa
Aaaaaaaaaabaaaaaaaaaaaaaaaaaaaaaaaabaabaaa
Aaaaaaaaaabaaaaaaaaaaaabaaaaaaaaaaaabaaaaa
Aaaaaaaaaabaaaababaaaaaaaaaabaaaaaaaaaaaaa
Aaaaaaaaabaaaaaaaaaaaaaaaaaaaaaaaaaaaaaaab
Aaaaaaaaabaaaaaaaaaaaaaaaaaaaaabaaaaaaaaaa
Aaaaaaaaabaaaaaaaaaaaaaaaaaaabaaaaaaaabaaa
Aaaaaaaaabaaaaaaaaaaabaaaaaaaaaaaaaaaaaaaa
Aaaaaaaaabaaaaaaaaabaaaaaaabaaaaaaaaaaaaaa
Aaaaaaaaabaaaaabaaaaaaabaaaaaaaaabaaaaaaaa
Aaaaaaaaabaaaabaaaaaaaaaaaaaaaaaaaaaaaaaaa
Aaaaaaaaabaabaaaaaaaaaaaaaaaaaaaaaaaaaaaaa
Aaaaaaaabaaaaaaaaaaaaaaaaaaaaaaaabaaaabaaa
Aaaaaaaabaaaaaaaaaaaaaaaaaaaaaaabaaaaaaaaa
Aaaaaaaabaaaaaaaaaaaaaabaaabaaaaaaaaaaabaa
Aaaaaaaabaaaaaabaaaaaaabaaaaaaaaaaaaaaaaaa
Aaaaaaaabaaabaaaaaaaaaaaaaaaaabaaaabaaaaaa
Aaaaaaabaaaaaaaaaaaaaaaaaaaaabbbaaaaaaaaaa
Aaaaaaabaaaaabaaaaaaaaaaaabaaaaaaaaaaaaaaa
Aaaaaaababaaaaaaaaaaaaaaaaaaaaaabaaaaaabaa
Aaaaaaabbaaabaaaaaaaaabaaaabaaaaaaaaaaaaaa
Aaaaaabaaaaaaaaaaaaaaaaabaaaaaaaaabaaaaaaa
Aaaaaabaaaaaaaaaaaaaaabaaaaaaabaaaaaaaaaaa
Aaaaaabaaaaaaaabaaaaaaaaaabaaaaabaaaaaaaaa
Aaaaaabbaaaaaaabaaaaaaaaaaaaaaaaaaaaaabaaa
Aaaaabaaaaaaaaaaaaaaaaaaaaaaaaaaaabaabaaaa
Aaaaabaaaaaaaaaaaaaaaaabaaaaaabaaaaaaaaaaa
Aaaaabaaaaaaaaaaabaaaaaaaaaaaaaaaaaaaaaaaa
Aaaaabaaaaaaaaaabaaaaaaaaaaaaaaaaaaaaaaaaa
Aaaaabaaaaaaaaabaaaaaaaaaaaaaaabaaaaaaaaba
Aaaaababaaaaaaaaaaaaaaaaaaaabaaaaaaaaaaaaa
Aaaaabbaaaaaaaaaaaaaaaaaaaaaaaaaaaaaaaabaa
Aaaabaaaaaaaaaaaaaaaaaaaaaaaaaaaaaaaaaaaba
Aaaabaaaaaaaaaaaaaaaaaaaaaaaaaaabaaabaaaaa
Aaaabaaaaaaaaaaaabaaaaaaaaaaaaaaaaaaaaaaba
Aaabaaaaaaaaaaaaaaaaaaaabaaaaabaaaababaaaa
Aaabaaaaaaaaaaaaaabaaaaaaaabbaaaaaabaaaaaa
Aaabaaaaaaaaaaabaaaaaabaaaaaaaaaaaaaaaaaaa
Aaabaaaaaaaaaaabaaabaaaaaaaaaaaaaaaaaaaaaa
Aabaaaaaaaaaaaaaaaaaaaaaaaaaaaaaaaaaaaaaba
Aabaaaaaaaaaaaaaaaaaaaaaaaaaaaaaaaabaaaaaa
Aabaaaaaaaaaaaaaaaaaaaaaabbaaaabaaaaabaaaa
Aabaaaabaaaaaaaaaabaaaaaaaaaaaaaaaaaaaaaaa
Aabbaaaaaaaaaaaaaabaaababaaaaaaaaaaaaaaaaa
Abaaaaaaaaaaaaaaaaaaaaaaaaaaaaaaaaaaaaaaaa
Abaaaaaaaaaaaaaaaaaaaaaaaaaaaaaaaaaabaaaaa
Abaaaaaaaaaaaaaaaaaaaaaaaaaaaabaaaaaaaaaaa
Abaaaaaaaaaaaaaaaaaaaaaaaaabaaaaaaaaaaaaaa
Abaaaaaaaaaaaaaaaaaabaaaaaaaaaabaaaaaaaaaa
Abaaaaabaaaaaabaaaaabaaaaaaaaaaaaaaaaaaaaa
Abaaaabaaaaaaaaaaaaaaaaaaabaaaaaaaaaaabaaa
Abaabaaaaaaaaaaaaaaaaaabaaaaaaaaabaaaaaaaa
Ababaaaaaaaaaaaaaaaabaaaabaaaaaaaaaaaaaaaa
