yes
NNNUUNNNUUNNNUUNNNUUNNNUUNNNUUNNNUUNNNUUNNNUUNNNUUNNNUUNNNUUNNNUUNNNUUNNNUUNNNUUNNNUUNNNUULLLL
LLNNULLNNULLNNULLNNULLNNULLNNULLNNULLNNULLNNULLNNULLNNULLNNULLNNULLNNULLNNULLNNULLNNULLNNULVVV
LVZUULVZUULVZUULVZUULVZUULVZUULVZUULVZUULVZUULVZUULVZUULVZUULVZUULVZUULVZUULVZUULVZUULVZUUPPPV
LVZZZLVZZZLVZZZLVZZZLVZZZLVZZZLVZZZLVZZZLVZZZLVZZZLVZZZLVZZZLVZZZLVZZZLVZZZLVZZZLVZZZLVZZZPPYV
LVVVZLVVVZLVVVZLVVVZLVVVZLVVVZLVVVZLVVVZLVVVZLVVVZLVVVZLVVVZLVVVZLVVVZLVVVZLVVVZLVVVZLVVVZYYYY
NNNUUNNNUUNNNUUNNNUUNNNUUNNNUUNNNUUNNNUUNNNUUNNNUUNNNUUNNNUUNNNUUNNNUUNNNUUNNNUUNNNUUNNNUULLLL
LLNNULLNNULLNNULLNNULLNNULLNNULLNNULLNNULLNNULLNNULLNNULLNNULLNNULLNNULLNNULLNNULLNNULLNNULVVV
LVZUULVZUULVZUULVZUULVZUULVZUULVZUULVZUULVZUULVZUULVZUULVZUULVZUULVZUULVZUULVZUULVZUULVZUUPPPV
LVZZZLVZZZLVZZZLVZZZLVZZZLVZZZLVZZZLVZZZLVZZZLVZZZLVZZZLVZZZLVZZZLVZZZLVZZZLVZZZLVZZZLVZZZPPYV
LVVVZLVVVZLVVVZLVVVZLVVVZLVVVZLVVVZLVVVZLVVVZLVVVZLVVVZLVVVZLVVVZLVVVZLVVVZLVVVZLVVVZLVVVZYYYY
