yes
NNNUUNNNUUNNNUUNNNUUNNNUUNNNUUNNNUUNNNUUNNNUUNNNUUNNNUUNNNUU
LLNNULLNNULLNNULLNNULLNNULLNNULLNNULLNNULLNNULLNNULLNNULLNNU
LVZUULVZUULVZUULVZUULVZUULVZUULVZUULVZUULVZUULVZUULVZUULVZUU
LVZZZLVZZZLVZZZLVZZZLVZZZLVZZZLVZZZLVZZZLVZZZLVZZZLVZZZLVZZZ
LVVVZLVVVZLVVVZLVVVZLVVVZLVVVZLVVVZLVVVZLVVVZLVVVZLVVVZLVVVZ
NNNUUNNNUUNNNUUNNNUUNNNUUNNNUUNNNUUNNNUUNNNUUNNNUUNNNUUNNNUU
LLNNULLNNULLNNULLNNULLNNULLNNULLNNULLNNULLNNULLNNULLNNULLNNU
LVZUULVZUULVZUULVZUULVZUULVZUULVZUULVZUULVZUULVZUULVZUULVZUU
LVZZZLVZZZLVZZZLVZZZLVZZZLVZZZLVZZZLVZZZLVZZZLVZZZLVZZZLVZZZ
LVVVZLVVVZLVVVZLVVVZLVVVZLVVVZLVVVZLVVVZLVVVZLVVVZLVVVZLVVVZ
NNNUUNNNUUNNNUUNNNUUNNNUUNNNUUNNNUUNNNUUNNNUUNNNUUNNNUUNNNUU
LLNNULLNNULLNNULLNNULLNNULLNNULLNNULLNNULLNNULLNNULLNNULLNNU
LVZUULVZUULVZUULVZUULVZUULVZUULVZUULVZUULVZUULVZUULVZUULVZUU
LVZZZLVZZZLVZZZLVZZZLVZZZLVZZZLVZZZLVZZZLVZZZLVZZZLVZZZLVZZZ
LVVVZLVVVZLVVVZLVVVZLVVVZLVVVZLVVVZLVVVZLVVVZLVVVZLVVVZLVVVZ
NNNUUNNNUUNNNUUNNNUUNNNUUNNNUUNNNUUNNNUUNNNUUNNNUUNNNUUNNNUU
LLNNULLNNULLNNULLNNULLNNULLNNULLNNULLNNULLNNULLNNULLNNULLNNU
LVZUULVZUULVZUULVZUULVZUULVZUULVZUULVZUULVZUULVZUULVZUULVZUU
LVZZZLVZZZLVZZZLVZZZLVZZZLVZZZLVZZZLVZZZLVZZZLVZZZLVZZZLVZZZ
LVVVZLVVVZLVVVZLVVVZLVVVZLVVVZLVVVZLVVVZLVVVZLVVVZLVVVZLVVVZ
NNNUUNNNUUNNNUUNNNUUNNNUUNNNUUNNNUUNNNUUNNNUUNNNUUNNNUUNNNUU
LLNNULLNNULLNNULLNNULLNNULLNNULLNNULLNNULLNNULLNNULLNNULLNNU
LVZUULVZUULVZUULVZUULVZUULVZUULVZUULVZUULVZUULVZUULVZUULVZUU
LVZZZLVZZZLVZZZLVZZZLVZZZLVZZZLVZZZLVZZZLVZZZLVZZZLVZZZLVZZZ
LVVVZLVVVZLVVVZLVVVZLVVVZLVVVZLVVVZLVVVZLVVVZLVVVZLVVVZLVVVZ
NNNUUNNNUUNNNUUNNNUUNNNUUNNNUUNNNUUNNNUUNNNUUNNNUUNNNUUNNNUU
LLNNULLNNULLNNULLNNULLNNULLNNULLNNULLNNULLNNULLNNULLNNULLNNU
LVZUULVZUULVZUULVZUULVZUULVZUULVZUULVZUULVZUULVZUULVZUULVZUU
LVZZZLVZZZLVZZZLVZZZLVZZZLVZZZLVZZZLVZZZLVZZZLVZZZLVZZZLVZZZ
LVVVZLVVVZLVVVZLVVVZLVVVZLVVVZLVVVZLVVVZLVVVZLVVVZLVVVZLVVVZ
NNNUUNNNUUNNNUUNNNUUNNNUUNNNUUNNNUUNNNUUNNNUUNNNUUNNNUUNNNUU
LLNNULLNNULLNNULLNNULLNNULLNNULLNNULLNNULLNNULLNNULLNNULLNNU
LVZUULVZUULVZUULVZUULVZUULVZUULVZUULVZUULVZUULVZUULVZUULVZUU
LVZZZLVZZZLVZZZLVZZZLVZZZLVZZZLVZZZLVZZZLVZZZLVZZZLVZZZLVZZZ
LVVVZLVVVZLVVVZLVVVZLVVVZLVVVZLVVVZLVVVZLVVVZLVVVZLVVVZLVVVZ
NNNUUNNNUUNNNUUNNNUUNNNUUNNNUUNNNUUNNNUUNNNUUNNNUUNNNUUNNNUU
LLNNULLNNULLNNULLNNULLNNULLNNULLNNULLNNULLNNULLNNULLNNULLNNU
LVZUULVZUULVZUULVZUULVZUULVZUULVZUULVZUULVZUULVZUULVZUULVZUU
LVZZZLVZZZLVZZZLVZZZLVZZZLVZZZLVZZZLVZZZLVZZZLVZZZLVZZZLVZZZ
LVVVZLVVVZLVVVZLVVVZLVVVZLVVVZLVVVZLVVVZLVVVZLVVVZLVVVZLVVVZ
NNNUUNNNUUNNNUUNNNUUNNNUUNNNUUNNNUUNNNUUNNNUUNNNUUNNNUUNNNUU
LLNNULLNNULLNNULLNNULLNNULLNNULLNNULLNNULLNNULLNNULLNNULLNNU
LVZUULVZUULVZUULVZUULVZUULVZUULVZUULVZUULVZUULVZUULVZUULVZUU
LVZZZLVZZZLVZZZLVZZZLVZZZLVZZZLVZZZLVZZZLVZZZLVZZZLVZZZLVZZZ
LVVVZLVVVZLVVVZLVVVZLVVVZLVVVZLVVVZLVVVZLVVVZLVVVZLVVVZLVVVZ
NNNUUNNNUUNNNUUNNNUUNNNUUNNNUUNNNUUNNNUUNNNUUNNNUUNNNUUNNNUU
LLNNULLNNULLNNULLNNULLNNULLNNULLNNULLNNULLNNULLNNULLNNULLNNU
LVZUULVZUULVZUULVZUULVZUULVZUULVZUULVZUULVZUULVZUULVZUULVZUU
LVZZZLVZZZLVZZZLVZZZLVZZZLVZZZLVZZZLVZZZLVZZZLVZZZLVZZZLVZZZ
LVVVZLVVVZLVVVZLVVVZLVVVZLVVVZLVVVZLVVVZLVVVZLVVVZLVVVZLVVVZ
