AAAAAAAABBBBBBBBCCCCCCCC
AAAAAAAABBBBBBBBCCCCCCCC
AAAAAAAABBBBBBBBCCCCCCCC
AAAAAAAABBBBBBBBCCCCCCCC
AAAAAAAABBBBBBBBCCCCCCCC
AAAAAAAABBBBBBBBCCCCCCCC
AAAAAAAABBBBBBBBCCCCCCCC
DDDDDDDDEEEEEEEEFFFFFFFF
DDDDDDDDEEEEEEEEFFFFFFFF
DDDDDDDDEEEEEEEEFFFFFFFF
DDDDDDDDEEEEEEEEFFFFFFFF
DDDDDDDDEEEEEEEEFFFFFFFF
DDDDDDDDEEEEEEEEFFFFFFFF
DDDDDDDDEEEEEEEEFFFFFFFF
GGGGGGGGHHHHHHHHIIIIIIII
GGGGGGGGHHHHHHHHIIIIIIII
GGGGGGGGHHHHHHHHIIIIIIII
GGGGGGGGHHHHHHHHIIIIIIII
GGGGGGGGHHHHHHHHIIIIIIII
GGGGGGGGHHHHHHHHIIIIIIII
GGGGGGGGHHHHHHHHIIIIIIII
JJJJJJJJKKKKKKKKLLLLLLLL
JJJJJJJJKKKKKKKKLLLLLLLL
JJJJJJJJKKKKKKKKLLLLLLLL
JJJJJJJJKKKKKKKKLLLLLLLL
JJJJJJJJKKKKKKKKLLLLLLLL
JJJJJJJJKKKKKKKKLLLLLLLL
JJJJJJJJKKKKKKKKLLLLLLLL
MMMMMMMMNNNNNNNNOOOOOOOO
MMMMMMMMNNNNNNNNOOOOOOOO
MMMMMMMMNNNNNNNNOOOOOOOO
MMMMMMMMNNNNNNNNOOOOOOOO
MMMMMMMMNNNNNNNNOOOOOOOO
MMMMMMMMNNNNNNNNOOOOOOOO
MMMMMMMMNNNNNNNNOOOOOOOO
PPPPPPPPQQQQQQQQRRRRRRRR
PPPPPPPPQQQQQQQQRRRRRRRR
PPPPPPPPQQQQQQQQRRRRRRRR
PPPPPPPPQQQQQQQQRRRRRRRR
PPPPPPPPQQQQQQQQRRRRRRRR
PPPPPPPPQQQQQQQQRRRRRRRR
PPPPPPPPQQQQQQQQRRRRRRRR
